Component: ARM Compiler 5.06 update 5 (build 528) Tool: armlink [4d35e2]

==============================================================================

Section Cross References

    startup_stm32f407xx.o(RESET) refers to startup_stm32f407xx.o(STACK) for __initial_sp
    startup_stm32f407xx.o(RESET) refers to startup_stm32f407xx.o(.text) for Reset_Handler
    startup_stm32f407xx.o(RESET) refers to stm32f4xx_it.o(i.SVC_Handler) for SVC_Handler
    startup_stm32f407xx.o(RESET) refers to stm32f4xx_it.o(i.PendSV_Handler) for PendSV_Handler
    startup_stm32f407xx.o(RESET) refers to stm32f4xx_it.o(i.SysTick_Handler) for SysTick_Handler
    startup_stm32f407xx.o(RESET) refers to stm32f4xx_it.o(i.EXTI0_IRQHandler) for EXTI0_IRQHandler
    startup_stm32f407xx.o(RESET) refers to stm32f4xx_it.o(i.ADC_IRQHandler) for ADC_IRQHandler
    startup_stm32f407xx.o(RESET) refers to stm32f4xx_it.o(i.UART5_IRQHandler) for UART5_IRQHandler
    startup_stm32f407xx.o(.text) refers to system_stm32f4xx.o(i.SystemInit) for SystemInit
    startup_stm32f407xx.o(.text) refers to entry.o(.ARM.Collect$$$$00000000) for __main
    system_stm32f4xx.o(i.SystemCoreClockUpdate) refers to system_stm32f4xx.o(.data) for .data
    system_stm32f4xx.o(i.SystemCoreClockUpdate) refers to system_stm32f4xx.o(.constdata) for .constdata
    stm32f4xx_it.o(i.ADC_IRQHandler) refers to stm32f4xx_hal_adc.o(i.HAL_ADC_IRQHandler) for HAL_ADC_IRQHandler
    stm32f4xx_it.o(i.ADC_IRQHandler) refers to main.o(.bss) for hadc1
    stm32f4xx_it.o(i.EXTI0_IRQHandler) refers to stm32f4xx_hal_gpio.o(i.HAL_GPIO_EXTI_IRQHandler) for HAL_GPIO_EXTI_IRQHandler
    stm32f4xx_it.o(i.SysTick_Handler) refers to stm32f4xx_hal.o(i.HAL_IncTick) for HAL_IncTick
    stm32f4xx_it.o(i.SysTick_Handler) refers to stm32f4xx_hal_cortex.o(i.HAL_SYSTICK_IRQHandler) for HAL_SYSTICK_IRQHandler
    stm32f4xx_it.o(i.SysTick_Handler) refers to main.o(.data) for tapTimerDetect
    stm32f4xx_it.o(i.UART5_IRQHandler) refers to stm32f4xx_hal_uart.o(i.HAL_UART_IRQHandler) for HAL_UART_IRQHandler
    stm32f4xx_it.o(i.UART5_IRQHandler) refers to stm32f4xx_hal_uart.o(i.HAL_UART_GetState) for HAL_UART_GetState
    stm32f4xx_it.o(i.UART5_IRQHandler) refers to main.o(.bss) for huart5
    stm32f4xx_it.o(i.UART5_IRQHandler) refers to stm32f4xx_it.o(.bss) for .bss
    stm32f4xx_it.o(i.UART5_IRQHandler) refers to stm32f4xx_it.o(.data) for .data
    stm32f4xx_hal_msp.o(i.HAL_ADC_MspDeInit) refers to stm32f4xx_hal_gpio.o(i.HAL_GPIO_DeInit) for HAL_GPIO_DeInit
    stm32f4xx_hal_msp.o(i.HAL_ADC_MspDeInit) refers to stm32f4xx_hal_cortex.o(i.HAL_NVIC_DisableIRQ) for HAL_NVIC_DisableIRQ
    stm32f4xx_hal_msp.o(i.HAL_ADC_MspInit) refers to stm32f4xx_hal_gpio.o(i.HAL_GPIO_Init) for HAL_GPIO_Init
    stm32f4xx_hal_msp.o(i.HAL_ADC_MspInit) refers to stm32f4xx_hal_cortex.o(i.HAL_NVIC_SetPriority) for HAL_NVIC_SetPriority
    stm32f4xx_hal_msp.o(i.HAL_ADC_MspInit) refers to stm32f4xx_hal_cortex.o(i.HAL_NVIC_EnableIRQ) for HAL_NVIC_EnableIRQ
    stm32f4xx_hal_msp.o(i.HAL_MspInit) refers to stm32f4xx_hal_cortex.o(i.HAL_NVIC_SetPriorityGrouping) for HAL_NVIC_SetPriorityGrouping
    stm32f4xx_hal_msp.o(i.HAL_MspInit) refers to stm32f4xx_hal_cortex.o(i.HAL_NVIC_SetPriority) for HAL_NVIC_SetPriority
    stm32f4xx_hal_msp.o(i.HAL_UART_MspDeInit) refers to stm32f4xx_hal_gpio.o(i.HAL_GPIO_DeInit) for HAL_GPIO_DeInit
    stm32f4xx_hal_msp.o(i.HAL_UART_MspDeInit) refers to stm32f4xx_hal_cortex.o(i.HAL_NVIC_DisableIRQ) for HAL_NVIC_DisableIRQ
    stm32f4xx_hal_msp.o(i.HAL_UART_MspInit) refers to stm32f4xx_hal_gpio.o(i.HAL_GPIO_Init) for HAL_GPIO_Init
    stm32f4xx_hal_msp.o(i.HAL_UART_MspInit) refers to stm32f4xx_hal_cortex.o(i.HAL_NVIC_SetPriority) for HAL_NVIC_SetPriority
    stm32f4xx_hal_msp.o(i.HAL_UART_MspInit) refers to stm32f4xx_hal_cortex.o(i.HAL_NVIC_EnableIRQ) for HAL_NVIC_EnableIRQ
    main.o(i.FIR_C) refers to memcpya.o(.text) for __aeabi_memcpy4
    main.o(i.FIR_C) refers to main.o(.constdata) for .constdata
    main.o(i.FIR_C) refers to main.o(.bss) for .bss
    main.o(i.HAL_ADC_ConvCpltCallback) refers to stm32f4xx_hal_adc.o(i.HAL_ADC_GetValue) for HAL_ADC_GetValue
    main.o(i.HAL_ADC_ConvCpltCallback) refers to main.o(i.FIR_C) for FIR_C
    main.o(i.HAL_ADC_ConvCpltCallback) refers to printfa.o(i.__0printf) for __2printf
    main.o(i.HAL_ADC_ConvCpltCallback) refers to main.o(.data) for .data
    main.o(i.HAL_ADC_ConvCpltCallback) refers to main.o(.bss) for .bss
    main.o(i.MX_ADC1_Init) refers to stm32f4xx_hal_adc.o(i.HAL_ADC_Init) for HAL_ADC_Init
    main.o(i.MX_ADC1_Init) refers to stm32f4xx_hal_adc.o(i.HAL_ADC_ConfigChannel) for HAL_ADC_ConfigChannel
    main.o(i.MX_ADC1_Init) refers to main.o(.bss) for .bss
    main.o(i.MX_GPIO_Init) refers to stm32f4xx_hal_gpio.o(i.HAL_GPIO_WritePin) for HAL_GPIO_WritePin
    main.o(i.MX_GPIO_Init) refers to stm32f4xx_hal_gpio.o(i.HAL_GPIO_Init) for HAL_GPIO_Init
    main.o(i.MX_GPIO_Init) refers to stm32f4xx_hal_cortex.o(i.HAL_NVIC_SetPriority) for HAL_NVIC_SetPriority
[...]
    Removing stm32f4_xx_hal_spi.o(.rrx_text), (6 bytes).
    Removing stm32f4_xx_hal_spi.o(i.HAL_SPI_Abort), (192 bytes).
    Removing stm32f4_xx_hal_spi.o(i.HAL_SPI_AbortCpltCallback), (2 bytes).
    Removing stm32f4_xx_hal_spi.o(i.HAL_SPI_Abort_IT), (232 bytes).
    Removing stm32f4_xx_hal_spi.o(i.HAL_SPI_DMAPause), (38 bytes).
    Removing stm32f4_xx_hal_spi.o(i.HAL_SPI_DMAResume), (38 bytes).
    Removing stm32f4_xx_hal_spi.o(i.HAL_SPI_DMAStop), (40 bytes).
    Removing stm32f4_xx_hal_spi.o(i.HAL_SPI_ErrorCallback), (2 bytes).
    Removing stm32f4_xx_hal_spi.o(i.HAL_SPI_GetError), (4 bytes).
    Removing stm32f4_xx_hal_spi.o(i.HAL_SPI_GetState), (6 bytes).
    Removing stm32f4_xx_hal_spi.o(i.HAL_SPI_IRQHandler), (212 bytes).
    Removing stm32f4_xx_hal_spi.o(i.HAL_SPI_MspInit), (2 bytes).
    Removing stm32f4_xx_hal_spi.o(i.HAL_SPI_Receive), (336 bytes).
    Removing stm32f4_xx_hal_spi.o(i.HAL_SPI_Receive_DMA), (212 bytes).
    Removing stm32f4_xx_hal_spi.o(i.HAL_SPI_Receive_IT), (164 bytes).
    Removing stm32f4_xx_hal_spi.o(i.HAL_SPI_RxCpltCallback), (2 bytes).
    Removing stm32f4_xx_hal_spi.o(i.HAL_SPI_RxHalfCpltCallback), (2 bytes).
    Removing stm32f4_xx_hal_spi.o(i.HAL_SPI_Transmit), (360 bytes).
    Removing stm32f4_xx_hal_spi.o(i.HAL_SPI_TransmitReceive), (472 bytes).
    Removing stm32f4_xx_hal_spi.o(i.HAL_SPI_TransmitReceive_DMA), (264 bytes).
    Removing stm32f4_xx_hal_spi.o(i.HAL_SPI_TransmitReceive_IT), (164 bytes).
    Removing stm32f4_xx_hal_spi.o(i.HAL_SPI_Transmit_DMA), (184 bytes).
    Removing stm32f4_xx_hal_spi.o(i.HAL_SPI_Transmit_IT), (152 bytes).
    Removing stm32f4_xx_hal_spi.o(i.HAL_SPI_TxCpltCallback), (2 bytes).
    Removing stm32f4_xx_hal_spi.o(i.HAL_SPI_TxHalfCpltCallback), (2 bytes).
    Removing stm32f4_xx_hal_spi.o(i.HAL_SPI_TxRxCpltCallback), (2 bytes).
    Removing stm32f4_xx_hal_spi.o(i.HAL_SPI_TxRxHalfCpltCallback), (2 bytes).
    Removing stm32f4_xx_hal_spi.o(i.SPI_2linesRxISR_16BIT), (48 bytes).
    Removing stm32f4_xx_hal_spi.o(i.SPI_2linesRxISR_8BIT), (46 bytes).
    Removing stm32f4_xx_hal_spi.o(i.SPI_2linesTxISR_16BIT), (48 bytes).
    Removing stm32f4_xx_hal_spi.o(i.SPI_2linesTxISR_8BIT), (46 bytes).
    Removing stm32f4_xx_hal_spi.o(i.SPI_AbortRx_ISR), (80 bytes).
    Removing stm32f4_xx_hal_spi.o(i.SPI_AbortTx_ISR), (22 bytes).
    Removing stm32f4_xx_hal_spi.o(i.SPI_CheckFlag_BSY), (32 bytes).
    Removing stm32f4_xx_hal_spi.o(i.SPI_CloseRxTx_ISR), (144 bytes).
    Removing stm32f4_xx_hal_spi.o(i.SPI_CloseRx_ISR), (78 bytes).
    Removing stm32f4_xx_hal_spi.o(i.SPI_CloseTx_ISR), (124 bytes).
    Removing stm32f4_xx_hal_spi.o(i.SPI_DMAAbortOnError), (16 bytes).
    Removing stm32f4_xx_hal_spi.o(i.SPI_DMAError), (34 bytes).
    Removing stm32f4_xx_hal_spi.o(i.SPI_DMAHalfReceiveCplt), (10 bytes).
    Removing stm32f4_xx_hal_spi.o(i.SPI_DMAHalfTransmitCplt), (10 bytes).
    Removing stm32f4_xx_hal_spi.o(i.SPI_DMAHalfTransmitReceiveCplt), (10 bytes).
    Removing stm32f4_xx_hal_spi.o(i.SPI_DMAReceiveCplt), (82 bytes).
    Removing stm32f4_xx_hal_spi.o(i.SPI_DMARxAbortCallback), (70 bytes).
    Removing stm32f4_xx_hal_spi.o(i.SPI_DMATransmitCplt), (90 bytes).
    Removing stm32f4_xx_hal_spi.o(i.SPI_DMATransmitReceiveCplt), (80 bytes).
    Removing stm32f4_xx_hal_spi.o(i.SPI_DMATxAbortCallback), (104 bytes).
    Removing stm32f4_xx_hal_spi.o(i.SPI_RxISR_16BIT), (32 bytes).
    Removing stm32f4_xx_hal_spi.o(i.SPI_RxISR_8BIT), (30 bytes).
    Removing stm32f4_xx_hal_spi.o(i.SPI_TxISR_16BIT), (32 bytes).
    Removing stm32f4_xx_hal_spi.o(i.SPI_TxISR_8BIT), (30 bytes).
    Removing stm32f4_xx_hal_spi.o(i.SPI_WaitFlagStateUntilTimeout), (150 bytes).
    Removing dneg.o(.text), (6 bytes).
    Removing cdcmple.o(.text), (48 bytes).

466 unused section(s) (total 30579 bytes) removed from the image.

==============================================================================

Image Symbol Table

    Local Symbols

    Symbol Name                              Value     Ov Type        Size  Object(Section)

    ../Drivers/STM32F4xx_HAL_Driver/Src/stm32f4xx_hal.c 0x00000000   Number         0  stm32f4xx_hal.o ABSOLUTE
    ../Drivers/STM32F4xx_HAL_Driver/Src/stm32f4xx_hal_adc.c 0x00000000   Number         0  stm32f4xx_hal_adc.o ABSOLUTE
    ../Drivers/STM32F4xx_HAL_Driver/Src/stm32f4xx_hal_adc_ex.c 0x00000000   Number         0  stm32f4xx_hal_adc_ex.o ABSOLUTE
    ../Drivers/STM32F4xx_HAL_Driver/Src/stm32f4xx_hal_cortex.c 0x00000000   Number         0  stm32f4xx_hal_cortex.o ABSOLUTE
    ../Drivers/STM32F4xx_HAL_Driver/Src/stm32f4xx_hal_dma.c 0x00000000   Number         0  stm32f4xx_hal_dma.o ABSOLUTE
    ../Drivers/STM32F4xx_HAL_Driver/Src/stm32f4xx_hal_dma_ex.c 0x00000000   Number         0  stm32f4xx_hal_dma_ex.o ABSOLUTE
    ../Drivers/STM32F4xx_HAL_Driver/Src/stm32f4xx_hal_flash.c 0x00000000   Number         0  stm32f4xx_hal_flash.o ABSOLUTE
    ../Drivers/STM32F4xx_HAL_Driver/Src/stm32f4xx_hal_flash_ex.c 0x00000000   Number         0  stm32f4xx_hal_flash_ex.o ABSOLUTE
    ../Drivers/STM32F4xx_HAL_Driver/Src/stm32f4xx_hal_flash_ramfunc.c 0x00000000   Number         0  stm32f4xx_hal_flash_ramfunc.o ABSOLUTE
    ../Drivers/STM32F4xx_HAL_Driver/Src/stm32f4xx_hal_gpio.c 0x00000000   Number         0  stm32f4xx_hal_gpio.o ABSOLUTE
    ../Drivers/STM32F4xx_HAL_Driver/Src/stm32f4xx_hal_pwr.c 0x00000000   Number         0  stm32f4xx_hal_pwr.o ABSOLUTE
    ../Drivers/STM32F4xx_HAL_Driver/Src/stm32f4xx_hal_pwr_ex.c 0x00000000   Number         0  stm32f4xx_hal_pwr_ex.o ABSOLUTE
    ../Drivers/STM32F4xx_HAL_Driver/Src/stm32f4xx_hal_rcc.c 0x00000000   Number         0  stm32f4xx_hal_rcc.o ABSOLUTE
    ../Drivers/STM32F4xx_HAL_Driver/Src/stm32f4xx_hal_rcc_ex.c 0x00000000   Number         0  stm32f4xx_hal_rcc_ex.o ABSOLUTE
    ../Drivers/STM32F4xx_HAL_Driver/Src/stm32f4xx_hal_tim.c 0x00000000   Number         0  stm32f4xx_hal_tim.o ABSOLUTE
    ../Drivers/STM32F4xx_HAL_Driver/Src/stm32f4xx_hal_tim_ex.c 0x00000000   Number         0  stm32f4xx_hal_tim_ex.o ABSOLUTE
    ../Drivers/STM32F4xx_HAL_Driver/Src/stm32f4xx_hal_uart.c 0x00000000   Number         0  stm32f4xx_hal_uart.o ABSOLUTE
    ../Src/main.c                            0x00000000   Number         0  main.o ABSOLUTE
    ../Src/stm32f4xx_hal_msp.c               0x00000000   Number         0  stm32f4xx_hal_msp.o ABSOLUTE
    ../Src/stm32f4xx_it.c                    0x00000000   Number         0  stm32f4xx_it.o ABSOLUTE
    ../Src/system_stm32f4xx.c                0x00000000   Number         0  system_stm32f4xx.o ABSOLUTE
    ../clib/microlib/division.c              0x00000000   Number         0  uidiv.o ABSOLUTE
    ../clib/microlib/division.c              0x00000000   Number         0  uldiv.o ABSOLUTE
    ../clib/microlib/errno.c                 0x00000000   Number         0  errno.o ABSOLUTE
    ../clib/microlib/init/entry.s            0x00000000   Number         0  entry5.o ABSOLUTE
    ../clib/microlib/init/entry.s            0x00000000   Number         0  entry.o ABSOLUTE
    ../clib/microlib/init/entry.s            0x00000000   Number         0  entry11b.o ABSOLUTE
    ../clib/microlib/init/entry.s            0x00000000   Number         0  entry10b.o ABSOLUTE
    ../clib/microlib/init/entry.s            0x00000000   Number         0  entry10a.o ABSOLUTE
    ../clib/microlib/init/entry.s            0x00000000   Number         0  entry9b.o ABSOLUTE
    ../clib/microlib/init/entry.s            0x00000000   Number         0  entry9a.o ABSOLUTE
    ../clib/microlib/init/entry.s            0x00000000   Number         0  entry2.o ABSOLUTE
    ../clib/microlib/init/entry.s            0x00000000   Number         0  entry8b.o ABSOLUTE
    ../clib/microlib/init/entry.s            0x00000000   Number         0  entry8a.o ABSOLUTE
    ../clib/microlib/init/entry.s            0x00000000   Number         0  entry11a.o ABSOLUTE
    ../clib/microlib/init/entry.s            0x00000000   Number         0  entry7b.o ABSOLUTE
    ../clib/microlib/init/entry.s            0x00000000   Number         0  entry7a.o ABSOLUTE
    ../clib/microlib/longlong.c              0x00000000   Number         0  llshl.o ABSOLUTE
    ../clib/microlib/longlong.c              0x00000000   Number         0  llushr.o ABSOLUTE
    ../clib/microlib/longlong.c              0x00000000   Number         0  llsshr.o ABSOLUTE
    ../clib/microlib/printf/printf.c         0x00000000   Number         0  printf1.o ABSOLUTE
    ../clib/microlib/printf/printf.c         0x00000000   Number         0  printf5.o ABSOLUTE
    ../clib/microlib/printf/printf.c         0x00000000   Number         0  printfa.o ABSOLUTE
    ../clib/microlib/printf/printf.c         0x00000000   Number         0  printf6.o ABSOLUTE
    ../clib/microlib/printf/printf.c         0x00000000   Number         0  printf8.o ABSOLUTE
    ../clib/microlib/printf/printf.c         0x00000000   Number         0  printfb.o ABSOLUTE
    ../clib/microlib/printf/printf.c         0x00000000   Number         0  printf2.o ABSOLUTE
    ../clib/microlib/printf/printf.c         0x00000000   Number         0  printf3.o ABSOLUTE
    ../clib/microlib/printf/printf.c         0x00000000   Number         0  printf7.o ABSOLUTE
    ../clib/microlib/printf/printf.c         0x00000000   Number         0  printf4.o ABSOLUTE
    ../clib/microlib/printf/printf.c         0x00000000   Number         0  printf0.o ABSOLUTE
    ../clib/microlib/printf/stubs.s          0x00000000   Number         0  stubs.o ABSOLUTE
    ../clib/microlib/stdio/streams.c         0x00000000   Number         0  stdout.o ABSOLUTE
    ../clib/microlib/string/memcpy.c         0x00000000   Number         0  memcpya.o ABSOLUTE
    ../clib/microlib/string/memcpy.c         0x00000000   Number         0  memcpyb.o ABSOLUTE
    ../clib/microlib/stubs.s                 0x00000000   Number         0  iusefp.o ABSOLUTE
    ../fplib/microlib/d2f.c                  0x00000000   Number         0  d2f.o ABSOLUTE
    ../fplib/microlib/f2d.c                  0x00000000   Number         0  f2d.o ABSOLUTE
    ../fplib/microlib/fpadd.c                0x00000000   Number         0  dadd.o ABSOLUTE
    ../fplib/microlib/fpdiv.c                0x00000000   Number         0  ddiv.o ABSOLUTE
    ../fplib/microlib/fpepilogue.c           0x00000000   Number         0  fepilogue.o ABSOLUTE
    ../fplib/microlib/fpepilogue.c           0x00000000   Number         0  depilogue.o ABSOLUTE
    ../fplib/microlib/fpfix.c                0x00000000   Number         0  dfixul.o ABSOLUTE
    ../fplib/microlib/fpflt.c                0x00000000   Number         0  dflti.o ABSOLUTE
    ../fplib/microlib/fpmul.c                0x00000000   Number         0  dmul.o ABSOLUTE
    ../fplib/microlib/fpneg.c                0x00000000   Number         0  dneg.o ABSOLUTE
    ../fplib/microlib/fpscalb.c              0x00000000   Number         0  dscalb.o ABSOLUTE
    ../fplib/microlib/fpsqrt.c               0x00000000   Number         0  dsqrt.o ABSOLUTE
    ../mathlib/atan.c                        0x00000000   Number         0  atan_x.o ABSOLUTE
    ../mathlib/atan.c                        0x00000000   Number         0  atan.o ABSOLUTE
    ../mathlib/atan2.c                       0x00000000   Number         0  atan2.o ABSOLUTE
    ../mathlib/atan2.c                       0x00000000   Number         0  atan2_x.o ABSOLUTE
    ../mathlib/dunder.c                      0x00000000   Number         0  dunder.o ABSOLUTE
    ../mathlib/fabs.c                        0x00000000   Number         0  fabs.o ABSOLUTE
    ../mathlib/fpclassify.c                  0x00000000   Number         0  fpclassify.o ABSOLUTE
    ../mathlib/poly.c                        0x00000000   Number         0  poly.o ABSOLUTE
    ../mathlib/pow.c                         0x00000000   Number         0  pow.o ABSOLUTE
    ../mathlib/pow.c                         0x00000000   Number         0  pow_x.o ABSOLUTE
    ../mathlib/qnan.c                        0x00000000   Number         0  qnan.o ABSOLUTE
    ../mathlib/sqrt.c                        0x00000000   Number         0  sqrt.o ABSOLUTE
    ../mathlib/sqrt.c                        0x00000000   Number         0  sqrt_x.o ABSOLUTE
    ..\..\..\..\FinalPrj\MDK-ARM\fput_debug.c 0x00000000   Number         0  fput_debug.o ABSOLUTE
    ..\Drivers\STM32F4xx_HAL_Driver\Src\stm32f4xx_hal.c 0x00000000   Number         0  stm32f4xx_hal.o ABSOLUTE
    ..\Drivers\STM32F4xx_HAL_Driver\Src\stm32f4xx_hal_adc.c 0x00000000   Number         0  stm32f4xx_hal_adc.o ABSOLUTE
    ..\Drivers\STM32F4xx_HAL_Driver\Src\stm32f4xx_hal_adc_ex.c 0x00000000   Number         0  stm32f4xx_hal_adc_ex.o ABSOLUTE
    ..\Drivers\STM32F4xx_HAL_Driver\Src\stm32f4xx_hal_cortex.c 0x00000000   Number         0  stm32f4xx_hal_cortex.o ABSOLUTE
    ..\Drivers\STM32F4xx_HAL_Driver\Src\stm32f4xx_hal_dma.c 0x00000000   Number         0  stm32f4xx_hal_dma.o ABSOLUTE
    ..\Drivers\STM32F4xx_HAL_Driver\Src\stm32f4xx_hal_dma_ex.c 0x00000000   Number         0  stm32f4xx_hal_dma_ex.o ABSOLUTE
    ..\Drivers\STM32F4xx_HAL_Driver\Src\stm32f4xx_hal_flash.c 0x00000000   Number         0  stm32f4xx_hal_flash.o ABSOLUTE
    ..\Drivers\STM32F4xx_HAL_Driver\Src\stm32f4xx_hal_flash_ex.c 0x00000000   Number         0  stm32f4xx_hal_flash_ex.o ABSOLUTE
    ..\Drivers\STM32F4xx_HAL_Driver\Src\stm32f4xx_hal_flash_ramfunc.c 0x00000000   Number         0  stm32f4xx_hal_flash_ramfunc.o ABSOLUTE
    ..\Drivers\STM32F4xx_HAL_Driver\Src\stm32f4xx_hal_gpio.c 0x00000000   Number         0  stm32f4xx_hal_gpio.o ABSOLUTE
    ..\Drivers\STM32F4xx_HAL_Driver\Src\stm32f4xx_hal_pwr.c 0x00000000   Number         0  stm32f4xx_hal_pwr.o ABSOLUTE
    ..\Drivers\STM32F4xx_HAL_Driver\Src\stm32f4xx_hal_pwr_ex.c 0x00000000   Number         0  stm32f4xx_hal_pwr_ex.o ABSOLUTE
    ..\Drivers\STM32F4xx_HAL_Driver\Src\stm32f4xx_hal_rcc.c 0x00000000   Number         0  stm32f4xx_hal_rcc.o ABSOLUTE
    ..\Drivers\STM32F4xx_HAL_Driver\Src\stm32f4xx_hal_rcc_ex.c 0x00000000   Number         0  stm32f4xx_hal_rcc_ex.o ABSOLUTE
    ..\Drivers\STM32F4xx_HAL_Driver\Src\stm32f4xx_hal_tim.c 0x00000000   Number         0  stm32f4xx_hal_tim.o ABSOLUTE
    ..\Drivers\STM32F4xx_HAL_Driver\Src\stm32f4xx_hal_tim_ex.c 0x00000000   Number         0  stm32f4xx_hal_tim_ex.o ABSOLUTE
    ..\Drivers\STM32F4xx_HAL_Driver\Src\stm32f4xx_hal_uart.c 0x00000000   Number         0  stm32f4xx_hal_uart.o ABSOLUTE
    ..\Src\LIS3DSH.c                         0x00000000   Number         0  lis3dsh.o ABSOLUTE
    ..\Src\main.c                            0x00000000   Number         0  main.o ABSOLUTE
    ..\Src\stm32f4xx_hal_msp.c               0x00000000   Number         0  stm32f4xx_hal_msp.o ABSOLUTE
    ..\Src\stm32f4xx_it.c                    0x00000000   Number         0  stm32f4xx_it.o ABSOLUTE
    ..\Src\system_stm32f4xx.c                0x00000000   Number         0  system_stm32f4xx.o ABSOLUTE
    ..\\..\\..\\..\\FinalPrj\\MDK-ARM\\fput_debug.c 0x00000000   Number         0  fput_debug.o ABSOLUTE
    ..\\Src\\LIS3DSH.c                       0x00000000   Number         0  lis3dsh.o ABSOLUTE
    cdcmple.s                                0x00000000   Number         0  cdcmple.o ABSOLUTE
    cdrcmple.s                               0x00000000   Number         0  cdrcmple.o ABSOLUTE
    dc.s                                     0x00000000   Number         0  dc.o ABSOLUTE
    handlers.s                               0x00000000   Number         0  handlers.o ABSOLUTE
    init.s                                   0x00000000   Number         0  init.o ABSOLUTE
    startup_stm32f407xx.s                    0x00000000   Number         0  startup_stm32f407xx.o ABSOLUTE
    stm32f4_xx_hal_spi.c                     0x00000000   Number         0  stm32f4_xx_hal_spi.o ABSOLUTE
    stm32f4_xx_hal_spi.c                     0x00000000   Number         0  stm32f4_xx_hal_spi.o ABSOLUTE
    RESET                                    0x08000000   Section      392  startup_stm32f407xx.o(RESET)
    .ARM.Collect$$$$00000000                 0x08000188   Section        0  entry.o(.ARM.Collect$$$$00000000)
    .ARM.Collect$$$$00000001                 0x08000188   Section        4  entry2.o(.ARM.Collect$$$$00000001)
    .ARM.Collect$$$$00000004                 0x0800018c   Section        4  entry5.o(.ARM.Collect$$$$00000004)
    .ARM.Collect$$$$00000008                 0x08000190   Section        0  entry7b.o(.ARM.Collect$$$$00000008)
    .ARM.Collect$$$$0000000A                 0x08000190   Section        0  entry8b.o(.ARM.Collect$$$$0000000A)
    .ARM.Collect$$$$0000000B                 0x08000190   Section        8  entry9a.o(.ARM.Collect$$$$0000000B)
    .ARM.Collect$$$$0000000D                 0x08000198   Section        0  entry10a.o(.ARM.Collect$$$$0000000D)
    .ARM.Collect$$$$0000000F                 0x08000198   Section        0  entry11a.o(.ARM.Collect$$$$0000000F)
    .ARM.Collect$$$$00002712                 0x08000198   Section        4  entry2.o(.ARM.Collect$$$$00002712)
    __lit__00000000                          0x08000198   Data           4  entry2.o(.ARM.Collect$$$$00002712)
    .text                                    0x0800019c   Section       36  startup_stm32f407xx.o(.text)
    $v0                                      0x0800019c   Number         0  startup_stm32f407xx.o(.text)
    .text                                    0x080001c0   Section        0  uldiv.o(.text)
    .text                                    0x08000222   Section        0  memcpya.o(.text)
    .text                                    0x08000246   Section        0  dadd.o(.text)
    .text                                    0x08000394   Section        0  dmul.o(.text)
    .text                                    0x08000478   Section        0  ddiv.o(.text)
    .text                                    0x08000556   Section        0  dflti.o(.text)
    .text                                    0x08000578   Section        0  f2d.o(.text)
    .text                                    0x0800059e   Section        0  d2f.o(.text)
    .text                                    0x080005d6   Section        0  uidiv.o(.text)
    .text                                    0x08000602   Section        0  llshl.o(.text)
    .text                                    0x08000620   Section        0  llushr.o(.text)
    .text                                    0x08000640   Section        0  llsshr.o(.text)
    .text                                    0x08000664   Section        0  iusefp.o(.text)
    .text                                    0x08000664   Section        0  fepilogue.o(.text)
    .text                                    0x080006d2   Section        0  depilogue.o(.text)
    .text                                    0x0800078c   Section        0  dscalb.o(.text)
    .text                                    0x080007ba   Section        0  dsqrt.o(.text)
    .text                                    0x0800085c   Section        0  dfixul.o(.text)
    .text                                    0x0800088c   Section       48  cdrcmple.o(.text)
    .text                                    0x080008bc   Section       36  init.o(.text)
    i.ADC_IRQHandler                         0x080008e0   Section        0  stm32f4xx_it.o(i.ADC_IRQHandler)
    i.ADC_Init                               0x080008ec   Section        0  stm32f4xx_hal_adc.o(i.ADC_Init)
    ADC_Init                                 0x080008ed   Thumb Code   280  stm32f4xx_hal_adc.o(i.ADC_Init)
    i.EXTI0_IRQHandler                       0x08000a10   Section        0  stm32f4xx_it.o(i.EXTI0_IRQHandler)
    i.FIR_C                                  0x08000a18   Section        0  main.o(i.FIR_C)
    i.HAL_ADCEx_InjectedConvCpltCallback     0x08000a84   Section        0  stm32f4xx_hal_adc_ex.o(i.HAL_ADCEx_InjectedConvCpltCallback)
    i.HAL_ADC_ConfigChannel                  0x08000a88   Section        0  stm32f4xx_hal_adc.o(i.HAL_ADC_ConfigChannel)
    i.HAL_ADC_ConvCpltCallback               0x08000bd4   Section        0  main.o(i.HAL_ADC_ConvCpltCallback)
    i.HAL_ADC_ErrorCallback                  0x08000c30   Section        0  stm32f4xx_hal_adc.o(i.HAL_ADC_ErrorCallback)
    i.HAL_ADC_GetValue                       0x08000c32   Section        0  stm32f4xx_hal_adc.o(i.HAL_ADC_GetValue)
    i.HAL_ADC_IRQHandler                     0x08000c38   Section        0  stm32f4xx_hal_adc.o(i.HAL_ADC_IRQHandler)
    i.HAL_ADC_Init                           0x08000d74   Section        0  stm32f4xx_hal_adc.o(i.HAL_ADC_Init)
    i.HAL_ADC_LevelOutOfWindowCallback       0x08000dc8   Section        0  stm32f4xx_hal_adc.o(i.HAL_ADC_LevelOutOfWindowCallback)
    i.HAL_ADC_MspInit                        0x08000dcc   Section        0  stm32f4xx_hal_msp.o(i.HAL_ADC_MspInit)
    i.HAL_ADC_Start_IT                       0x08000e20   Section        0  stm32f4xx_hal_adc.o(i.HAL_ADC_Start_IT)
    i.HAL_DMA_Abort_IT                       0x08000ee8   Section        0  stm32f4xx_hal_dma.o(i.HAL_DMA_Abort_IT)
    i.HAL_GPIO_EXTI_Callback                 0x08000f0c   Section        0  stm32f4xx_hal_gpio.o(i.HAL_GPIO_EXTI_Callback)
    i.HAL_GPIO_EXTI_IRQHandler               0x08000f10   Section        0  stm32f4xx_hal_gpio.o(i.HAL_GPIO_EXTI_IRQHandler)
    i.HAL_GPIO_Init                          0x08000f28   Section        0  stm32f4xx_hal_gpio.o(i.HAL_GPIO_Init)
    i.HAL_GPIO_ReadPin                       0x080010d8   Section        0  stm32f4xx_hal_gpio.o(i.HAL_GPIO_ReadPin)
    i.HAL_GPIO_WritePin                      0x080010e2   Section        0  stm32f4xx_hal_gpio.o(i.HAL_GPIO_WritePin)
    i.HAL_GetTick                            0x080010ec   Section        0  stm32f4xx_hal.o(i.HAL_GetTick)
    i.HAL_IncTick                            0x080010f8   Section        0  stm32f4xx_hal.o(i.HAL_IncTick)
    i.HAL_Init                               0x08001108   Section        0  stm32f4xx_hal.o(i.HAL_Init)
    i.HAL_InitTick                           0x0800113c   Section        0  stm32f4xx_hal.o(i.HAL_InitTick)
    i.HAL_MspInit                            0x0800117c   Section        0  stm32f4xx_hal_msp.o(i.HAL_MspInit)
    i.HAL_NVIC_EnableIRQ                     0x080011d4   Section        0  stm32f4xx_hal_cortex.o(i.HAL_NVIC_EnableIRQ)
    i.HAL_NVIC_SetPriority                   0x080011ec   Section        0  stm32f4xx_hal_cortex.o(i.HAL_NVIC_SetPriority)
    i.HAL_NVIC_SetPriorityGrouping           0x0800122c   Section        0  stm32f4xx_hal_cortex.o(i.HAL_NVIC_SetPriorityGrouping)
    i.HAL_RCC_ClockConfig                    0x08001250   Section        0  stm32f4xx_hal_rcc.o(i.HAL_RCC_ClockConfig)
    i.HAL_RCC_GetHCLKFreq                    0x08001380   Section        0  stm32f4xx_hal_rcc.o(i.HAL_RCC_GetHCLKFreq)
    i.HAL_RCC_GetPCLK1Freq                   0x0800138c   Section        0  stm32f4xx_hal_rcc.o(i.HAL_RCC_GetPCLK1Freq)
    i.HAL_RCC_GetPCLK2Freq                   0x080013ac   Section        0  stm32f4xx_hal_rcc.o(i.HAL_RCC_GetPCLK2Freq)
    i.HAL_RCC_GetSysClockFreq                0x080013cc   Section        0  stm32f4xx_hal_rcc.o(i.HAL_RCC_GetSysClockFreq)
    i.HAL_RCC_OscConfig                      0x0800142c   Section        0  stm32f4xx_hal_rcc.o(i.HAL_RCC_OscConfig)
    i.HAL_SPI_DeInit                         0x08001748   Section        0  stm32f4_xx_hal_spi.o(i.HAL_SPI_DeInit)
    i.HAL_SPI_Init                           0x08001776   Section        0  stm32f4_xx_hal_spi.o(i.HAL_SPI_Init)
    i.HAL_SPI_MspDeInit                      0x080017f6   Section        0  stm32f4_xx_hal_spi.o(i.HAL_SPI_MspDeInit)
    i.HAL_SPI_MspInit                        0x080017f8   Section        0  lis3dsh.o(i.HAL_SPI_MspInit)
    i.HAL_SYSTICK_CLKSourceConfig            0x080018b0   Section        0  stm32f4xx_hal_cortex.o(i.HAL_SYSTICK_CLKSourceConfig)
    i.HAL_SYSTICK_Callback                   0x080018c8   Section        0  stm32f4xx_hal_cortex.o(i.HAL_SYSTICK_Callback)
    i.HAL_SYSTICK_Config                     0x080018ca   Section        0  stm32f4xx_hal_cortex.o(i.HAL_SYSTICK_Config)
    i.HAL_SYSTICK_IRQHandler                 0x080018f2   Section        0  stm32f4xx_hal_cortex.o(i.HAL_SYSTICK_IRQHandler)
    i.HAL_TIMEx_MasterConfigSynchronization  0x080018fa   Section        0  stm32f4xx_hal_tim_ex.o(i.HAL_TIMEx_MasterConfigSynchronization)
    i.HAL_TIM_Base_Init                      0x0800194a   Section        0  stm32f4xx_hal_tim.o(i.HAL_TIM_Base_Init)
    i.HAL_TIM_Base_MspInit                   0x08001980   Section        0  stm32f4xx_hal_msp.o(i.HAL_TIM_Base_MspInit)
    i.HAL_TIM_Base_Start                     0x080019a8   Section        0  stm32f4xx_hal_tim.o(i.HAL_TIM_Base_Start)
    i.HAL_TIM_ConfigClockSource              0x080019c2   Section        0  stm32f4xx_hal_tim.o(i.HAL_TIM_ConfigClockSource)
    i.HAL_UART_ErrorCallback                 0x08001ab4   Section        0  stm32f4xx_hal_uart.o(i.HAL_UART_ErrorCallback)
    i.HAL_UART_GetState                      0x08001ab6   Section        0  stm32f4xx_hal_uart.o(i.HAL_UART_GetState)
    i.HAL_UART_IRQHandler                    0x08001ac0   Section        0  stm32f4xx_hal_uart.o(i.HAL_UART_IRQHandler)
    i.HAL_UART_Init                          0x08001bd0   Section        0  stm32f4xx_hal_uart.o(i.HAL_UART_Init)
    i.HAL_UART_MspInit                       0x08001c34   Section        0  stm32f4xx_hal_msp.o(i.HAL_UART_MspInit)
    i.HAL_UART_RxCpltCallback                0x08001c9c   Section        0  stm32f4xx_hal_uart.o(i.HAL_UART_RxCpltCallback)
    i.HAL_UART_Transmit                      0x08001c9e   Section        0  stm32f4xx_hal_uart.o(i.HAL_UART_Transmit)
    i.HAL_UART_TxCpltCallback                0x08001d58   Section        0  stm32f4xx_hal_uart.o(i.HAL_UART_TxCpltCallback)
    i.LIS3DSH_Init                           0x08001d5c   Section        0  lis3dsh.o(i.LIS3DSH_Init)
    i.LIS3DSH_Read                           0x08001e20   Section        0  lis3dsh.o(i.LIS3DSH_Read)
    i.LIS3DSH_ReadACC                        0x08001e70   Section        0  lis3dsh.o(i.LIS3DSH_ReadACC)
    i.LIS3DSH_SendByte                       0x08001fe8   Section        0  lis3dsh.o(i.LIS3DSH_SendByte)
    LIS3DSH_SendByte                         0x08001fe9   Thumb Code    66  lis3dsh.o(i.LIS3DSH_SendByte)
    i.LIS3DSH_Write                          0x08002034   Section        0  lis3dsh.o(i.LIS3DSH_Write)
    i.MX_ADC1_Init                           0x0800207c   Section        0  main.o(i.MX_ADC1_Init)
    MX_ADC1_Init                             0x0800207d   Thumb Code    74  main.o(i.MX_ADC1_Init)
    i.MX_GPIO_Init                           0x080020d0   Section        0  main.o(i.MX_GPIO_Init)
    MX_GPIO_Init                             0x080020d1   Thumb Code   458  main.o(i.MX_GPIO_Init)
    i.MX_TIM3_Init                           0x080022bc   Section        0  main.o(i.MX_TIM3_Init)
    MX_TIM3_Init                             0x080022bd   Thumb Code    74  main.o(i.MX_TIM3_Init)
    i.MX_UART5_Init                          0x08002310   Section        0  main.o(i.MX_UART5_Init)
    MX_UART5_Init                            0x08002311   Thumb Code    90  main.o(i.MX_UART5_Init)
    i.NVIC_SetPriority                       0x0800237c   Section        0  stm32f4xx_hal_cortex.o(i.NVIC_SetPriority)
    NVIC_SetPriority                         0x0800237d   Thumb Code    32  stm32f4xx_hal_cortex.o(i.NVIC_SetPriority)
    i.PendSV_Handler                         0x0800239c   Section        0  stm32f4xx_it.o(i.PendSV_Handler)
    i.SVC_Handler                            0x0800239e   Section        0  stm32f4xx_it.o(i.SVC_Handler)
    i.SysTick_Handler                        0x080023a0   Section        0  stm32f4xx_it.o(i.SysTick_Handler)
    i.SystemClock_Config                     0x080023c4   Section        0  main.o(i.SystemClock_Config)
    i.SystemInit                             0x08002464   Section        0  system_stm32f4xx.o(i.SystemInit)
    i.TIM_Base_SetConfig                     0x080024b8   Section        0  stm32f4xx_hal_tim.o(i.TIM_Base_SetConfig)
    i.TIM_ETR_SetConfig                      0x08002578   Section        0  stm32f4xx_hal_tim.o(i.TIM_ETR_SetConfig)
    TIM_ETR_SetConfig                        0x08002579   Thumb Code    20  stm32f4xx_hal_tim.o(i.TIM_ETR_SetConfig)
    i.TIM_ITRx_SetConfig                     0x0800258c   Section        0  stm32f4xx_hal_tim.o(i.TIM_ITRx_SetConfig)
    TIM_ITRx_SetConfig                       0x0800258d   Thumb Code    16  stm32f4xx_hal_tim.o(i.TIM_ITRx_SetConfig)
    i.TIM_TI1_ConfigInputStage               0x0800259c   Section        0  stm32f4xx_hal_tim.o(i.TIM_TI1_ConfigInputStage)
    TIM_TI1_ConfigInputStage                 0x0800259d   Thumb Code    34  stm32f4xx_hal_tim.o(i.TIM_TI1_ConfigInputStage)
    i.TIM_TI2_ConfigInputStage               0x080025be   Section        0  stm32f4xx_hal_tim.o(i.TIM_TI2_ConfigInputStage)
    TIM_TI2_ConfigInputStage                 0x080025bf   Thumb Code    36  stm32f4xx_hal_tim.o(i.TIM_TI2_ConfigInputStage)
    i.UART5_IRQHandler                       0x080025e4   Section        0  stm32f4xx_it.o(i.UART5_IRQHandler)
    i.UART_DMAAbortOnError                   0x08002630   Section        0  stm32f4xx_hal_uart.o(i.UART_DMAAbortOnError)
    UART_DMAAbortOnError                     0x08002631   Thumb Code    16  stm32f4xx_hal_uart.o(i.UART_DMAAbortOnError)
    i.UART_EndRxTransfer                     0x08002640   Section        0  stm32f4xx_hal_uart.o(i.UART_EndRxTransfer)
    UART_EndRxTransfer                       0x08002641   Thumb Code    28  stm32f4xx_hal_uart.o(i.UART_EndRxTransfer)
    i.UART_Receive_IT                        0x0800265c   Section        0  stm32f4xx_hal_uart.o(i.UART_Receive_IT)
    UART_Receive_IT                          0x0800265d   Thumb Code   140  stm32f4xx_hal_uart.o(i.UART_Receive_IT)
    i.UART_SetConfig                         0x080026e8   Section        0  stm32f4xx_hal_uart.o(i.UART_SetConfig)
    UART_SetConfig                           0x080026e9   Thumb Code   676  stm32f4xx_hal_uart.o(i.UART_SetConfig)
    i.UART_Transmit_IT                       0x08002994   Section        0  stm32f4xx_hal_uart.o(i.UART_Transmit_IT)
    UART_Transmit_IT                         0x08002995   Thumb Code    98  stm32f4xx_hal_uart.o(i.UART_Transmit_IT)
    i.UART_WaitOnFlagUntilTimeout            0x080029f6   Section        0  stm32f4xx_hal_uart.o(i.UART_WaitOnFlagUntilTimeout)
    UART_WaitOnFlagUntilTimeout              0x080029f7   Thumb Code   100  stm32f4xx_hal_uart.o(i.UART_WaitOnFlagUntilTimeout)
    i.__0printf                              0x08002a5c   Section        0  printfa.o(i.__0printf)
    i.__ARM_fpclassify                       0x08002a7c   Section        0  fpclassify.o(i.__ARM_fpclassify)
    i.__hardfp_atan                          0x08002ab0   Section        0  atan.o(i.__hardfp_atan)
    i.__hardfp_atan2                         0x08002d88   Section        0  atan2.o(i.__hardfp_atan2)
    i.__hardfp_pow                           0x08002f78   Section        0  pow.o(i.__hardfp_pow)
    i.__hardfp_sqrt                          0x08003bc8   Section        0  sqrt.o(i.__hardfp_sqrt)
    i.__kernel_poly                          0x08003c42   Section        0  poly.o(i.__kernel_poly)
    i.__mathlib_dbl_divzero                  0x08003d40   Section        0  dunder.o(i.__mathlib_dbl_divzero)
    i.__mathlib_dbl_infnan                   0x08003d70   Section        0  dunder.o(i.__mathlib_dbl_infnan)
    i.__mathlib_dbl_infnan2                  0x08003d84   Section        0  dunder.o(i.__mathlib_dbl_infnan2)
    i.__mathlib_dbl_invalid                  0x08003d98   Section        0  dunder.o(i.__mathlib_dbl_invalid)
    i.__mathlib_dbl_overflow                 0x08003db8   Section        0  dunder.o(i.__mathlib_dbl_overflow)
    i.__mathlib_dbl_underflow                0x08003dd8   Section        0  dunder.o(i.__mathlib_dbl_underflow)
    i.__scatterload_copy                     0x08003df8   Section       14  handlers.o(i.__scatterload_copy)
    i.__scatterload_null                     0x08003e06   Section        2  handlers.o(i.__scatterload_null)
    i.__scatterload_zeroinit                 0x08003e08   Section       14  handlers.o(i.__scatterload_zeroinit)
    i.__set_errno                            0x08003e18   Section        0  errno.o(i.__set_errno)
    i._fp_digits                             0x08003e24   Section        0  printfa.o(i._fp_digits)
    _fp_digits                               0x08003e25   Thumb Code   366  printfa.o(i._fp_digits)
    i._printf_core                           0x08003fa8   Section        0  printfa.o(i._printf_core)
    _printf_core                             0x08003fa9   Thumb Code  1744  printfa.o(i._printf_core)
    i._printf_post_padding                   0x08004684   Section        0  printfa.o(i._printf_post_padding)
    _printf_post_padding                     0x08004685   Thumb Code    36  printfa.o(i._printf_post_padding)
    i._printf_pre_padding                    0x080046a8   Section        0  printfa.o(i._printf_pre_padding)
    _printf_pre_padding                      0x080046a9   Thumb Code    46  printfa.o(i._printf_pre_padding)
    i.atan                                   0x080046d6   Section        0  atan.o(i.atan)
    i.fabs                                   0x080046e6   Section        0  fabs.o(i.fabs)
    i.fputc                                  0x08004700   Section        0  fput_debug.o(i.fputc)
    i.initializeACC                          0x08004728   Section        0  main.o(i.initializeACC)
    i.main                                   0x08004748   Section        0  main.o(i.main)
    i.pitchCalculation                       0x08004af8   Section        0  main.o(i.pitchCalculation)
    i.rollCalculation                        0x08004bc0   Section        0  main.o(i.rollCalculation)
    i.sqrt                                   0x08004c88   Section        0  sqrt.o(i.sqrt)
    i.tapDetection                           0x08004cf8   Section        0  main.o(i.tapDetection)
    .constdata                               0x08004d7c   Section       16  system_stm32f4xx.o(.constdata)
    .constdata                               0x08004d8c   Section        8  system_stm32f4xx.o(.constdata)
    .constdata                               0x08004d94   Section       20  main.o(.constdata)
    .constdata                               0x08004da8   Section      136  pow.o(.constdata)
    bp                                       0x08004da8   Data          16  pow.o(.constdata)
    dp_h                                     0x08004db8   Data          16  pow.o(.constdata)
    dp_l                                     0x08004dc8   Data          16  pow.o(.constdata)
    L                                        0x08004dd8   Data          48  pow.o(.constdata)
    P                                        0x08004e08   Data          40  pow.o(.constdata)
    .constdata                               0x08004e30   Section      152  atan.o(.constdata)
    atanhi                                   0x08004e30   Data          32  atan.o(.constdata)
    atanlo                                   0x08004e50   Data          32  atan.o(.constdata)
    aTodd                                    0x08004e70   Data          40  atan.o(.constdata)
    aTeven                                   0x08004e98   Data          48  atan.o(.constdata)
    .constdata                               0x08004ec8   Section        8  qnan.o(.constdata)
    .data                                    0x20000000   Section        4  system_stm32f4xx.o(.data)
    .data                                    0x20000004   Section        2  stm32f4xx_it.o(.data)
    .data                                    0x20000008   Section       74  main.o(.data)
    .data                                    0x20000054   Section        4  lis3dsh.o(.data)
    .data                                    0x20000058   Section       12  stm32f4xx_hal.o(.data)
    .data                                    0x20000064   Section        4  stdout.o(.data)
    .data                                    0x20000068   Section        4  errno.o(.data)
    _errno                                   0x20000068   Data           4  errno.o(.data)
    .bss                                     0x2000006c   Section      256  stm32f4xx_it.o(.bss)
    .bss                                     0x2000016c   Section    66252  main.o(.bss)
    .bss                                     0x20010438   Section       88  lis3dsh.o(.bss)
    STACK                                    0x20010490   Section     1024  startup_stm32f407xx.o(STACK)

    Global Symbols

    Symbol Name                              Value     Ov Type        Size  Object(Section)

    BuildAttributes$$THM_ISAv4$E$P$D$K$B$S$7EM$VFPi3$EXTD16$VFPS$VFMA$PE$A:L22UL41UL21$X:L11$S22US41US21$IEEE1$IW$USESV6$~STKCKD$USESV7$~SHL$OTIME$ROPI$IEEEX$EBA8$MICROLIB$REQ8$PRES8$EABIv2 0x00000000   Number         0  anon$$obj.o ABSOLUTE
    __ARM_use_no_argv                        0x00000000   Number         0  main.o ABSOLUTE
    _printf_a                                0x00000000   Number         0  stubs.o ABSOLUTE
    _printf_c                                0x00000000   Number         0  stubs.o ABSOLUTE
    _printf_charcount                        0x00000000   Number         0  stubs.o ABSOLUTE
    _printf_d                                0x00000000   Number         0  stubs.o ABSOLUTE
    _printf_e                                0x00000000   Number         0  stubs.o ABSOLUTE
    _printf_f                                0x00000000   Number         0  stubs.o ABSOLUTE
    _printf_flags                            0x00000000   Number         0  stubs.o ABSOLUTE
    _printf_fp_dec                           0x00000000   Number         0  stubs.o ABSOLUTE
    _printf_fp_hex                           0x00000000   Number         0  stubs.o ABSOLUTE
    _printf_g                                0x00000000   Number         0  stubs.o ABSOLUTE
    _printf_i                                0x00000000   Number         0  stubs.o ABSOLUTE
    _printf_int_dec                          0x00000000   Number         0  stubs.o ABSOLUTE
    _printf_l                                0x00000000   Number         0  stubs.o ABSOLUTE
    _printf_lc                               0x00000000   Number         0  stubs.o ABSOLUTE
    _printf_ll                               0x00000000   Number         0  stubs.o ABSOLUTE
    _printf_lld                              0x00000000   Number         0  stubs.o ABSOLUTE
    _printf_lli                              0x00000000   Number         0  stubs.o ABSOLUTE
    _printf_llo                              0x00000000   Number         0  stubs.o ABSOLUTE
    _printf_llu                              0x00000000   Number         0  stubs.o ABSOLUTE
    _printf_llx                              0x00000000   Number         0  stubs.o ABSOLUTE
    _printf_longlong_dec                     0x00000000   Number         0  stubs.o ABSOLUTE
    _printf_longlong_hex                     0x00000000   Number         0  stubs.o ABSOLUTE
    _printf_longlong_oct                     0x00000000   Number         0  stubs.o ABSOLUTE
    _printf_ls                               0x00000000   Number         0  stubs.o ABSOLUTE
    _printf_mbtowc                           0x00000000   Number         0  stubs.o ABSOLUTE
    _printf_n                                0x00000000   Number         0  stubs.o ABSOLUTE
    _printf_o                                0x00000000   Number         0  stubs.o ABSOLUTE
    _printf_p                                0x00000000   Number         0  stubs.o ABSOLUTE
    _printf_percent                          0x00000000   Number         0  stubs.o ABSOLUTE
    _printf_pre_padding                      0x00000000   Number         0  stubs.o ABSOLUTE
    _printf_return_value                     0x00000000   Number         0  stubs.o ABSOLUTE
    _printf_s                                0x00000000   Number         0  stubs.o ABSOLUTE
    _printf_sizespec                         0x00000000   Number         0  stubs.o ABSOLUTE
    _printf_str                              0x00000000   Number         0  stubs.o ABSOLUTE
    _printf_truncate_signed                  0x00000000   Number         0  stubs.o ABSOLUTE
    _printf_truncate_unsigned                0x00000000   Number         0  stubs.o ABSOLUTE
    _printf_u                                0x00000000   Number         0  stubs.o ABSOLUTE
    _printf_wc                               0x00000000   Number         0  stubs.o ABSOLUTE
    _printf_wctomb                           0x00000000   Number         0  stubs.o ABSOLUTE
    _printf_widthprec                        0x00000000   Number         0  stubs.o ABSOLUTE
    _printf_x                                0x00000000   Number         0  stubs.o ABSOLUTE
    __cpp_initialize__aeabi_                  - Undefined Weak Reference
    __cxa_finalize                            - Undefined Weak Reference
    __decompress                              - Undefined Weak Reference
    _clock_init                               - Undefined Weak Reference
    _microlib_exit                            - Undefined Weak Reference
    __Vectors_Size                           0x00000188   Number         0  startup_stm32f407xx.o ABSOLUTE
    __Vectors                                0x08000000   Data           4  startup_stm32f407xx.o(RESET)
    __Vectors_End                            0x08000188   Data           0  startup_stm32f407xx.o(RESET)
    __main                                   0x08000189   Thumb Code     0  entry.o(.ARM.Collect$$$$00000000)
    _main_stk                                0x08000189   Thumb Code     0  entry2.o(.ARM.Collect$$$$00000001)
    _main_scatterload                        0x0800018d   Thumb Code     0  entry5.o(.ARM.Collect$$$$00000004)
    __main_after_scatterload                 0x08000191   Thumb Code     0  entry5.o(.ARM.Collect$$$$00000004)
    _main_clock                              0x08000191   Thumb Code     0  entry7b.o(.ARM.Collect$$$$00000008)
    _main_cpp_init                           0x08000191   Thumb Code     0  entry8b.o(.ARM.Collect$$$$0000000A)
    _main_init                               0x08000191   Thumb Code     0  entry9a.o(.ARM.Collect$$$$0000000B)
    __rt_final_cpp                           0x08000199   Thumb Code     0  entry10a.o(.ARM.Collect$$$$0000000D)
    __rt_final_exit                          0x08000199   Thumb Code     0  entry11a.o(.ARM.Collect$$$$0000000F)
    Reset_Handler                            0x0800019d   Thumb Code     8  startup_stm32f407xx.o(.text)
    NMI_Handler                              0x080001a5   Thumb Code     2  startup_stm32f407xx.o(.text)
    HardFault_Handler                        0x080001a7   Thumb Code     2  startup_stm32f407xx.o(.text)
    MemManage_Handler                        0x080001a9   Thumb Code     2  startup_stm32f407xx.o(.text)
    BusFault_Handler                         0x080001ab   Thumb Code     2  startup_stm32f407xx.o(.text)
    UsageFault_Handler                       0x080001ad   Thumb Code     2  startup_stm32f407xx.o(.text)
    DebugMon_Handler                         0x080001b1   Thumb Code     2  startup_stm32f407xx.o(.text)
    CAN1_RX0_IRQHandler                      0x080001b7   Thumb Code     0  startup_stm32f407xx.o(.text)
    CAN1_RX1_IRQHandler                      0x080001b7   Thumb Code     0  startup_stm32f407xx.o(.text)
    CAN1_SCE_IRQHandler                      0x080001b7   Thumb Code     0  startup_stm32f407xx.o(.text)
    CAN1_TX_IRQHandler                       0x080001b7   Thumb Code     0  startup_stm32f407xx.o(.text)
    CAN2_RX0_IRQHandler                      0x080001b7   Thumb Code     0  startup_stm32f407xx.o(.text)
    CAN2_RX1_IRQHandler                      0x080001b7   Thumb Code     0  startup_stm32f407xx.o(.text)
    CAN2_SCE_IRQHandler                      0x080001b7   Thumb Code     0  startup_stm32f407xx.o(.text)
    CAN2_TX_IRQHandler                       0x080001b7   Thumb Code     0  startup_stm32f407xx.o(.text)
    DCMI_IRQHandler                          0x080001b7   Thumb Code     0  startup_stm32f407xx.o(.text)
    DMA1_Stream0_IRQHandler                  0x080001b7   Thumb Code     0  startup_stm32f407xx.o(.text)
    DMA1_Stream1_IRQHandler                  0x080001b7   Thumb Code     0  startup_stm32f407xx.o(.text)
    DMA1_Stream2_IRQHandler                  0x080001b7   Thumb Code     0  startup_stm32f407xx.o(.text)
    DMA1_Stream3_IRQHandler                  0x080001b7   Thumb Code     0  startup_stm32f407xx.o(.text)
    DMA1_Stream4_IRQHandler                  0x080001b7   Thumb Code     0  startup_stm32f407xx.o(.text)
    DMA1_Stream5_IRQHandler                  0x080001b7   Thumb Code     0  startup_stm32f407xx.o(.text)
    DMA1_Stream6_IRQHandler                  0x080001b7   Thumb Code     0  startup_stm32f407xx.o(.text)
    DMA1_Stream7_IRQHandler                  0x080001b7   Thumb Code     0  startup_stm32f407xx.o(.text)
    DMA2_Stream0_IRQHandler                  0x080001b7   Thumb Code     0  startup_stm32f407xx.o(.text)
    DMA2_Stream1_IRQHandler                  0x080001b7   Thumb Code     0  startup_stm32f407xx.o(.text)
    DMA2_Stream2_IRQHandler                  0x080001b7   Thumb Code     0  startup_stm32f407xx.o(.text)
    DMA2_Stream3_IRQHandler                  0x080001b7   Thumb Code     0  startup_stm32f407xx.o(.text)
    DMA2_Stream4_IRQHandler                  0x080001b7   Thumb Code     0  startup_stm32f407xx.o(.text)
    DMA2_Stream5_IRQHandler                  0x080001b7   Thumb Code     0  startup_stm32f407xx.o(.text)
    DMA2_Stream6_IRQHandler                  0x080001b7   Thumb Code     0  startup_stm32f407xx.o(.text)
    DMA2_Stream7_IRQHandler                  0x080001b7   Thumb Code     0  startup_stm32f407xx.o(.text)
    ETH_IRQHandler                           0x080001b7   Thumb Code     0  startup_stm32f407xx.o(.text)
    ETH_WKUP_IRQHandler                      0x080001b7   Thumb Code     0  startup_stm32f407xx.o(.text)
    EXTI15_10_IRQHandler                     0x080001b7   Thumb Code     0  startup_stm32f407xx.o(.text)
    EXTI1_IRQHandler                         0x080001b7   Thumb Code     0  startup_stm32f407xx.o(.text)
    EXTI2_IRQHandler                         0x080001b7   Thumb Code     0  startup_stm32f407xx.o(.text)
    EXTI3_IRQHandler                         0x080001b7   Thumb Code     0  startup_stm32f407xx.o(.text)
    EXTI4_IRQHandler                         0x080001b7   Thumb Code     0  startup_stm32f407xx.o(.text)
    EXTI9_5_IRQHandler                       0x080001b7   Thumb Code     0  startup_stm32f407xx.o(.text)
    FLASH_IRQHandler                         0x080001b7   Thumb Code     0  startup_stm32f407xx.o(.text)
    FMC_IRQHandler                           0x080001b7   Thumb Code     0  startup_stm32f407xx.o(.text)
    FPU_IRQHandler                           0x080001b7   Thumb Code     0  startup_stm32f407xx.o(.text)
    HASH_RNG_IRQHandler                      0x080001b7   Thumb Code     0  startup_stm32f407xx.o(.text)
    I2C1_ER_IRQHandler                       0x080001b7   Thumb Code     0  startup_stm32f407xx.o(.text)
    I2C1_EV_IRQHandler                       0x080001b7   Thumb Code     0  startup_stm32f407xx.o(.text)
    I2C2_ER_IRQHandler                       0x080001b7   Thumb Code     0  startup_stm32f407xx.o(.text)
    I2C2_EV_IRQHandler                       0x080001b7   Thumb Code     0  startup_stm32f407xx.o(.text)
    I2C3_ER_IRQHandler                       0x080001b7   Thumb Code     0  startup_stm32f407xx.o(.text)
    I2C3_EV_IRQHandler                       0x080001b7   Thumb Code     0  startup_stm32f407xx.o(.text)
    OTG_FS_IRQHandler                        0x080001b7   Thumb Code     0  startup_stm32f407xx.o(.text)
    OTG_FS_WKUP_IRQHandler                   0x080001b7   Thumb Code     0  startup_stm32f407xx.o(.text)
    OTG_HS_EP1_IN_IRQHandler                 0x080001b7   Thumb Code     0  startup_stm32f407xx.o(.text)
    OTG_HS_EP1_OUT_IRQHandler                0x080001b7   Thumb Code     0  startup_stm32f407xx.o(.text)
    OTG_HS_IRQHandler                        0x080001b7   Thumb Code     0  startup_stm32f407xx.o(.text)
    OTG_HS_WKUP_IRQHandler                   0x080001b7   Thumb Code     0  startup_stm32f407xx.o(.text)
    PVD_IRQHandler                           0x080001b7   Thumb Code     0  startup_stm32f407xx.o(.text)
    RCC_IRQHandler                           0x080001b7   Thumb Code     0  startup_stm32f407xx.o(.text)
    RTC_Alarm_IRQHandler                     0x080001b7   Thumb Code     0  startup_stm32f407xx.o(.text)
    RTC_WKUP_IRQHandler                      0x080001b7   Thumb Code     0  startup_stm32f407xx.o(.text)
    SDIO_IRQHandler                          0x080001b7   Thumb Code     0  startup_stm32f407xx.o(.text)
    SPI1_IRQHandler                          0x080001b7   Thumb Code     0  startup_stm32f407xx.o(.text)
    SPI2_IRQHandler                          0x080001b7   Thumb Code     0  startup_stm32f407xx.o(.text)
    SPI3_IRQHandler                          0x080001b7   Thumb Code     0  startup_stm32f407xx.o(.text)
    TAMP_STAMP_IRQHandler                    0x080001b7   Thumb Code     0  startup_stm32f407xx.o(.text)
    TIM1_BRK_TIM9_IRQHandler                 0x080001b7   Thumb Code     0  startup_stm32f407xx.o(.text)
    TIM1_CC_IRQHandler                       0x080001b7   Thumb Code     0  startup_stm32f407xx.o(.text)
    TIM1_TRG_COM_TIM11_IRQHandler            0x080001b7   Thumb Code     0  startup_stm32f407xx.o(.text)
    TIM1_UP_TIM10_IRQHandler                 0x080001b7   Thumb Code     0  startup_stm32f407xx.o(.text)
    TIM2_IRQHandler                          0x080001b7   Thumb Code     0  startup_stm32f407xx.o(.text)
    TIM3_IRQHandler                          0x080001b7   Thumb Code     0  startup_stm32f407xx.o(.text)
    TIM4_IRQHandler                          0x080001b7   Thumb Code     0  startup_stm32f407xx.o(.text)
    TIM5_IRQHandler                          0x080001b7   Thumb Code     0  startup_stm32f407xx.o(.text)
    TIM6_DAC_IRQHandler                      0x080001b7   Thumb Code     0  startup_stm32f407xx.o(.text)
    TIM7_IRQHandler                          0x080001b7   Thumb Code     0  startup_stm32f407xx.o(.text)
    TIM8_BRK_TIM12_IRQHandler                0x080001b7   Thumb Code     0  startup_stm32f407xx.o(.text)
    TIM8_CC_IRQHandler                       0x080001b7   Thumb Code     0  startup_stm32f407xx.o(.text)
    TIM8_TRG_COM_TIM14_IRQHandler            0x080001b7   Thumb Code     0  startup_stm32f407xx.o(.text)
    TIM8_UP_TIM13_IRQHandler                 0x080001b7   Thumb Code     0  startup_stm32f407xx.o(.text)
    UART4_IRQHandler                         0x080001b7   Thumb Code     0  startup_stm32f407xx.o(.text)
    USART1_IRQHandler                        0x080001b7   Thumb Code     0  startup_stm32f407xx.o(.text)
    USART2_IRQHandler                        0x080001b7   Thumb Code     0  startup_stm32f407xx.o(.text)
    USART3_IRQHandler                        0x080001b7   Thumb Code     0  startup_stm32f407xx.o(.text)
    USART6_IRQHandler                        0x080001b7   Thumb Code     0  startup_stm32f407xx.o(.text)
    WWDG_IRQHandler                          0x080001b7   Thumb Code     0  startup_stm32f407xx.o(.text)
    __aeabi_uldivmod                         0x080001c1   Thumb Code    98  uldiv.o(.text)
    __aeabi_memcpy                           0x08000223   Thumb Code    36  memcpya.o(.text)
    __aeabi_memcpy4                          0x08000223   Thumb Code     0  memcpya.o(.text)
    __aeabi_memcpy8                          0x08000223   Thumb Code     0  memcpya.o(.text)
    __aeabi_dadd                             0x08000247   Thumb Code   322  dadd.o(.text)
    __aeabi_dsub                             0x08000389   Thumb Code     6  dadd.o(.text)
    __aeabi_drsub                            0x0800038f   Thumb Code     6  dadd.o(.text)
    __aeabi_dmul                             0x08000395   Thumb Code   228  dmul.o(.text)
    __aeabi_ddiv                             0x08000479   Thumb Code   222  ddiv.o(.text)
    __aeabi_i2d                              0x08000557   Thumb Code    34  dflti.o(.text)
    __aeabi_f2d                              0x08000579   Thumb Code    38  f2d.o(.text)
    __aeabi_d2f                              0x0800059f   Thumb Code    56  d2f.o(.text)
    __aeabi_uidiv                            0x080005d7   Thumb Code     0  uidiv.o(.text)
    __aeabi_uidivmod                         0x080005d7   Thumb Code    44  uidiv.o(.text)
    __aeabi_llsl                             0x08000603   Thumb Code    30  llshl.o(.text)
    _ll_shift_l                              0x08000603   Thumb Code     0  llshl.o(.text)
    __aeabi_llsr                             0x08000621   Thumb Code    32  llushr.o(.text)
    _ll_ushift_r                             0x08000621   Thumb Code     0  llushr.o(.text)
    __aeabi_lasr                             0x08000641   Thumb Code    36  llsshr.o(.text)
    _ll_sshift_r                             0x08000641   Thumb Code     0  llsshr.o(.text)
    __I$use$fp                               0x08000665   Thumb Code     0  iusefp.o(.text)
    _float_round                             0x08000665   Thumb Code    18  fepilogue.o(.text)
    _float_epilogue                          0x08000677   Thumb Code    92  fepilogue.o(.text)
    _double_round                            0x080006d3   Thumb Code    30  depilogue.o(.text)
    _double_epilogue                         0x080006f1   Thumb Code   156  depilogue.o(.text)
    __ARM_scalbn                             0x0800078d   Thumb Code    46  dscalb.o(.text)
    scalbn                                   0x0800078d   Thumb Code     0  dscalb.o(.text)
    _dsqrt                                   0x080007bb   Thumb Code   162  dsqrt.o(.text)
    __aeabi_d2ulz                            0x0800085d   Thumb Code    48  dfixul.o(.text)
    __aeabi_cdrcmple                         0x0800088d   Thumb Code    48  cdrcmple.o(.text)
    __scatterload                            0x080008bd   Thumb Code    28  init.o(.text)
    __scatterload_rt2                        0x080008bd   Thumb Code     0  init.o(.text)
    ADC_IRQHandler                           0x080008e1   Thumb Code     6  stm32f4xx_it.o(i.ADC_IRQHandler)
    EXTI0_IRQHandler                         0x08000a11   Thumb Code     6  stm32f4xx_it.o(i.EXTI0_IRQHandler)
    FIR_C                                    0x08000a19   Thumb Code    94  main.o(i.FIR_C)
    HAL_ADCEx_InjectedConvCpltCallback       0x08000a85   Thumb Code     2  stm32f4xx_hal_adc_ex.o(i.HAL_ADCEx_InjectedConvCpltCallback)
    HAL_ADC_ConfigChannel                    0x08000a89   Thumb Code   316  stm32f4xx_hal_adc.o(i.HAL_ADC_ConfigChannel)
    HAL_ADC_ConvCpltCallback                 0x08000bd5   Thumb Code    64  main.o(i.HAL_ADC_ConvCpltCallback)
    HAL_ADC_ErrorCallback                    0x08000c31   Thumb Code     2  stm32f4xx_hal_adc.o(i.HAL_ADC_ErrorCallback)
    HAL_ADC_GetValue                         0x08000c33   Thumb Code     6  stm32f4xx_hal_adc.o(i.HAL_ADC_GetValue)
    HAL_ADC_IRQHandler                       0x08000c39   Thumb Code   316  stm32f4xx_hal_adc.o(i.HAL_ADC_IRQHandler)
    HAL_ADC_Init                             0x08000d75   Thumb Code    84  stm32f4xx_hal_adc.o(i.HAL_ADC_Init)
    HAL_ADC_LevelOutOfWindowCallback         0x08000dc9   Thumb Code     2  stm32f4xx_hal_adc.o(i.HAL_ADC_LevelOutOfWindowCallback)
    HAL_ADC_MspInit                          0x08000dcd   Thumb Code    70  stm32f4xx_hal_msp.o(i.HAL_ADC_MspInit)
    HAL_ADC_Start_IT                         0x08000e21   Thumb Code   180  stm32f4xx_hal_adc.o(i.HAL_ADC_Start_IT)
    HAL_DMA_Abort_IT                         0x08000ee9   Thumb Code    36  stm32f4xx_hal_dma.o(i.HAL_DMA_Abort_IT)
    HAL_GPIO_EXTI_Callback                   0x08000f0d   Thumb Code     2  stm32f4xx_hal_gpio.o(i.HAL_GPIO_EXTI_Callback)
    HAL_GPIO_EXTI_IRQHandler                 0x08000f11   Thumb Code    18  stm32f4xx_hal_gpio.o(i.HAL_GPIO_EXTI_IRQHandler)
    HAL_GPIO_Init                            0x08000f29   Thumb Code   388  stm32f4xx_hal_gpio.o(i.HAL_GPIO_Init)
    HAL_GPIO_ReadPin                         0x080010d9   Thumb Code    10  stm32f4xx_hal_gpio.o(i.HAL_GPIO_ReadPin)
    HAL_GPIO_WritePin                        0x080010e3   Thumb Code    10  stm32f4xx_hal_gpio.o(i.HAL_GPIO_WritePin)
    HAL_GetTick                              0x080010ed   Thumb Code     6  stm32f4xx_hal.o(i.HAL_GetTick)
    HAL_IncTick                              0x080010f9   Thumb Code    12  stm32f4xx_hal.o(i.HAL_IncTick)
    HAL_Init                                 0x08001109   Thumb Code    48  stm32f4xx_hal.o(i.HAL_Init)
    HAL_InitTick                             0x0800113d   Thumb Code    54  stm32f4xx_hal.o(i.HAL_InitTick)
    HAL_MspInit                              0x0800117d   Thumb Code    88  stm32f4xx_hal_msp.o(i.HAL_MspInit)
    HAL_NVIC_EnableIRQ                       0x080011d5   Thumb Code    22  stm32f4xx_hal_cortex.o(i.HAL_NVIC_EnableIRQ)
    HAL_NVIC_SetPriority                     0x080011ed   Thumb Code    60  stm32f4xx_hal_cortex.o(i.HAL_NVIC_SetPriority)
    HAL_NVIC_SetPriorityGrouping             0x0800122d   Thumb Code    26  stm32f4xx_hal_cortex.o(i.HAL_NVIC_SetPriorityGrouping)
    HAL_RCC_ClockConfig                      0x08001251   Thumb Code   286  stm32f4xx_hal_rcc.o(i.HAL_RCC_ClockConfig)
    HAL_RCC_GetHCLKFreq                      0x08001381   Thumb Code     6  stm32f4xx_hal_rcc.o(i.HAL_RCC_GetHCLKFreq)
    HAL_RCC_GetPCLK1Freq                     0x0800138d   Thumb Code    20  stm32f4xx_hal_rcc.o(i.HAL_RCC_GetPCLK1Freq)
    HAL_RCC_GetPCLK2Freq                     0x080013ad   Thumb Code    20  stm32f4xx_hal_rcc.o(i.HAL_RCC_GetPCLK2Freq)
    HAL_RCC_GetSysClockFreq                  0x080013cd   Thumb Code    88  stm32f4xx_hal_rcc.o(i.HAL_RCC_GetSysClockFreq)
    HAL_RCC_OscConfig                        0x0800142d   Thumb Code   770  stm32f4xx_hal_rcc.o(i.HAL_RCC_OscConfig)
    HAL_SPI_DeInit                           0x08001749   Thumb Code    46  stm32f4_xx_hal_spi.o(i.HAL_SPI_DeInit)
    HAL_SPI_Init                             0x08001777   Thumb Code   128  stm32f4_xx_hal_spi.o(i.HAL_SPI_Init)
    HAL_SPI_MspDeInit                        0x080017f7   Thumb Code     2  stm32f4_xx_hal_spi.o(i.HAL_SPI_MspDeInit)
    HAL_SPI_MspInit                          0x080017f9   Thumb Code   168  lis3dsh.o(i.HAL_SPI_MspInit)
    HAL_SYSTICK_CLKSourceConfig              0x080018b1   Thumb Code    24  stm32f4xx_hal_cortex.o(i.HAL_SYSTICK_CLKSourceConfig)
    HAL_SYSTICK_Callback                     0x080018c9   Thumb Code     2  stm32f4xx_hal_cortex.o(i.HAL_SYSTICK_Callback)
    HAL_SYSTICK_Config                       0x080018cb   Thumb Code    40  stm32f4xx_hal_cortex.o(i.HAL_SYSTICK_Config)
    HAL_SYSTICK_IRQHandler                   0x080018f3   Thumb Code     8  stm32f4xx_hal_cortex.o(i.HAL_SYSTICK_IRQHandler)
    HAL_TIMEx_MasterConfigSynchronization    0x080018fb   Thumb Code    80  stm32f4xx_hal_tim_ex.o(i.HAL_TIMEx_MasterConfigSynchronization)
    HAL_TIM_Base_Init                        0x0800194b   Thumb Code    54  stm32f4xx_hal_tim.o(i.HAL_TIM_Base_Init)
    HAL_TIM_Base_MspInit                     0x08001981   Thumb Code    30  stm32f4xx_hal_msp.o(i.HAL_TIM_Base_MspInit)
    HAL_TIM_Base_Start                       0x080019a9   Thumb Code    26  stm32f4xx_hal_tim.o(i.HAL_TIM_Base_Start)
    HAL_TIM_ConfigClockSource                0x080019c3   Thumb Code   242  stm32f4xx_hal_tim.o(i.HAL_TIM_ConfigClockSource)
    HAL_UART_ErrorCallback                   0x08001ab5   Thumb Code     2  stm32f4xx_hal_uart.o(i.HAL_UART_ErrorCallback)
    HAL_UART_GetState                        0x08001ab7   Thumb Code    10  stm32f4xx_hal_uart.o(i.HAL_UART_GetState)
    HAL_UART_IRQHandler                      0x08001ac1   Thumb Code   266  stm32f4xx_hal_uart.o(i.HAL_UART_IRQHandler)
    HAL_UART_Init                            0x08001bd1   Thumb Code    98  stm32f4xx_hal_uart.o(i.HAL_UART_Init)
    HAL_UART_MspInit                         0x08001c35   Thumb Code    88  stm32f4xx_hal_msp.o(i.HAL_UART_MspInit)
    HAL_UART_RxCpltCallback                  0x08001c9d   Thumb Code     2  stm32f4xx_hal_uart.o(i.HAL_UART_RxCpltCallback)
    HAL_UART_Transmit                        0x08001c9f   Thumb Code   186  stm32f4xx_hal_uart.o(i.HAL_UART_Transmit)
    HAL_UART_TxCpltCallback                  0x08001d59   Thumb Code     2  stm32f4xx_hal_uart.o(i.HAL_UART_TxCpltCallback)
    LIS3DSH_Init                             0x08001d5d   Thumb Code   148  lis3dsh.o(i.LIS3DSH_Init)
    LIS3DSH_Read                             0x08001e21   Thumb Code    74  lis3dsh.o(i.LIS3DSH_Read)
    LIS3DSH_ReadACC                          0x08001e71   Thumb Code   336  lis3dsh.o(i.LIS3DSH_ReadACC)
    LIS3DSH_Write                            0x08002035   Thumb Code    68  lis3dsh.o(i.LIS3DSH_Write)
    PendSV_Handler                           0x0800239d   Thumb Code     2  stm32f4xx_it.o(i.PendSV_Handler)
    SVC_Handler                              0x0800239f   Thumb Code     2  stm32f4xx_it.o(i.SVC_Handler)
    SysTick_Handler                          0x080023a1   Thumb Code    28  stm32f4xx_it.o(i.SysTick_Handler)
    SystemClock_Config                       0x080023c5   Thumb Code   152  main.o(i.SystemClock_Config)
    SystemInit                               0x08002465   Thumb Code    66  system_stm32f4xx.o(i.SystemInit)
    TIM_Base_SetConfig                       0x080024b9   Thumb Code   148  stm32f4xx_hal_tim.o(i.TIM_Base_SetConfig)
    UART5_IRQHandler                         0x080025e5   Thumb Code    64  stm32f4xx_it.o(i.UART5_IRQHandler)
    __0printf                                0x08002a5d   Thumb Code    22  printfa.o(i.__0printf)
    __1printf                                0x08002a5d   Thumb Code     0  printfa.o(i.__0printf)
    __2printf                                0x08002a5d   Thumb Code     0  printfa.o(i.__0printf)
    __c89printf                              0x08002a5d   Thumb Code     0  printfa.o(i.__0printf)
    printf                                   0x08002a5d   Thumb Code     0  printfa.o(i.__0printf)
    __ARM_fpclassify                         0x08002a7d   Thumb Code    48  fpclassify.o(i.__ARM_fpclassify)
    __hardfp_atan                            0x08002ab1   Thumb Code   622  atan.o(i.__hardfp_atan)
    __hardfp_atan2                           0x08002d89   Thumb Code   432  atan2.o(i.__hardfp_atan2)
    __hardfp_pow                             0x08002f79   Thumb Code  3072  pow.o(i.__hardfp_pow)
    __hardfp_sqrt                            0x08003bc9   Thumb Code   122  sqrt.o(i.__hardfp_sqrt)
    __kernel_poly                            0x08003c43   Thumb Code   248  poly.o(i.__kernel_poly)
    __mathlib_dbl_divzero                    0x08003d41   Thumb Code    28  dunder.o(i.__mathlib_dbl_divzero)
    __mathlib_dbl_infnan                     0x08003d71   Thumb Code    20  dunder.o(i.__mathlib_dbl_infnan)
    __mathlib_dbl_infnan2                    0x08003d85   Thumb Code    20  dunder.o(i.__mathlib_dbl_infnan2)
    __mathlib_dbl_invalid                    0x08003d99   Thumb Code    24  dunder.o(i.__mathlib_dbl_invalid)
    __mathlib_dbl_overflow                   0x08003db9   Thumb Code    24  dunder.o(i.__mathlib_dbl_overflow)
    __mathlib_dbl_underflow                  0x08003dd9   Thumb Code    24  dunder.o(i.__mathlib_dbl_underflow)
    __scatterload_copy                       0x08003df9   Thumb Code    14  handlers.o(i.__scatterload_copy)
    __scatterload_null                       0x08003e07   Thumb Code     2  handlers.o(i.__scatterload_null)
    __scatterload_zeroinit                   0x08003e09   Thumb Code    14  handlers.o(i.__scatterload_zeroinit)
    __set_errno                              0x08003e19   Thumb Code     6  errno.o(i.__set_errno)
    atan                                     0x080046d7   Thumb Code    16  atan.o(i.atan)
    fabs                                     0x080046e7   Thumb Code    24  fabs.o(i.fabs)
    fputc                                    0x08004701   Thumb Code    36  fput_debug.o(i.fputc)
    initializeACC                            0x08004729   Thumb Code    26  main.o(i.initializeACC)
    main                                     0x08004749   Thumb Code   810  main.o(i.main)
    pitchCalculation                         0x08004af9   Thumb Code   170  main.o(i.pitchCalculation)
    rollCalculation                          0x08004bc1   Thumb Code   170  main.o(i.rollCalculation)
    sqrt                                     0x08004c89   Thumb Code   110  sqrt.o(i.sqrt)
    tapDetection                             0x08004cf9   Thumb Code   108  main.o(i.tapDetection)
    AHBPrescTable                            0x08004d7c   Data          16  system_stm32f4xx.o(.constdata)
    APBPrescTable                            0x08004d8c   Data           8  system_stm32f4xx.o(.constdata)
    __mathlib_zero                           0x08004ec8   Data           8  qnan.o(.constdata)
    Region$$Table$$Base                      0x08004ed0   Number         0  anon$$obj.o(Region$$Table)
    Region$$Table$$Limit                     0x08004ef0   Number         0  anon$$obj.o(Region$$Table)
    SystemCoreClock                          0x20000000   Data           4  system_stm32f4xx.o(.data)
    buffer_head                              0x20000004   Data           1  stm32f4xx_it.o(.data)
    buffer_tail                              0x20000005   Data           1  stm32f4xx_it.o(.data)
    status                                   0x20000008   Data           1  main.o(.data)
    adcConversion                            0x2000000c   Data           4  main.o(.data)
    state                                    0x20000010   Data           4  main.o(.data)
    tapTimerDetect                           0x20000014   Data           4  main.o(.data)
    tapTimerValidate                         0x20000018   Data           4  main.o(.data)
    numberOfTaps                             0x2000001c   Data           4  main.o(.data)
    dataCollectionComplete                   0x20000020   Data           4  main.o(.data)
    recording                                0x20000024   Data           4  main.o(.data)
    recordingComplete                        0x20000028   Data           4  main.o(.data)
    recordingIndex                           0x2000002c   Data           4  main.o(.data)
    timeStarted                              0x20000030   Data           4  main.o(.data)
    accZ                                     0x20000034   Data           4  main.o(.data)
    filterOutput                             0x20000038   Data           4  main.o(.data)
    zDifference1                             0x2000003c   Data           4  main.o(.data)
    zDifference2                             0x20000040   Data           4  main.o(.data)
    pitch                                    0x20000044   Data           4  main.o(.data)
    roll                                     0x20000048   Data           4  main.o(.data)
    Acc_instance                             0x2000004c   Data           6  main.o(.data)
    LIS3DSHTimeout                           0x20000054   Data           4  lis3dsh.o(.data)
    uwTickFreq                               0x20000058   Data           1  stm32f4xx_hal.o(.data)
    uwTickPrio                               0x2000005c   Data           4  stm32f4xx_hal.o(.data)
    uwTick                                   0x20000060   Data           4  stm32f4xx_hal.o(.data)
    __stdout                                 0x20000064   Data           4  stdout.o(.data)
    rx_buffer                                0x2000006c   Data         256  stm32f4xx_it.o(.bss)
    x                                        0x2000016c   Data          20  main.o(.bss)
    hadc1                                    0x20000180   Data          72  main.o(.bss)
    htim3                                    0x200001c8   Data          60  main.o(.bss)
    huart5                                   0x20000204   Data          64  main.o(.bss)
    initialData                              0x20000244   Data          12  main.o(.bss)
    previousData                             0x20000250   Data          12  main.o(.bss)
    newData                                  0x2000025c   Data          12  main.o(.bss)
    pitchDataBuffer                          0x20000268   Data        1000  main.o(.bss)
    rollDataBuffer                           0x20000650   Data        1000  main.o(.bss)
    audioDataBuffer                          0x20000a38   Data       64000  main.o(.bss)
    SpiHandle                                0x20010438   Data          88  lis3dsh.o(.bss)
    __initial_sp                             0x20010890   Data           0  startup_stm32f407xx.o(STACK)



==============================================================================

Memory Map of the image

  Image Entry point : 0x08000189

  Load Region LR_IROM1 (Base: 0x08000000, Size: 0x00004f5c, Max: 0x00100000, ABSOLUTE)

    Execution Region ER_IROM1 (Exec base: 0x08000000, Load base: 0x08000000, Size: 0x00004ef0, Max: 0x00100000, ABSOLUTE)

    Exec Addr    Load Addr    Size         Type   Attr      Idx    E Section Name        Object

    0x08000000   0x08000000   0x00000188   Data   RO            3    RESET               startup_stm32f407xx.o
    0x08000188   0x08000188   0x00000000   Code   RO         3390  * .ARM.Collect$$$$00000000  mc_w.l(entry.o)
    0x08000188   0x08000188   0x00000004   Code   RO         3711    .ARM.Collect$$$$00000001  mc_w.l(entry2.o)
    0x0800018c   0x0800018c   0x00000004   Code   RO         3714    .ARM.Collect$$$$00000004  mc_w.l(entry5.o)
    0x08000190   0x08000190   0x00000000   Code   RO         3716    .ARM.Collect$$$$00000008  mc_w.l(entry7b.o)
    0x08000190   0x08000190   0x00000000   Code   RO         3718    .ARM.Collect$$$$0000000A  mc_w.l(entry8b.o)
    0x08000190   0x08000190   0x00000008   Code   RO         3719    .ARM.Collect$$$$0000000B  mc_w.l(entry9a.o)
    0x08000198   0x08000198   0x00000000   Code   RO         3721    .ARM.Collect$$$$0000000D  mc_w.l(entry10a.o)
    0x08000198   0x08000198   0x00000000   Code   RO         3723    .ARM.Collect$$$$0000000F  mc_w.l(entry11a.o)
    0x08000198   0x08000198   0x00000004   Code   RO         3712    .ARM.Collect$$$$00002712  mc_w.l(entry2.o)
    0x0800019c   0x0800019c   0x00000024   Code   RO            4    .text               startup_stm32f407xx.o
    0x080001c0   0x080001c0   0x00000062   Code   RO         3393    .text               mc_w.l(uldiv.o)
    0x08000222   0x08000222   0x00000024   Code   RO         3395    .text               mc_w.l(memcpya.o)
    0x08000246   0x08000246   0x0000014e   Code   RO         3660    .text               mf_w.l(dadd.o)
    0x08000394   0x08000394   0x000000e4   Code   RO         3662    .text               mf_w.l(dmul.o)
    0x08000478   0x08000478   0x000000de   Code   RO         3664    .text               mf_w.l(ddiv.o)
    0x08000556   0x08000556   0x00000022   Code   RO         3666    .text               mf_w.l(dflti.o)
    0x08000578   0x08000578   0x00000026   Code   RO         3668    .text               mf_w.l(f2d.o)
    0x0800059e   0x0800059e   0x00000038   Code   RO         3670    .text               mf_w.l(d2f.o)
    0x080005d6   0x080005d6   0x0000002c   Code   RO         3726    .text               mc_w.l(uidiv.o)
    0x08000602   0x08000602   0x0000001e   Code   RO         3728    .text               mc_w.l(llshl.o)
    0x08000620   0x08000620   0x00000020   Code   RO         3730    .text               mc_w.l(llushr.o)
    0x08000640   0x08000640   0x00000024   Code   RO         3732    .text               mc_w.l(llsshr.o)
    0x08000664   0x08000664   0x00000000   Code   RO         3741    .text               mc_w.l(iusefp.o)
    0x08000664   0x08000664   0x0000006e   Code   RO         3742    .text               mf_w.l(fepilogue.o)
    0x080006d2   0x080006d2   0x000000ba   Code   RO         3744    .text               mf_w.l(depilogue.o)
    0x0800078c   0x0800078c   0x0000002e   Code   RO         3748    .text               mf_w.l(dscalb.o)
    0x080007ba   0x080007ba   0x000000a2   Code   RO         3750    .text               mf_w.l(dsqrt.o)
    0x0800085c   0x0800085c   0x00000030   Code   RO         3752    .text               mf_w.l(dfixul.o)
    0x0800088c   0x0800088c   0x00000030   Code   RO         3756    .text               mf_w.l(cdrcmple.o)
    0x080008bc   0x080008bc   0x00000024   Code   RO         3758    .text               mc_w.l(init.o)
    0x080008e0   0x080008e0   0x0000000c   Code   RO          151    i.ADC_IRQHandler    stm32f4xx_it.o
    0x080008ec   0x080008ec   0x00000124   Code   RO         1501    i.ADC_Init          stm32f4xx_hal_adc.o
    0x08000a10   0x08000a10   0x00000006   Code   RO          152    i.EXTI0_IRQHandler  stm32f4xx_it.o
    0x08000a16   0x08000a16   0x00000002   PAD
    0x08000a18   0x08000a18   0x0000006c   Code   RO          277    i.FIR_C             main.o
    0x08000a84   0x08000a84   0x00000002   Code   RO          632    i.HAL_ADCEx_InjectedConvCpltCallback  stm32f4xx_hal_adc_ex.o
    0x08000a86   0x08000a86   0x00000002   PAD
    0x08000a88   0x08000a88   0x0000014c   Code   RO         1503    i.HAL_ADC_ConfigChannel  stm32f4xx_hal_adc.o
    0x08000bd4   0x08000bd4   0x0000005c   Code   RO          278    i.HAL_ADC_ConvCpltCallback  main.o
    0x08000c30   0x08000c30   0x00000002   Code   RO         1507    i.HAL_ADC_ErrorCallback  stm32f4xx_hal_adc.o
    0x08000c32   0x08000c32   0x00000006   Code   RO         1510    i.HAL_ADC_GetValue  stm32f4xx_hal_adc.o
    0x08000c38   0x08000c38   0x0000013c   Code   RO         1511    i.HAL_ADC_IRQHandler  stm32f4xx_hal_adc.o
    0x08000d74   0x08000d74   0x00000054   Code   RO         1512    i.HAL_ADC_Init      stm32f4xx_hal_adc.o
    0x08000dc8   0x08000dc8   0x00000002   Code   RO         1513    i.HAL_ADC_LevelOutOfWindowCallback  stm32f4xx_hal_adc.o
    0x08000dca   0x08000dca   0x00000002   PAD
    0x08000dcc   0x08000dcc   0x00000054   Code   RO          218    i.HAL_ADC_MspInit   stm32f4xx_hal_msp.o
    0x08000e20   0x08000e20   0x000000c8   Code   RO         1520    i.HAL_ADC_Start_IT  stm32f4xx_hal_adc.o
    0x08000ee8   0x08000ee8   0x00000024   Code   RO          526    i.HAL_DMA_Abort_IT  stm32f4xx_hal_dma.o
    0x08000f0c   0x08000f0c   0x00000002   Code   RO          734    i.HAL_GPIO_EXTI_Callback  stm32f4xx_hal_gpio.o
    0x08000f0e   0x08000f0e   0x00000002   PAD
    0x08000f10   0x08000f10   0x00000018   Code   RO          735    i.HAL_GPIO_EXTI_IRQHandler  stm32f4xx_hal_gpio.o
    0x08000f28   0x08000f28   0x000001b0   Code   RO          736    i.HAL_GPIO_Init     stm32f4xx_hal_gpio.o
    0x080010d8   0x080010d8   0x0000000a   Code   RO          738    i.HAL_GPIO_ReadPin  stm32f4xx_hal_gpio.o
    0x080010e2   0x080010e2   0x0000000a   Code   RO          740    i.HAL_GPIO_WritePin  stm32f4xx_hal_gpio.o
    0x080010ec   0x080010ec   0x0000000c   Code   RO         1162    i.HAL_GetTick       stm32f4xx_hal.o
    0x080010f8   0x080010f8   0x00000010   Code   RO         1166    i.HAL_IncTick       stm32f4xx_hal.o
    0x08001108   0x08001108   0x00000034   Code   RO         1167    i.HAL_Init          stm32f4xx_hal.o
    0x0800113c   0x0800113c   0x00000040   Code   RO         1168    i.HAL_InitTick      stm32f4xx_hal.o
    0x0800117c   0x0800117c   0x00000058   Code   RO          219    i.HAL_MspInit       stm32f4xx_hal_msp.o
    0x080011d4   0x080011d4   0x00000016   Code   RO         1019    i.HAL_NVIC_EnableIRQ  stm32f4xx_hal_cortex.o
    0x080011ea   0x080011ea   0x00000002   PAD
    0x080011ec   0x080011ec   0x00000040   Code   RO         1025    i.HAL_NVIC_SetPriority  stm32f4xx_hal_cortex.o
    0x0800122c   0x0800122c   0x00000024   Code   RO         1026    i.HAL_NVIC_SetPriorityGrouping  stm32f4xx_hal_cortex.o
    0x08001250   0x08001250   0x00000130   Code   RO          895    i.HAL_RCC_ClockConfig  stm32f4xx_hal_rcc.o
    0x08001380   0x08001380   0x0000000c   Code   RO          900    i.HAL_RCC_GetHCLKFreq  stm32f4xx_hal_rcc.o
    0x0800138c   0x0800138c   0x00000020   Code   RO          902    i.HAL_RCC_GetPCLK1Freq  stm32f4xx_hal_rcc.o
    0x080013ac   0x080013ac   0x00000020   Code   RO          903    i.HAL_RCC_GetPCLK2Freq  stm32f4xx_hal_rcc.o
    0x080013cc   0x080013cc   0x00000060   Code   RO          904    i.HAL_RCC_GetSysClockFreq  stm32f4xx_hal_rcc.o
    0x0800142c   0x0800142c   0x0000031c   Code   RO          907    i.HAL_RCC_OscConfig  stm32f4xx_hal_rcc.o
    0x08001748   0x08001748   0x0000002e   Code   RO         3044    i.HAL_SPI_DeInit    stm32f4_xx_hal_spi.o
    0x08001776   0x08001776   0x00000080   Code   RO         3049    i.HAL_SPI_Init      stm32f4_xx_hal_spi.o
    0x080017f6   0x080017f6   0x00000002   Code   RO         3050    i.HAL_SPI_MspDeInit  stm32f4_xx_hal_spi.o
    0x080017f8   0x080017f8   0x000000b8   Code   RO          423    i.HAL_SPI_MspInit   lis3dsh.o
    0x080018b0   0x080018b0   0x00000018   Code   RO         1028    i.HAL_SYSTICK_CLKSourceConfig  stm32f4xx_hal_cortex.o
    0x080018c8   0x080018c8   0x00000002   Code   RO         1029    i.HAL_SYSTICK_Callback  stm32f4xx_hal_cortex.o
    0x080018ca   0x080018ca   0x00000028   Code   RO         1030    i.HAL_SYSTICK_Config  stm32f4xx_hal_cortex.o
    0x080018f2   0x080018f2   0x00000008   Code   RO         1031    i.HAL_SYSTICK_IRQHandler  stm32f4xx_hal_cortex.o
    0x080018fa   0x080018fa   0x00000050   Code   RO         1685    i.HAL_TIMEx_MasterConfigSynchronization  stm32f4xx_hal_tim_ex.o
    0x0800194a   0x0800194a   0x00000036   Code   RO         1963    i.HAL_TIM_Base_Init  stm32f4xx_hal_tim.o
    0x08001980   0x08001980   0x00000028   Code   RO          221    i.HAL_TIM_Base_MspInit  stm32f4xx_hal_msp.o
    0x080019a8   0x080019a8   0x0000001a   Code   RO         1966    i.HAL_TIM_Base_Start  stm32f4xx_hal_tim.o
    0x080019c2   0x080019c2   0x000000f2   Code   RO         1972    i.HAL_TIM_ConfigClockSource  stm32f4xx_hal_tim.o
    0x08001ab4   0x08001ab4   0x00000002   Code   RO         2733    i.HAL_UART_ErrorCallback  stm32f4xx_hal_uart.o
    0x08001ab6   0x08001ab6   0x0000000a   Code   RO         2735    i.HAL_UART_GetState  stm32f4xx_hal_uart.o
    0x08001ac0   0x08001ac0   0x00000110   Code   RO         2736    i.HAL_UART_IRQHandler  stm32f4xx_hal_uart.o
    0x08001bd0   0x08001bd0   0x00000062   Code   RO         2737    i.HAL_UART_Init     stm32f4xx_hal_uart.o
    0x08001c32   0x08001c32   0x00000002   PAD
    0x08001c34   0x08001c34   0x00000068   Code   RO          223    i.HAL_UART_MspInit  stm32f4xx_hal_msp.o
    0x08001c9c   0x08001c9c   0x00000002   Code   RO         2743    i.HAL_UART_RxCpltCallback  stm32f4xx_hal_uart.o
    0x08001c9e   0x08001c9e   0x000000ba   Code   RO         2745    i.HAL_UART_Transmit  stm32f4xx_hal_uart.o
    0x08001d58   0x08001d58   0x00000002   Code   RO         2748    i.HAL_UART_TxCpltCallback  stm32f4xx_hal_uart.o
    0x08001d5a   0x08001d5a   0x00000002   PAD
    0x08001d5c   0x08001d5c   0x000000c4   Code   RO          427    i.LIS3DSH_Init      lis3dsh.o
    0x08001e20   0x08001e20   0x00000050   Code   RO          429    i.LIS3DSH_Read      lis3dsh.o
    0x08001e70   0x08001e70   0x00000178   Code   RO          430    i.LIS3DSH_ReadACC   lis3dsh.o
    0x08001fe8   0x08001fe8   0x0000004c   Code   RO          431    i.LIS3DSH_SendByte  lis3dsh.o
    0x08002034   0x08002034   0x00000048   Code   RO          433    i.LIS3DSH_Write     lis3dsh.o
    0x0800207c   0x0800207c   0x00000054   Code   RO          279    i.MX_ADC1_Init      main.o
    0x080020d0   0x080020d0   0x000001ec   Code   RO          280    i.MX_GPIO_Init      main.o
    0x080022bc   0x080022bc   0x00000054   Code   RO          281    i.MX_TIM3_Init      main.o
    0x08002310   0x08002310   0x0000006c   Code   RO          282    i.MX_UART5_Init     main.o
    0x0800237c   0x0800237c   0x00000020   Code   RO         1032    i.NVIC_SetPriority  stm32f4xx_hal_cortex.o
    0x0800239c   0x0800239c   0x00000002   Code   RO          153    i.PendSV_Handler    stm32f4xx_it.o
    0x0800239e   0x0800239e   0x00000002   Code   RO          154    i.SVC_Handler       stm32f4xx_it.o
    0x080023a0   0x080023a0   0x00000024   Code   RO          155    i.SysTick_Handler   stm32f4xx_it.o
    0x080023c4   0x080023c4   0x000000a0   Code   RO          283    i.SystemClock_Config  main.o
    0x08002464   0x08002464   0x00000054   Code   RO           14    i.SystemInit        system_stm32f4xx.o
    0x080024b8   0x080024b8   0x000000c0   Code   RO         2047    i.TIM_Base_SetConfig  stm32f4xx_hal_tim.o
    0x08002578   0x08002578   0x00000014   Code   RO         2054    i.TIM_ETR_SetConfig  stm32f4xx_hal_tim.o
    0x0800258c   0x0800258c   0x00000010   Code   RO         2055    i.TIM_ITRx_SetConfig  stm32f4xx_hal_tim.o
    0x0800259c   0x0800259c   0x00000022   Code   RO         2061    i.TIM_TI1_ConfigInputStage  stm32f4xx_hal_tim.o
    0x080025be   0x080025be   0x00000024   Code   RO         2063    i.TIM_TI2_ConfigInputStage  stm32f4xx_hal_tim.o
    0x080025e2   0x080025e2   0x00000002   PAD
    0x080025e4   0x080025e4   0x0000004c   Code   RO          156    i.UART5_IRQHandler  stm32f4xx_it.o
    0x08002630   0x08002630   0x00000010   Code   RO         2750    i.UART_DMAAbortOnError  stm32f4xx_hal_uart.o
    0x08002640   0x08002640   0x0000001c   Code   RO         2760    i.UART_EndRxTransfer  stm32f4xx_hal_uart.o
    0x0800265c   0x0800265c   0x0000008c   Code   RO         2762    i.UART_Receive_IT   stm32f4xx_hal_uart.o
    0x080026e8   0x080026e8   0x000002ac   Code   RO         2763    i.UART_SetConfig    stm32f4xx_hal_uart.o
    0x08002994   0x08002994   0x00000062   Code   RO         2764    i.UART_Transmit_IT  stm32f4xx_hal_uart.o
    0x080029f6   0x080029f6   0x00000064   Code   RO         2765    i.UART_WaitOnFlagUntilTimeout  stm32f4xx_hal_uart.o
    0x08002a5a   0x08002a5a   0x00000002   PAD
    0x08002a5c   0x08002a5c   0x00000020   Code   RO         3632    i.__0printf         mc_w.l(printfa.o)
    0x08002a7c   0x08002a7c   0x00000030   Code   RO         3706    i.__ARM_fpclassify  m_wm.l(fpclassify.o)
    0x08002aac   0x08002aac   0x00000004   PAD
    0x08002ab0   0x08002ab0   0x000002d8   Code   RO         3672    i.__hardfp_atan     m_wm.l(atan.o)
    0x08002d88   0x08002d88   0x000001f0   Code   RO         3352    i.__hardfp_atan2    m_wm.l(atan2.o)
    0x08002f78   0x08002f78   0x00000c50   Code   RO         3364    i.__hardfp_pow      m_wm.l(pow.o)
    0x08003bc8   0x08003bc8   0x0000007a   Code   RO         3378    i.__hardfp_sqrt     m_wm.l(sqrt.o)
    0x08003c42   0x08003c42   0x000000f8   Code   RO         3708    i.__kernel_poly     m_wm.l(poly.o)
    0x08003d3a   0x08003d3a   0x00000006   PAD
    0x08003d40   0x08003d40   0x00000030   Code   RO         3686    i.__mathlib_dbl_divzero  m_wm.l(dunder.o)
    0x08003d70   0x08003d70   0x00000014   Code   RO         3687    i.__mathlib_dbl_infnan  m_wm.l(dunder.o)
    0x08003d84   0x08003d84   0x00000014   Code   RO         3688    i.__mathlib_dbl_infnan2  m_wm.l(dunder.o)
    0x08003d98   0x08003d98   0x00000020   Code   RO         3689    i.__mathlib_dbl_invalid  m_wm.l(dunder.o)
    0x08003db8   0x08003db8   0x00000020   Code   RO         3690    i.__mathlib_dbl_overflow  m_wm.l(dunder.o)
    0x08003dd8   0x08003dd8   0x00000020   Code   RO         3692    i.__mathlib_dbl_underflow  m_wm.l(dunder.o)
    0x08003df8   0x08003df8   0x0000000e   Code   RO         3762    i.__scatterload_copy  mc_w.l(handlers.o)
    0x08003e06   0x08003e06   0x00000002   Code   RO         3763    i.__scatterload_null  mc_w.l(handlers.o)
    0x08003e08   0x08003e08   0x0000000e   Code   RO         3764    i.__scatterload_zeroinit  mc_w.l(handlers.o)
    0x08003e16   0x08003e16   0x00000002   PAD
    0x08003e18   0x08003e18   0x0000000c   Code   RO         3736    i.__set_errno       mc_w.l(errno.o)
    0x08003e24   0x08003e24   0x00000184   Code   RO         3639    i._fp_digits        mc_w.l(printfa.o)
    0x08003fa8   0x08003fa8   0x000006dc   Code   RO         3640    i._printf_core      mc_w.l(printfa.o)
    0x08004684   0x08004684   0x00000024   Code   RO         3641    i._printf_post_padding  mc_w.l(printfa.o)
    0x080046a8   0x080046a8   0x0000002e   Code   RO         3642    i._printf_pre_padding  mc_w.l(printfa.o)
    0x080046d6   0x080046d6   0x00000010   Code   RO         3674    i.atan              m_wm.l(atan.o)
    0x080046e6   0x080046e6   0x00000018   Code   RO         3702    i.fabs              m_wm.l(fabs.o)
    0x080046fe   0x080046fe   0x00000002   PAD
    0x08004700   0x08004700   0x00000028   Code   RO          395    i.fputc             fput_debug.o
    0x08004728   0x08004728   0x00000020   Code   RO          285    i.initializeACC     main.o
    0x08004748   0x08004748   0x000003b0   Code   RO          286    i.main              main.o
    0x08004af8   0x08004af8   0x000000c8   Code   RO          287    i.pitchCalculation  main.o
    0x08004bc0   0x08004bc0   0x000000c8   Code   RO          288    i.rollCalculation   main.o
    0x08004c88   0x08004c88   0x0000006e   Code   RO         3380    i.sqrt              m_wm.l(sqrt.o)
    0x08004cf6   0x08004cf6   0x00000002   PAD
    0x08004cf8   0x08004cf8   0x00000084   Code   RO          289    i.tapDetection      main.o
    0x08004d7c   0x08004d7c   0x00000010   Data   RO           15    .constdata          system_stm32f4xx.o
    0x08004d8c   0x08004d8c   0x00000008   Data   RO           16    .constdata          system_stm32f4xx.o
    0x08004d94   0x08004d94   0x00000014   Data   RO          294    .constdata          main.o
    0x08004da8   0x08004da8   0x00000088   Data   RO         3367    .constdata          m_wm.l(pow.o)
    0x08004e30   0x08004e30   0x00000098   Data   RO         3675    .constdata          m_wm.l(atan.o)
    0x08004ec8   0x08004ec8   0x00000008   Data   RO         3710    .constdata          m_wm.l(qnan.o)
    0x08004ed0   0x08004ed0   0x00000020   Data   RO         3760    Region$$Table       anon$$obj.o


    Execution Region RW_IRAM1 (Exec base: 0x20000000, Load base: 0x08004ef0, Size: 0x00010890, Max: 0x00020000, ABSOLUTE)

    Exec Addr    Load Addr    Size         Type   Attr      Idx    E Section Name        Object

    0x20000000   0x08004ef0   0x00000004   Data   RW           17    .data               system_stm32f4xx.o
    0x20000004   0x08004ef4   0x00000002   Data   RW          158    .data               stm32f4xx_it.o
    0x20000006   0x08004ef6   0x00000002   PAD
    0x20000008   0x08004ef8   0x0000004a   Data   RW          296    .data               main.o
    0x20000052   0x08004f42   0x00000002   PAD
    0x20000054   0x08004f44   0x00000004   Data   RW          437    .data               lis3dsh.o
    0x20000058   0x08004f48   0x0000000c   Data   RW         1174    .data               stm32f4xx_hal.o
    0x20000064   0x08004f54   0x00000004   Data   RW         3725    .data               mc_w.l(stdout.o)
    0x20000068   0x08004f58   0x00000004   Data   RW         3737    .data               mc_w.l(errno.o)
    0x2000006c        -       0x00000100   Zero   RW          157    .bss                stm32f4xx_it.o
    0x2000016c        -       0x000102cc   Zero   RW          290    .bss                main.o
    0x20010438        -       0x00000058   Zero   RW          436    .bss                lis3dsh.o
    0x20010490        -       0x00000400   Zero   RW            1    STACK               startup_stm32f407xx.o


==============================================================================

Image component sizes


      Code (inc. data)   RO Data    RW Data    ZI Data      Debug   Object Name

        40          4          0          0          0      27431   fput_debug.o
       984        130          0          4         88       5528   lis3dsh.o
      2636        346         20         74      66252      45719   main.o
        36          8        392          0       1024        888   startup_stm32f407xx.o
       176          0          0          0          0       2340   stm32f4_xx_hal_spi.o
       144         24          0         12          0       4229   stm32f4xx_hal.o
      1234         48          0          0          0       6725   stm32f4xx_hal_adc.o
         2          0          0          0          0       1081   stm32f4xx_hal_adc_ex.o
       228         14          0          0          0      32577   stm32f4xx_hal_cortex.o
        36          0          0          0          0       1311   stm32f4xx_hal_dma.o
       478         50          0          0          0       4547   stm32f4xx_hal_gpio.o
       316         40          0          0          0       3018   stm32f4xx_hal_msp.o
      1272         82          0          0          0       5960   stm32f4xx_hal_rcc.o
       620         44          0          0          0       7130   stm32f4xx_hal_tim.o
        80          0          0          0          0       1388   stm32f4xx_hal_tim_ex.o
      1638         14          0          0          0      10827   stm32f4xx_hal_uart.o
       134         26          0          2        256       3971   stm32f4xx_it.o
        84         18         24          4          0     707679   system_stm32f4xx.o

    ----------------------------------------------------------------------
     10156        848        468        100      67620     872349   Object Totals
         0          0         32          0          0          0   (incl. Generated)
        18          0          0          4          0          0   (incl. Padding)

    ----------------------------------------------------------------------

      Code (inc. data)   RO Data    RW Data    ZI Data      Debug   Library Member Name

       744        106        152          0          0        352   atan.o
       496         64          0          0          0        192   atan2.o
       184         44          0          0          0        744   dunder.o
        24          0          0          0          0        124   fabs.o
        48          0          0          0          0        124   fpclassify.o
       248          0          0          0          0        152   poly.o
      3152        296        136          0          0        352   pow.o
         0          0          8          0          0          0   qnan.o
       232          0          0          0          0        296   sqrt.o
         0          0          0          0          0          0   entry.o
         0          0          0          0          0          0   entry10a.o
         0          0          0          0          0          0   entry11a.o
         8          4          0          0          0          0   entry2.o
         4          0          0          0          0          0   entry5.o
         0          0          0          0          0          0   entry7b.o
         0          0          0          0          0          0   entry8b.o
         8          4          0          0          0          0   entry9a.o
        12          6          0          4          0         68   errno.o
        30          0          0          0          0          0   handlers.o
        36          8          0          0          0         68   init.o
         0          0          0          0          0          0   iusefp.o
        30          0          0          0          0         68   llshl.o
        36          0          0          0          0         68   llsshr.o
        32          0          0          0          0         68   llushr.o
        36          0          0          0          0         68   memcpya.o
      2258         90          0          0          0        452   printfa.o
         0          0          0          4          0          0   stdout.o
        44          0          0          0          0         80   uidiv.o
        98          0          0          0          0         92   uldiv.o
        48          0          0          0          0         68   cdrcmple.o
        56          0          0          0          0         88   d2f.o
       334          0          0          0          0        148   dadd.o
       222          0          0          0          0        100   ddiv.o
       186          0          0          0          0        176   depilogue.o
        48          0          0          0          0         68   dfixul.o
        34          0          0          0          0         76   dflti.o
       228          0          0          0          0         96   dmul.o
        46          0          0          0          0         80   dscalb.o
       162          0          0          0          0        100   dsqrt.o
        38          0          0          0          0         68   f2d.o
       110          0          0          0          0        168   fepilogue.o

    ----------------------------------------------------------------------
      9288        622        296          8          0       4604   Library Totals
        16          0          0          0          0          0   (incl. Padding)

    ----------------------------------------------------------------------

      Code (inc. data)   RO Data    RW Data    ZI Data      Debug   Library Name

      5128        510        296          0          0       2336   m_wm.l
      2632        112          0          8          0       1032   mc_w.l
      1512          0          0          0          0       1236   mf_w.l

    ----------------------------------------------------------------------
      9288        622        296          8          0       4604   Library Totals

    ----------------------------------------------------------------------

==============================================================================


      Code (inc. data)   RO Data    RW Data    ZI Data      Debug   

     19444       1470        764        108      67620     866513   Grand Totals
     19444       1470        764        108      67620     866513   ELF Image Totals
     19444       1470        764        108          0          0   ROM Totals

==============================================================================

    Total RO  Size (Code + RO Data)                20208 (  19.73kB)
    Total RW  Size (RW Data + ZI Data)             67728 (  66.14kB)
    Total ROM Size (Code + RO Data + RW Data)      20316 (  19.84kB)

==============================================================================

