Component: ARM Compiler 5.06 update 5 (build 528) Tool: armlink [4d35e2]

==============================================================================

Section Cross References

    bluenrg_interface.o(i.HAL_GPIO_EXTI_Callback) refers to hci.o(i.HCI_Isr) for HCI_Isr
    clock.o(i.Clock_Time) refers to stm32f4xx_hal.o(i.HAL_GetTick) for HAL_GetTick
    clock.o(i.Clock_Wait) refers to stm32f4xx_hal.o(i.HAL_Delay) for HAL_Delay
    cube_hal_f4.o(i.SystemClock_Config) refers to stm32f4xx_hal_rcc.o(i.HAL_RCC_OscConfig) for HAL_RCC_OscConfig
    cube_hal_f4.o(i.SystemClock_Config) refers to stm32f4xx_hal_rcc.o(i.HAL_RCC_ClockConfig) for HAL_RCC_ClockConfig
    stm32xx_it.o(i.EXTI0_IRQHandler) refers to stm32f4xx_hal_gpio.o(i.HAL_GPIO_EXTI_IRQHandler) for HAL_GPIO_EXTI_IRQHandler
    stm32xx_it.o(i.EXTI15_10_IRQHandler) refers to stm32f4xx_hal_gpio.o(i.HAL_GPIO_EXTI_IRQHandler) for HAL_GPIO_EXTI_IRQHandler
    stm32xx_it.o(i.EXTI15_10_IRQHandler) refers to stm32xx_it.o(.data) for button_event
    stm32xx_it.o(i.SysTick_Handler) refers to stm32f4xx_hal.o(i.HAL_IncTick) for HAL_IncTick
    stm32xx_it.o(i.SysTick_Handler) refers to stm32xx_it.o(.data) for ms_counter
    stm32xx_it.o(i.USART1_IRQHandler) refers to stm32f4xx_hal_usart.o(i.HAL_USART_GetState) for HAL_USART_GetState
    stm32xx_it.o(i.USART1_IRQHandler) refers to main.o(.bss) for huart1
    stm32xx_it.o(i.USART1_IRQHandler) refers to stm32xx_it.o(.bss) for rx_buffer
    stm32xx_it.o(i.USART1_IRQHandler) refers to stm32xx_it.o(.data) for buffer_head
    stm32xx_it.o(i.rx_available) refers to stm32xx_it.o(.data) for buffer_head
    stm32xx_it.o(i.rx_read_byte) refers to stm32xx_it.o(i.rx_available) for rx_available
    stm32xx_it.o(i.rx_read_byte) refers to stm32xx_it.o(.data) for buffer_tail
    stm32xx_it.o(i.rx_read_byte) refers to stm32xx_it.o(.bss) for rx_buffer
    main.o(i.UART_Init) refers to stm32f4xx_hal_uart.o(i.HAL_UART_Init) for HAL_UART_Init
    main.o(i.UART_Init) refers to stm32f4xx_hal_cortex.o(i.HAL_NVIC_SetPriority) for HAL_NVIC_SetPriority
    main.o(i.UART_Init) refers to main.o(.bss) for huart1
    main.o(i.User_Process) refers to sensor_service.o(i.setConnectable) for setConnectable
    main.o(i.User_Process) refers to stm32f4xx_nucleo.o(i.BSP_PB_GetState) for BSP_PB_GetState
    main.o(i.User_Process) refers to sensor_service.o(i.Acc_Update) for Acc_Update
    main.o(i.User_Process) refers to sensor_service.o(.data) for set_connectable
    main.o(i.main) refers to _printf_percent.o(.ARM.Collect$$_printf_percent$$00000000) for _printf_percent
    main.o(i.main) refers to _printf_d.o(.ARM.Collect$$_printf_percent$$00000009) for _printf_d
    main.o(i.main) refers to _printf_dec.o(.text) for _printf_int_dec
    main.o(i.main) refers to stm32f4xx_hal.o(i.HAL_Init) for HAL_Init
    main.o(i.main) refers to stm32f4xx_nucleo.o(i.BSP_PB_Init) for BSP_PB_Init
    main.o(i.main) refers to cube_hal_f4.o(i.SystemClock_Config) for SystemClock_Config
    main.o(i.main) refers to main.o(i.UART_Init) for UART_Init
    main.o(i.main) refers to stm32_bluenrg_ble.o(i.BNRG_SPI_Init) for BNRG_SPI_Init
    main.o(i.main) refers to hci.o(i.HCI_Init) for HCI_Init
    main.o(i.main) refers to stm32_bluenrg_ble.o(i.BlueNRG_RST) for BlueNRG_RST
    main.o(i.main) refers to bluenrg_utils_small.o(i.getBlueNRGVersion) for getBlueNRGVersion
    main.o(i.main) refers to noretval__2printf.o(.text) for __2printf
    main.o(i.main) refers to osal.o(i.Osal_MemCpy) for Osal_MemCpy
    main.o(i.main) refers to bluenrg_hal_aci.o(i.aci_hal_write_config_data) for aci_hal_write_config_data
    main.o(i.main) refers to bluenrg_gatt_aci.o(i.aci_gatt_init) for aci_gatt_init
    main.o(i.main) refers to bluenrg_gap_aci.o(i.aci_gap_init_IDB05A1) for aci_gap_init_IDB05A1
    main.o(i.main) refers to bluenrg_gap_aci.o(i.aci_gap_init_IDB04A1) for aci_gap_init_IDB04A1
    main.o(i.main) refers to strlen.o(.text) for strlen
    main.o(i.main) refers to bluenrg_gatt_aci.o(i.aci_gatt_update_char_value) for aci_gatt_update_char_value
    main.o(i.main) refers to bluenrg_gap_aci.o(i.aci_gap_set_auth_requirement) for aci_gap_set_auth_requirement
    main.o(i.main) refers to sensor_service.o(i.Add_Acc_Service) for Add_Acc_Service
    main.o(i.main) refers to sensor_service.o(i.Add_Environmental_Sensor_Service) for Add_Environmental_Sensor_Service
    main.o(i.main) refers to bluenrg_hal_aci.o(i.aci_hal_set_tx_power_level) for aci_hal_set_tx_power_level
    main.o(i.main) refers to stm32xx_it.o(i.rx_available) for rx_available
    main.o(i.main) refers to stm32xx_it.o(i.rx_read_byte) for rx_read_byte
    main.o(i.main) refers to rt_memclr_w.o(.text) for __aeabi_memclr4
    main.o(i.main) refers to hci.o(i.HCI_Process) for HCI_Process
    main.o(i.main) refers to main.o(i.User_Process) for User_Process
    main.o(i.main) refers to main.o(.data) for bnrg_expansion_board
    main.o(i.main) refers to main.o(.bss) for uartBuffer
[...]
    i.HCI_Queue_Empty                        0x08002eb4   Section        0  hci.o(i.HCI_Queue_Empty)
    i.HCI_verify                             0x08002ec4   Section        0  hci.o(i.HCI_verify)
    i.Hal_Write_Serial                       0x08002ee8   Section        0  stm32_bluenrg_ble.o(i.Hal_Write_Serial)
    i.HardFault_Handler                      0x08002f38   Section        0  stm32xx_it.o(i.HardFault_Handler)
    i.Humidity_Update                        0x08002f3c   Section        0  sensor_service.o(i.Humidity_Update)
    i.ITM_SendChar                           0x08002f9c   Section        0  retarget_io.o(i.ITM_SendChar)
    i.NMI_Handler                            0x08002fcc   Section        0  stm32xx_it.o(i.NMI_Handler)
    i.NVIC_GetPriorityGrouping               0x08002fd0   Section        0  stm32f4xx_hal_cortex.o(i.NVIC_GetPriorityGrouping)
    NVIC_GetPriorityGrouping                 0x08002fd1   Thumb Code    10  stm32f4xx_hal_cortex.o(i.NVIC_GetPriorityGrouping)
    i.NVIC_SetPriority                       0x08002fe0   Section        0  stm32f4xx_hal_cortex.o(i.NVIC_SetPriority)
    NVIC_SetPriority                         0x08002fe1   Thumb Code    32  stm32f4xx_hal_cortex.o(i.NVIC_SetPriority)
    i.Osal_MemCpy                            0x08003008   Section        0  osal.o(i.Osal_MemCpy)
    i.Osal_MemSet                            0x0800301c   Section        0  osal.o(i.Osal_MemSet)
    i.PendSV_Handler                         0x08003030   Section        0  stm32xx_it.o(i.PendSV_Handler)
    i.Press_Update                           0x08003034   Section        0  sensor_service.o(i.Press_Update)
    i.Read_Request_CB                        0x08003094   Section        0  sensor_service.o(i.Read_Request_CB)
    i.SPI_WaitOnFlagUntilTimeout             0x08003188   Section        0  stm32f4xx_hal_spi.o(i.SPI_WaitOnFlagUntilTimeout)
    SPI_WaitOnFlagUntilTimeout               0x08003189   Thumb Code   276  stm32f4xx_hal_spi.o(i.SPI_WaitOnFlagUntilTimeout)
    i.SVC_Handler                            0x0800329c   Section        0  stm32xx_it.o(i.SVC_Handler)
    i.SysTick_Handler                        0x080032a0   Section        0  stm32xx_it.o(i.SysTick_Handler)
    i.SystemClock_Config                     0x080032b8   Section        0  cube_hal_f4.o(i.SystemClock_Config)
    i.SystemInit                             0x080032fc   Section        0  system_stm32f4xx_1.o(i.SystemInit)
    i.Temp_Update                            0x08003360   Section        0  sensor_service.o(i.Temp_Update)
    i.Timer_Expired                          0x080033c0   Section        0  gp_timer.o(i.Timer_Expired)
    i.Timer_Set                              0x080033dc   Section        0  gp_timer.o(i.Timer_Set)
    i.UART_Init                              0x080033ec   Section        0  main.o(i.UART_Init)
    UART_Init                                0x080033ed   Thumb Code   118  main.o(i.UART_Init)
    i.UART_SetConfig                         0x08003470   Section        0  stm32f4xx_hal_uart.o(i.UART_SetConfig)
    UART_SetConfig                           0x08003471   Thumb Code   538  stm32f4xx_hal_uart.o(i.UART_SetConfig)
    i.USART1_IRQHandler                      0x08003694   Section        0  stm32xx_it.o(i.USART1_IRQHandler)
    i.User_Process                           0x080036e8   Section        0  main.o(i.User_Process)
    i.__get_PRIMASK                          0x08003738   Section        0  list.o(i.__get_PRIMASK)
    __get_PRIMASK                            0x08003739   Thumb Code     6  list.o(i.__get_PRIMASK)
    i.__set_PRIMASK                          0x0800373e   Section        0  list.o(i.__set_PRIMASK)
    __set_PRIMASK                            0x0800373f   Thumb Code     6  list.o(i.__set_PRIMASK)
    i._is_digit                              0x08003744   Section        0  __printf_wp.o(i._is_digit)
    i._sys_close                             0x08003752   Section        0  retarget_io.o(i._sys_close)
    i._sys_flen                              0x08003778   Section        0  retarget_io.o(i._sys_flen)
    i._sys_istty                             0x0800379c   Section        0  retarget_io.o(i._sys_istty)
    i._sys_open                              0x080037c0   Section        0  retarget_io.o(i._sys_open)
    i._sys_seek                              0x08003828   Section        0  retarget_io.o(i._sys_seek)
    i._sys_write                             0x08003854   Section        0  retarget_io.o(i._sys_write)
    i.aci_gap_init_IDB04A1                   0x0800389a   Section        0  bluenrg_gap_aci.o(i.aci_gap_init_IDB04A1)
    i.aci_gap_init_IDB05A1                   0x0800390c   Section        0  bluenrg_gap_aci.o(i.aci_gap_init_IDB05A1)
    i.aci_gap_set_auth_requirement           0x08003994   Section        0  bluenrg_gap_aci.o(i.aci_gap_set_auth_requirement)
    i.aci_gap_set_discoverable               0x08003a1c   Section        0  bluenrg_gap_aci.o(i.aci_gap_set_discoverable)
    i.aci_gatt_add_char                      0x08003b28   Section        0  bluenrg_gatt_aci.o(i.aci_gatt_add_char)
    i.aci_gatt_add_char_desc                 0x08003c08   Section        0  bluenrg_gatt_aci.o(i.aci_gatt_add_char_desc)
    i.aci_gatt_add_serv                      0x08003d1a   Section        0  bluenrg_gatt_aci.o(i.aci_gatt_add_serv)
    i.aci_gatt_allow_read                    0x08003dba   Section        0  bluenrg_gatt_aci.o(i.aci_gatt_allow_read)
    i.aci_gatt_init                          0x08003e02   Section        0  bluenrg_gatt_aci.o(i.aci_gatt_init)
    i.aci_gatt_update_char_value             0x08003e3e   Section        0  bluenrg_gatt_aci.o(i.aci_gatt_update_char_value)
    i.aci_hal_set_tx_power_level             0x08003ee8   Section        0  bluenrg_hal_aci.o(i.aci_hal_set_tx_power_level)
    i.aci_hal_write_config_data              0x08003f40   Section        0  bluenrg_hal_aci.o(i.aci_hal_write_config_data)
    i.fputc                                  0x08003fbc   Section        0  fput_debug.o(i.fputc)
    i.getBlueNRGVersion                      0x08003ff4   Section        0  bluenrg_utils_small.o(i.getBlueNRGVersion)
    i.hci_le_read_local_version              0x0800404a   Section        0  hci.o(i.hci_le_read_local_version)
    i.hci_le_set_scan_resp_data              0x080040ce   Section        0  hci.o(i.hci_le_set_scan_resp_data)
    i.hci_send_cmd                           0x08004138   Section        0  hci.o(i.hci_send_cmd)
    i.hci_send_req                           0x08004174   Section        0  hci.o(i.hci_send_req)
    i.hci_write                              0x0800432c   Section        0  hci.o(i.hci_write)
    i.list_init_head                         0x08004348   Section        0  list.o(i.list_init_head)
    i.list_insert_head                       0x0800434e   Section        0  list.o(i.list_insert_head)
    i.list_insert_tail                       0x08004370   Section        0  list.o(i.list_insert_tail)
    i.list_is_empty                          0x08004392   Section        0  list.o(i.list_is_empty)
    i.list_remove_head                       0x080043b4   Section        0  list.o(i.list_remove_head)
    i.list_remove_node                       0x080043de   Section        0  list.o(i.list_remove_node)
    i.main                                   0x08004400   Section        0  main.o(i.main)
    i.move_list                              0x08004778   Section        0  hci.o(i.move_list)
    move_list                                0x08004779   Thumb Code    36  hci.o(i.move_list)
    i.rx_available                           0x0800479c   Section        0  stm32xx_it.o(i.rx_available)
    i.rx_read_byte                           0x080047cc   Section        0  stm32xx_it.o(i.rx_read_byte)
    i.setConnectable                         0x080047f0   Section        0  sensor_service.o(i.setConnectable)
    i.set_irq_as_input                       0x0800488c   Section        0  stm32_bluenrg_ble.o(i.set_irq_as_input)
    i.set_irq_as_output                      0x080048c4   Section        0  stm32_bluenrg_ble.o(i.set_irq_as_output)
    i.stdout_putchar                         0x080048f0   Section        0  retarget_io.o(i.stdout_putchar)
    stdout_putchar                           0x080048f1   Thumb Code    12  retarget_io.o(i.stdout_putchar)
    i.us150Delay                             0x080048fc   Section        0  stm32_bluenrg_ble.o(i.us150Delay)
    us150Delay                               0x080048fd   Thumb Code    28  stm32_bluenrg_ble.o(i.us150Delay)
    x$fpl$fpinit                             0x08004918   Section       10  fpinit.o(x$fpl$fpinit)
    $v0                                      0x08004918   Number         0  fpinit.o(x$fpl$fpinit)
    .constdata                               0x08004924   Section        4  clock.o(.constdata)
    .constdata                               0x08004928   Section        5  stm32f4xx_nucleo.o(.constdata)
    .constdata                               0x0800492d   Section       16  stm32f4xx_hal_rcc.o(.constdata)
    .constdata                               0x0800493d   Section       23  retarget_io.o(.constdata)
    .constdata                               0x08004954   Section       40  _printf_hex_int.o(.constdata)
    uc_hextab                                0x08004954   Data          20  _printf_hex_int.o(.constdata)
    lc_hextab                                0x08004968   Data          20  _printf_hex_int.o(.constdata)
    .constdata                               0x0800497c   Section       17  __printf_flags_wp.o(.constdata)
    maptable                                 0x0800497c   Data          17  __printf_flags_wp.o(.constdata)
    .conststring                             0x08004990   Section      222  sensor_service.o(.conststring)
    .data                                    0x20000000   Section        7  stm32xx_it.o(.data)
    .data                                    0x20000008   Section        8  main.o(.data)
    .data                                    0x20000010   Section       30  sensor_service.o(.data)
    .data                                    0x20000030   Section       19  hci.o(.data)
    readPacketListFull                       0x20000040   Data           1  hci.o(.data)
    hci_timer_id                             0x20000041   Data           1  hci.o(.data)
    hci_timeout                              0x20000042   Data           1  hci.o(.data)
    .data                                    0x20000044   Section       12  stm32f4xx_nucleo.o(.data)
    .data                                    0x20000050   Section       20  system_stm32f4xx_1.o(.data)
    .data                                    0x20000064   Section        4  stm32f4xx_hal.o(.data)
    uwTick                                   0x20000064   Data           4  stm32f4xx_hal.o(.data)
    .data                                    0x20000068   Section        4  stdio_streams.o(.data)
    .data                                    0x2000006c   Section        4  stdio_streams.o(.data)
    .data                                    0x20000070   Section        4  stdio_streams.o(.data)
    .bss                                     0x20000074   Section      256  stm32xx_it.o(.bss)
    .bss                                     0x20000174   Section    64064  main.o(.bss)
    .bss                                     0x2000fbb4   Section       12  sensor_service.o(.bss)
    .bss                                     0x2000fbc0   Section      700  hci.o(.bss)
    hciReadPacketBuffer                      0x2000fbc0   Data         700  hci.o(.bss)
    .bss                                     0x2000fe7c   Section       88  stm32_bluenrg_ble.o(.bss)
    .bss                                     0x2000fed4   Section      228  rand.o(.bss)
    .bss                                     0x2000ffb8   Section       84  stdio_streams.o(.bss)
    .bss                                     0x2001000c   Section       84  stdio_streams.o(.bss)
    .bss                                     0x20010060   Section       84  stdio_streams.o(.bss)
    .bss                                     0x200100b4   Section       96  libspace.o(.bss)
    HEAP                                     0x20010118   Section      512  startup_stm32f401xe.o(HEAP)
    Heap_Mem                                 0x20010118   Data         512  startup_stm32f401xe.o(HEAP)
    STACK                                    0x20010318   Section     1024  startup_stm32f401xe.o(STACK)
    Stack_Mem                                0x20010318   Data        1024  startup_stm32f401xe.o(STACK)
    __initial_sp                             0x20010718   Data           0  startup_stm32f401xe.o(STACK)

    Global Symbols

    Symbol Name                              Value     Ov Type        Size  Object(Section)

    BuildAttributes$$THM_ISAv4$E$P$D$K$B$S$7EM$VFPi3$EXTD16$VFPS$VFMA$PE$A:L22UL41UL21$X:L11$S22US41US21$IEEE1$IW$USESV6$~STKCKD$USESV7$~SHL$OTIME$ROPI$EBA8$UX$STANDARDLIB$REQ8$PRES8$EABIv2 0x00000000   Number         0  anon$$obj.o ABSOLUTE
    __ARM_use_no_argv                        0x00000000   Number         0  main.o ABSOLUTE
    _printf_flags                            0x00000000   Number         0  printf_stubs.o ABSOLUTE
    _printf_return_value                     0x00000000   Number         0  printf_stubs.o ABSOLUTE
    _printf_sizespec                         0x00000000   Number         0  printf_stubs.o ABSOLUTE
    _printf_widthprec                        0x00000000   Number         0  printf_stubs.o ABSOLUTE
    __ARM_exceptions_init                     - Undefined Weak Reference
    __alloca_initialize                       - Undefined Weak Reference
    __arm_preinit_                            - Undefined Weak Reference
    __cpp_initialize__aeabi_                  - Undefined Weak Reference
    __cxa_finalize                            - Undefined Weak Reference
    __rt_locale                               - Undefined Weak Reference
    __sigvec_lookup                           - Undefined Weak Reference
    __user_heap_extent                        - Undefined Weak Reference
    _atexit_init                              - Undefined Weak Reference
    _call_atexit_fns                          - Undefined Weak Reference
    _clock_init                               - Undefined Weak Reference
    _fp_trap_init                             - Undefined Weak Reference
    _fp_trap_shutdown                         - Undefined Weak Reference
    _get_lc_collate                           - Undefined Weak Reference
    _get_lc_ctype                             - Undefined Weak Reference
    _get_lc_monetary                          - Undefined Weak Reference
    _get_lc_numeric                           - Undefined Weak Reference
    _get_lc_time                              - Undefined Weak Reference
    _getenv_init                              - Undefined Weak Reference
    _handle_redirection                       - Undefined Weak Reference
    _mutex_acquire                            - Undefined Weak Reference
    _mutex_free                               - Undefined Weak Reference
    _mutex_release                            - Undefined Weak Reference
    _printf_truncate_signed                   - Undefined Weak Reference
    _printf_truncate_unsigned                 - Undefined Weak Reference
    _signal_finish                            - Undefined Weak Reference
    _signal_init                              - Undefined Weak Reference
    __Vectors_Size                           0x00000194   Number         0  startup_stm32f401xe.o ABSOLUTE
    __Vectors                                0x08000000   Data           4  startup_stm32f401xe.o(RESET)
    __Vectors_End                            0x08000194   Data           0  startup_stm32f401xe.o(RESET)
    __main                                   0x08000195   Thumb Code     8  __main.o(!!!main)
    __scatterload                            0x0800019d   Thumb Code     0  __scatter.o(!!!scatter)
    __scatterload_rt2                        0x0800019d   Thumb Code    44  __scatter.o(!!!scatter)
    __scatterload_rt2_thumb_only             0x0800019d   Thumb Code     0  __scatter.o(!!!scatter)
    __scatterload_null                       0x080001ab   Thumb Code     0  __scatter.o(!!!scatter)
    __scatterload_copy                       0x080001d1   Thumb Code    26  __scatter_copy.o(!!handler_copy)
    __scatterload_zeroinit                   0x080001ed   Thumb Code    28  __scatter_zi.o(!!handler_zi)
    _printf_d                                0x08000209   Thumb Code     0  _printf_d.o(.ARM.Collect$$_printf_percent$$00000009)
    _printf_percent                          0x08000209   Thumb Code     0  _printf_percent.o(.ARM.Collect$$_printf_percent$$00000000)
    _printf_x                                0x0800020f   Thumb Code     0  _printf_x.o(.ARM.Collect$$_printf_percent$$0000000C)
    _printf_percent_end                      0x08000215   Thumb Code     0  _printf_percent_end.o(.ARM.Collect$$_printf_percent$$00000017)
    __rt_lib_init                            0x08000219   Thumb Code     0  libinit.o(.ARM.Collect$$libinit$$00000000)
    __rt_lib_init_fp_1                       0x0800021b   Thumb Code     0  libinit2.o(.ARM.Collect$$libinit$$00000001)
    __rt_lib_init_heap_2                     0x0800021f   Thumb Code     0  libinit2.o(.ARM.Collect$$libinit$$00000005)
    __rt_lib_init_preinit_1                  0x0800021f   Thumb Code     0  libinit2.o(.ARM.Collect$$libinit$$00000004)
    __rt_lib_init_heap_1                     0x08000227   Thumb Code     0  libinit2.o(.ARM.Collect$$libinit$$0000000A)
    __rt_lib_init_rand_2                     0x08000227   Thumb Code     0  libinit2.o(.ARM.Collect$$libinit$$0000000D)
    __rt_lib_init_user_alloc_1               0x08000227   Thumb Code     0  libinit2.o(.ARM.Collect$$libinit$$0000000C)
    __rt_lib_init_atexit_1                   0x0800022b   Thumb Code     0  libinit2.o(.ARM.Collect$$libinit$$0000001B)
    __rt_lib_init_clock_1                    0x0800022b   Thumb Code     0  libinit2.o(.ARM.Collect$$libinit$$00000021)
    __rt_lib_init_fp_trap_1                  0x0800022b   Thumb Code     0  libinit2.o(.ARM.Collect$$libinit$$0000001F)
    __rt_lib_init_getenv_1                   0x0800022b   Thumb Code     0  libinit2.o(.ARM.Collect$$libinit$$00000023)
    __rt_lib_init_lc_collate_1               0x0800022b   Thumb Code     0  libinit2.o(.ARM.Collect$$libinit$$00000011)
    __rt_lib_init_lc_ctype_1                 0x0800022b   Thumb Code     0  libinit2.o(.ARM.Collect$$libinit$$00000013)
    __rt_lib_init_lc_monetary_1              0x0800022b   Thumb Code     0  libinit2.o(.ARM.Collect$$libinit$$00000015)
    __rt_lib_init_lc_numeric_1               0x0800022b   Thumb Code     0  libinit2.o(.ARM.Collect$$libinit$$00000017)
    __rt_lib_init_lc_time_1                  0x0800022b   Thumb Code     0  libinit2.o(.ARM.Collect$$libinit$$00000019)
    __rt_lib_init_rand_1                     0x0800022b   Thumb Code     0  libinit2.o(.ARM.Collect$$libinit$$0000000E)
    __rt_lib_init_signal_1                   0x0800022b   Thumb Code     0  libinit2.o(.ARM.Collect$$libinit$$0000001D)
    __rt_lib_init_stdio_2                    0x0800022b   Thumb Code     0  libinit2.o(.ARM.Collect$$libinit$$00000024)
    __rt_lib_init_alloca_1                   0x0800022f   Thumb Code     0  libinit2.o(.ARM.Collect$$libinit$$0000002E)
    __rt_lib_init_argv_1                     0x0800022f   Thumb Code     0  libinit2.o(.ARM.Collect$$libinit$$0000002C)
    __rt_lib_init_cpp_1                      0x0800022f   Thumb Code     0  libinit2.o(.ARM.Collect$$libinit$$00000032)
    __rt_lib_init_exceptions_1               0x0800022f   Thumb Code     0  libinit2.o(.ARM.Collect$$libinit$$00000030)
    __rt_lib_init_return                     0x0800022f   Thumb Code     0  libinit2.o(.ARM.Collect$$libinit$$00000033)
    __rt_lib_init_stdio_1                    0x0800022f   Thumb Code     0  libinit2.o(.ARM.Collect$$libinit$$00000025)
    __rt_lib_shutdown                        0x08000231   Thumb Code     0  libshutdown.o(.ARM.Collect$$libshutdown$$00000000)
    __rt_lib_shutdown_cpp_1                  0x08000233   Thumb Code     0  libshutdown2.o(.ARM.Collect$$libshutdown$$00000002)
    __rt_lib_shutdown_stdio_2                0x08000233   Thumb Code     0  libshutdown2.o(.ARM.Collect$$libshutdown$$00000003)
    __rt_lib_shutdown_fp_trap_1              0x08000237   Thumb Code     0  libshutdown2.o(.ARM.Collect$$libshutdown$$00000007)
    __rt_lib_shutdown_heap_1                 0x08000237   Thumb Code     0  libshutdown2.o(.ARM.Collect$$libshutdown$$0000000F)
    __rt_lib_shutdown_return                 0x08000237   Thumb Code     0  libshutdown2.o(.ARM.Collect$$libshutdown$$00000010)
    __rt_lib_shutdown_signal_1               0x08000237   Thumb Code     0  libshutdown2.o(.ARM.Collect$$libshutdown$$0000000A)
    __rt_lib_shutdown_stdio_1                0x08000237   Thumb Code     0  libshutdown2.o(.ARM.Collect$$libshutdown$$00000004)
    __rt_lib_shutdown_user_alloc_1           0x08000237   Thumb Code     0  libshutdown2.o(.ARM.Collect$$libshutdown$$0000000C)
    __rt_entry                               0x08000239   Thumb Code     0  __rtentry.o(.ARM.Collect$$rtentry$$00000000)
    __rt_entry_presh_1                       0x08000239   Thumb Code     0  __rtentry2.o(.ARM.Collect$$rtentry$$00000002)
    __rt_entry_sh                            0x08000239   Thumb Code     0  __rtentry4.o(.ARM.Collect$$rtentry$$00000004)
    __rt_entry_li                            0x0800023f   Thumb Code     0  __rtentry2.o(.ARM.Collect$$rtentry$$0000000A)
    __rt_entry_postsh_1                      0x0800023f   Thumb Code     0  __rtentry2.o(.ARM.Collect$$rtentry$$00000009)
    __rt_entry_main                          0x08000243   Thumb Code     0  __rtentry2.o(.ARM.Collect$$rtentry$$0000000D)
    __rt_entry_postli_1                      0x08000243   Thumb Code     0  __rtentry2.o(.ARM.Collect$$rtentry$$0000000C)
    __rt_exit                                0x0800024b   Thumb Code     0  rtexit.o(.ARM.Collect$$rtexit$$00000000)
    __rt_exit_ls                             0x0800024d   Thumb Code     0  rtexit2.o(.ARM.Collect$$rtexit$$00000003)
    __rt_exit_prels_1                        0x0800024d   Thumb Code     0  rtexit2.o(.ARM.Collect$$rtexit$$00000002)
    __rt_exit_exit                           0x08000251   Thumb Code     0  rtexit2.o(.ARM.Collect$$rtexit$$00000004)
    rand                                     0x08000259   Thumb Code    48  rand.o(.emb_text)
    Reset_Handler                            0x0800028d   Thumb Code     8  startup_stm32f401xe.o(.text)
    _maybe_terminate_alloc                   0x0800028d   Thumb Code     0  maybetermalloc1.o(.emb_text)
    MemManage_Handler                        0x08000299   Thumb Code     2  startup_stm32f401xe.o(.text)
    BusFault_Handler                         0x0800029b   Thumb Code     2  startup_stm32f401xe.o(.text)
    UsageFault_Handler                       0x0800029d   Thumb Code     2  startup_stm32f401xe.o(.text)
    ADC_IRQHandler                           0x080002a7   Thumb Code     0  startup_stm32f401xe.o(.text)
    DMA1_Stream0_IRQHandler                  0x080002a7   Thumb Code     0  startup_stm32f401xe.o(.text)
    DMA1_Stream1_IRQHandler                  0x080002a7   Thumb Code     0  startup_stm32f401xe.o(.text)
    DMA1_Stream2_IRQHandler                  0x080002a7   Thumb Code     0  startup_stm32f401xe.o(.text)
    DMA1_Stream3_IRQHandler                  0x080002a7   Thumb Code     0  startup_stm32f401xe.o(.text)
    DMA1_Stream4_IRQHandler                  0x080002a7   Thumb Code     0  startup_stm32f401xe.o(.text)
    DMA1_Stream5_IRQHandler                  0x080002a7   Thumb Code     0  startup_stm32f401xe.o(.text)
    DMA1_Stream6_IRQHandler                  0x080002a7   Thumb Code     0  startup_stm32f401xe.o(.text)
    DMA1_Stream7_IRQHandler                  0x080002a7   Thumb Code     0  startup_stm32f401xe.o(.text)
    DMA2_Stream0_IRQHandler                  0x080002a7   Thumb Code     0  startup_stm32f401xe.o(.text)
    DMA2_Stream1_IRQHandler                  0x080002a7   Thumb Code     0  startup_stm32f401xe.o(.text)
    DMA2_Stream2_IRQHandler                  0x080002a7   Thumb Code     0  startup_stm32f401xe.o(.text)
    DMA2_Stream3_IRQHandler                  0x080002a7   Thumb Code     0  startup_stm32f401xe.o(.text)
    DMA2_Stream4_IRQHandler                  0x080002a7   Thumb Code     0  startup_stm32f401xe.o(.text)
    DMA2_Stream5_IRQHandler                  0x080002a7   Thumb Code     0  startup_stm32f401xe.o(.text)
    DMA2_Stream6_IRQHandler                  0x080002a7   Thumb Code     0  startup_stm32f401xe.o(.text)
    DMA2_Stream7_IRQHandler                  0x080002a7   Thumb Code     0  startup_stm32f401xe.o(.text)
    EXTI1_IRQHandler                         0x080002a7   Thumb Code     0  startup_stm32f401xe.o(.text)
    EXTI2_IRQHandler                         0x080002a7   Thumb Code     0  startup_stm32f401xe.o(.text)
    EXTI3_IRQHandler                         0x080002a7   Thumb Code     0  startup_stm32f401xe.o(.text)
    EXTI4_IRQHandler                         0x080002a7   Thumb Code     0  startup_stm32f401xe.o(.text)
    EXTI9_5_IRQHandler                       0x080002a7   Thumb Code     0  startup_stm32f401xe.o(.text)
    FLASH_IRQHandler                         0x080002a7   Thumb Code     0  startup_stm32f401xe.o(.text)
    FPU_IRQHandler                           0x080002a7   Thumb Code     0  startup_stm32f401xe.o(.text)
    I2C1_ER_IRQHandler                       0x080002a7   Thumb Code     0  startup_stm32f401xe.o(.text)
    I2C1_EV_IRQHandler                       0x080002a7   Thumb Code     0  startup_stm32f401xe.o(.text)
    I2C2_ER_IRQHandler                       0x080002a7   Thumb Code     0  startup_stm32f401xe.o(.text)
    I2C2_EV_IRQHandler                       0x080002a7   Thumb Code     0  startup_stm32f401xe.o(.text)
    I2C3_ER_IRQHandler                       0x080002a7   Thumb Code     0  startup_stm32f401xe.o(.text)
    I2C3_EV_IRQHandler                       0x080002a7   Thumb Code     0  startup_stm32f401xe.o(.text)
    OTG_FS_IRQHandler                        0x080002a7   Thumb Code     0  startup_stm32f401xe.o(.text)
    OTG_FS_WKUP_IRQHandler                   0x080002a7   Thumb Code     0  startup_stm32f401xe.o(.text)
    PVD_IRQHandler                           0x080002a7   Thumb Code     0  startup_stm32f401xe.o(.text)
    RCC_IRQHandler                           0x080002a7   Thumb Code     0  startup_stm32f401xe.o(.text)
    RTC_Alarm_IRQHandler                     0x080002a7   Thumb Code     0  startup_stm32f401xe.o(.text)
    RTC_WKUP_IRQHandler                      0x080002a7   Thumb Code     0  startup_stm32f401xe.o(.text)
    SDIO_IRQHandler                          0x080002a7   Thumb Code     0  startup_stm32f401xe.o(.text)
    SPI1_IRQHandler                          0x080002a7   Thumb Code     0  startup_stm32f401xe.o(.text)
    SPI2_IRQHandler                          0x080002a7   Thumb Code     0  startup_stm32f401xe.o(.text)
    SPI3_IRQHandler                          0x080002a7   Thumb Code     0  startup_stm32f401xe.o(.text)
    SPI4_IRQHandler                          0x080002a7   Thumb Code     0  startup_stm32f401xe.o(.text)
    TAMP_STAMP_IRQHandler                    0x080002a7   Thumb Code     0  startup_stm32f401xe.o(.text)
    TIM1_BRK_TIM9_IRQHandler                 0x080002a7   Thumb Code     0  startup_stm32f401xe.o(.text)
    TIM1_CC_IRQHandler                       0x080002a7   Thumb Code     0  startup_stm32f401xe.o(.text)
    TIM1_TRG_COM_TIM11_IRQHandler            0x080002a7   Thumb Code     0  startup_stm32f401xe.o(.text)
    TIM1_UP_TIM10_IRQHandler                 0x080002a7   Thumb Code     0  startup_stm32f401xe.o(.text)
    TIM2_IRQHandler                          0x080002a7   Thumb Code     0  startup_stm32f401xe.o(.text)
    TIM3_IRQHandler                          0x080002a7   Thumb Code     0  startup_stm32f401xe.o(.text)
    TIM4_IRQHandler                          0x080002a7   Thumb Code     0  startup_stm32f401xe.o(.text)
    TIM5_IRQHandler                          0x080002a7   Thumb Code     0  startup_stm32f401xe.o(.text)
    USART2_IRQHandler                        0x080002a7   Thumb Code     0  startup_stm32f401xe.o(.text)
    USART6_IRQHandler                        0x080002a7   Thumb Code     0  startup_stm32f401xe.o(.text)
    WWDG_IRQHandler                          0x080002a7   Thumb Code     0  startup_stm32f401xe.o(.text)
    __user_initial_stackheap                 0x080002a9   Thumb Code     0  startup_stm32f401xe.o(.text)
    __aeabi_uldivmod                         0x080002cd   Thumb Code     0  lludivv7m.o(.text)
    _ll_udiv                                 0x080002cd   Thumb Code   238  lludivv7m.o(.text)
    __2printf                                0x080003bd   Thumb Code    20  noretval__2printf.o(.text)
    _printf_pre_padding                      0x080003d5   Thumb Code    44  _printf_pad.o(.text)
    _printf_post_padding                     0x08000401   Thumb Code    34  _printf_pad.o(.text)
    _printf_int_dec                          0x08000425   Thumb Code   104  _printf_dec.o(.text)
    _printf_int_hex                          0x0800049d   Thumb Code    84  _printf_hex_int.o(.text)
    _printf_longlong_hex                     0x0800049d   Thumb Code     0  _printf_hex_int.o(.text)
    __printf                                 0x080004f5   Thumb Code   308  __printf_flags_wp.o(.text)
    srand                                    0x0800062d   Thumb Code    42  rand.o(.text)
    _rand_init                               0x08000657   Thumb Code     4  rand.o(.text)
    strlen                                   0x08000669   Thumb Code    62  strlen.o(.text)
    memcpy                                   0x080006a7   Thumb Code     8  memcpy.o(.text)
    memset                                   0x080006af   Thumb Code    22  memset.o(.text)
    __aeabi_memclr4                          0x080006c5   Thumb Code     0  rt_memclr_w.o(.text)
    __aeabi_memclr8                          0x080006c5   Thumb Code     0  rt_memclr_w.o(.text)
    __rt_memclr_w                            0x080006c5   Thumb Code    78  rt_memclr_w.o(.text)
    _memset_w                                0x080006c9   Thumb Code     0  rt_memclr_w.o(.text)
    strcmp                                   0x08000715   Thumb Code   128  strcmpv7m.o(.text)
    __use_two_region_memory                  0x08000795   Thumb Code     2  heapauxi.o(.text)
    __rt_heap_escrow                         0x08000797   Thumb Code     2  heapauxi.o(.text)
    __rt_heap_expand                         0x08000799   Thumb Code     2  heapauxi.o(.text)
    _printf_int_common                       0x0800079b   Thumb Code   178  _printf_intcommon.o(.text)
    _printf_char_file                        0x0800084d   Thumb Code    32  _printf_char_file.o(.text)
    __aeabi_memcpy                           0x08000871   Thumb Code     0  rt_memcpy_v6.o(.text)
    __rt_memcpy                              0x08000871   Thumb Code   138  rt_memcpy_v6.o(.text)
    _memcpy_lastbytes                        0x080008d7   Thumb Code     0  rt_memcpy_v6.o(.text)
    __aeabi_memclr                           0x080008fb   Thumb Code     0  rt_memclr.o(.text)
    __rt_memclr                              0x080008fb   Thumb Code    68  rt_memclr.o(.text)
    _memset                                  0x080008ff   Thumb Code     0  rt_memclr.o(.text)
    _printf_char_common                      0x0800094b   Thumb Code    32  _printf_char_common.o(.text)
    ferror                                   0x08000971   Thumb Code     8  ferror.o(.text)
    _initio                                  0x08000979   Thumb Code   210  initio.o(.text)
    _terminateio                             0x08000a4b   Thumb Code    56  initio.o(.text)
    __aeabi_memcpy4                          0x08000ab1   Thumb Code     0  rt_memcpy_w.o(.text)
    __aeabi_memcpy8                          0x08000ab1   Thumb Code     0  rt_memcpy_w.o(.text)
    __rt_memcpy_w                            0x08000ab1   Thumb Code   100  rt_memcpy_w.o(.text)
    _memcpy_lastbytes_aligned                0x08000af9   Thumb Code     0  rt_memcpy_w.o(.text)
    __user_setup_stackheap                   0x08000b15   Thumb Code    74  sys_stackheap_outer.o(.text)
    free                                     0x08000b5f   Thumb Code    78  h1_free.o(.text)
    setvbuf                                  0x08000bad   Thumb Code    70  setvbuf.o(.text)
    freopen                                  0x08000bf5   Thumb Code   158  fopen.o(.text)
    fopen                                    0x08000c93   Thumb Code    74  fopen.o(.text)
    _fclose_internal                         0x08000ce1   Thumb Code    76  fclose.o(.text)
    fclose                                   0x08000ce1   Thumb Code     0  fclose.o(.text)
    exit                                     0x08000d2d   Thumb Code    18  exit.o(.text)
    __rt_SIGRTRED                            0x08000d3f   Thumb Code    14  defsig_rtred_outer.o(.text)
    __user_libspace                          0x08000d4d   Thumb Code     8  libspace.o(.text)
    __user_perproc_libspace                  0x08000d4d   Thumb Code     0  libspace.o(.text)
    __user_perthread_libspace                0x08000d4d   Thumb Code     0  libspace.o(.text)
    __rt_heap_descriptor                     0x08000d55   Thumb Code     8  rt_heap_descriptor_intlibspace.o(.text)
    __use_no_heap                            0x08000d5d   Thumb Code     2  hguard.o(.text)
    __heap$guard                             0x08000d5f   Thumb Code     2  hguard.o(.text)
    _terminate_user_alloc                    0x08000d61   Thumb Code     2  init_alloc.o(.text)
    _init_user_alloc                         0x08000d63   Thumb Code     2  init_alloc.o(.text)
    __Heap_Full                              0x08000d65   Thumb Code    34  init_alloc.o(.text)
    __Heap_Broken                            0x08000d87   Thumb Code     6  init_alloc.o(.text)
    _init_alloc                              0x08000d8d   Thumb Code    94  init_alloc.o(.text)
    malloc                                   0x08000deb   Thumb Code    94  h1_alloc.o(.text)
    _fseek                                   0x08000e49   Thumb Code   242  fseek.o(.text)
    fseek                                    0x08000e49   Thumb Code     0  fseek.o(.text)
    _seterr                                  0x08000f41   Thumb Code    20  stdio.o(.text)
    _writebuf                                0x08000f55   Thumb Code    84  stdio.o(.text)
    _fflush                                  0x08000fa9   Thumb Code    70  stdio.o(.text)
    _deferredlazyseek                        0x08000fef   Thumb Code    60  stdio.o(.text)
    __sig_exit                               0x08001031   Thumb Code    10  defsig_exit.o(.text)
    __rt_SIGRTRED_inner                      0x0800103d   Thumb Code    14  defsig_rtred_inner.o(.text)
    __rt_SIGRTMEM                            0x08001071   Thumb Code    14  defsig_rtmem_outer.o(.text)
    _sys_exit                                0x08001081   Thumb Code     8  sys_exit.o(.text)
    __I$use$semihosting                      0x0800108d   Thumb Code     0  use_no_semi.o(.text)
    __use_no_semihosting_swi                 0x0800108d   Thumb Code     2  use_no_semi.o(.text)
    __Heap_Initialize                        0x0800108f   Thumb Code    10  h1_init.o(.text)
    __semihosting_library_function           0x0800108f   Thumb Code     0  indicate_semi.o(.text)
    __Heap_DescSize                          0x08001099   Thumb Code     4  h1_init.o(.text)
    __Heap_ProvideMemory                     0x0800109d   Thumb Code    52  h1_extend.o(.text)
    _ftell_internal                          0x080010d1   Thumb Code    66  ftell.o(.text)
    ftell                                    0x080010d1   Thumb Code     0  ftell.o(.text)
    __default_signal_display                 0x08001113   Thumb Code    50  defsig_general.o(.text)
    __rt_SIGRTMEM_inner                      0x08001145   Thumb Code    22  defsig_rtmem_inner.o(.text)
    _ttywrch                                 0x08001195   Thumb Code    14  sys_wrch.o(.text)
    __aeabi_errno_addr                       0x080011a5   Thumb Code     8  rt_errno_addr_intlibspace.o(.text)
    __errno$intlibspace                      0x080011a5   Thumb Code     0  rt_errno_addr_intlibspace.o(.text)
    __rt_errno_addr$intlibspace              0x080011a5   Thumb Code     0  rt_errno_addr_intlibspace.o(.text)
    Acc_Update                               0x080011ad   Thumb Code    84  sensor_service.o(i.Acc_Update)
    Add_Acc_Service                          0x08001235   Thumb Code   442  sensor_service.o(i.Add_Acc_Service)
    Add_Environmental_Sensor_Service         0x08001425   Thumb Code   856  sensor_service.o(i.Add_Environmental_Sensor_Service)
    BNRG_SPI_Init                            0x080017b9   Thumb Code    56  stm32_bluenrg_ble.o(i.BNRG_SPI_Init)
    BSP_PB_GetState                          0x080017f9   Thumb Code    22  stm32f4xx_nucleo.o(i.BSP_PB_GetState)
    BSP_PB_Init                              0x08001819   Thumb Code   134  stm32f4xx_nucleo.o(i.BSP_PB_Init)
    BlueNRG_DataPresent                      0x080018b5   Thumb Code    20  stm32_bluenrg_ble.o(i.BlueNRG_DataPresent)
    BlueNRG_RST                              0x080018cd   Thumb Code    38  stm32_bluenrg_ble.o(i.BlueNRG_RST)
    BlueNRG_SPI_Read_All                     0x080018f9   Thumb Code   154  stm32_bluenrg_ble.o(i.BlueNRG_SPI_Read_All)
    BlueNRG_SPI_Write                        0x080019a1   Thumb Code   176  stm32_bluenrg_ble.o(i.BlueNRG_SPI_Write)
    Clear_SPI_EXTI_Flag                      0x08001a65   Thumb Code     8  stm32_bluenrg_ble.o(i.Clear_SPI_EXTI_Flag)
    Clock_Time                               0x08001a71   Thumb Code     8  clock.o(i.Clock_Time)
    DebugMon_Handler                         0x08001a79   Thumb Code     2  stm32xx_it.o(i.DebugMon_Handler)
    Disable_SPI_IRQ                          0x08001a7b   Thumb Code    10  stm32_bluenrg_ble.o(i.Disable_SPI_IRQ)
    EXTI0_IRQHandler                         0x08001a85   Thumb Code    10  stm32xx_it.o(i.EXTI0_IRQHandler)
    EXTI15_10_IRQHandler                     0x08001a91   Thumb Code    18  stm32xx_it.o(i.EXTI15_10_IRQHandler)
    Enable_SPI_IRQ                           0x08001aa9   Thumb Code    10  stm32_bluenrg_ble.o(i.Enable_SPI_IRQ)
    GAP_ConnectionComplete_CB                0x08001ab5   Thumb Code    50  sensor_service.o(i.GAP_ConnectionComplete_CB)
    GAP_DisconnectionComplete_CB             0x08001b19   Thumb Code    28  sensor_service.o(i.GAP_DisconnectionComplete_CB)
    HAL_Delay                                0x08001b51   Thumb Code    26  stm32f4xx_hal.o(i.HAL_Delay)
    HAL_GPIO_EXTI_Callback                   0x08001b6b   Thumb Code    10  bluenrg_interface.o(i.HAL_GPIO_EXTI_Callback)
    HAL_GPIO_EXTI_IRQHandler                 0x08001b75   Thumb Code    24  stm32f4xx_hal_gpio.o(i.HAL_GPIO_EXTI_IRQHandler)
    HAL_GPIO_Init                            0x08001b91   Thumb Code   432  stm32f4xx_hal_gpio.o(i.HAL_GPIO_Init)
    HAL_GPIO_ReadPin                         0x08001d61   Thumb Code    16  stm32f4xx_hal_gpio.o(i.HAL_GPIO_ReadPin)
    HAL_GPIO_WritePin                        0x08001d71   Thumb Code    12  stm32f4xx_hal_gpio.o(i.HAL_GPIO_WritePin)
    HAL_GetTick                              0x08001d7d   Thumb Code     6  stm32f4xx_hal.o(i.HAL_GetTick)
    HAL_IncTick                              0x08001d89   Thumb Code    12  stm32f4xx_hal.o(i.HAL_IncTick)
    HAL_Init                                 0x08001d99   Thumb Code    54  stm32f4xx_hal.o(i.HAL_Init)
    HAL_InitTick                             0x08001dd5   Thumb Code    36  stm32f4xx_hal.o(i.HAL_InitTick)
    HAL_MspInit                              0x08001df9   Thumb Code     2  stm32f4xx_hal.o(i.HAL_MspInit)
    HAL_NVIC_DisableIRQ                      0x08001dfd   Thumb Code    22  stm32f4xx_hal_cortex.o(i.HAL_NVIC_DisableIRQ)
    HAL_NVIC_EnableIRQ                       0x08001e19   Thumb Code    26  stm32f4xx_hal_cortex.o(i.HAL_NVIC_EnableIRQ)
    HAL_NVIC_SetPriority                     0x08001e33   Thumb Code   124  stm32f4xx_hal_cortex.o(i.HAL_NVIC_SetPriority)
    HAL_NVIC_SetPriorityGrouping             0x08001eb1   Thumb Code    32  stm32f4xx_hal_cortex.o(i.HAL_NVIC_SetPriorityGrouping)
    HAL_RCC_ClockConfig                      0x08001ed9   Thumb Code   680  stm32f4xx_hal_rcc.o(i.HAL_RCC_ClockConfig)
    HAL_RCC_GetHCLKFreq                      0x08002189   Thumb Code    42  stm32f4xx_hal_rcc.o(i.HAL_RCC_GetHCLKFreq)
    HAL_RCC_GetPCLK1Freq                     0x080021c1   Thumb Code    36  stm32f4xx_hal_rcc.o(i.HAL_RCC_GetPCLK1Freq)
    HAL_RCC_GetPCLK2Freq                     0x080021ed   Thumb Code    36  stm32f4xx_hal_rcc.o(i.HAL_RCC_GetPCLK2Freq)
    HAL_RCC_GetSysClockFreq                  0x08002219   Thumb Code   168  stm32f4xx_hal_rcc.o(i.HAL_RCC_GetSysClockFreq)
    HAL_RCC_OscConfig                        0x080022cd   Thumb Code  1028  stm32f4xx_hal_rcc.o(i.HAL_RCC_OscConfig)
    HAL_SPI_Init                             0x080026d1   Thumb Code   136  stm32f4xx_hal_spi.o(i.HAL_SPI_Init)
    HAL_SPI_MspInit                          0x08002759   Thumb Code   410  stm32_bluenrg_ble.o(i.HAL_SPI_MspInit)
    HAL_SPI_TransmitReceive                  0x08002905   Thumb Code   850  stm32f4xx_hal_spi.o(i.HAL_SPI_TransmitReceive)
    HAL_SYSTICK_Config                       0x08002c57   Thumb Code    52  stm32f4xx_hal_cortex.o(i.HAL_SYSTICK_Config)
    HAL_UART_Init                            0x08002c8b   Thumb Code   110  stm32f4xx_hal_uart.o(i.HAL_UART_Init)
    HAL_UART_MspInit                         0x08002cf9   Thumb Code     2  stm32f4xx_hal_uart.o(i.HAL_UART_MspInit)
    HAL_USART_GetState                       0x08002cfb   Thumb Code     8  stm32f4xx_hal_usart.o(i.HAL_USART_GetState)
    HCI_Event_CB                             0x08002d03   Thumb Code   106  sensor_service.o(i.HCI_Event_CB)
    HCI_Init                                 0x08002d6d   Thumb Code    48  hci.o(i.HCI_Init)
    HCI_Isr                                  0x08002da9   Thumb Code   118  hci.o(i.HCI_Isr)
    HCI_Process                              0x08002e31   Thumb Code   116  hci.o(i.HCI_Process)
    HCI_Queue_Empty                          0x08002eb5   Thumb Code    10  hci.o(i.HCI_Queue_Empty)
    HCI_verify                               0x08002ec5   Thumb Code    36  hci.o(i.HCI_verify)
    Hal_Write_Serial                         0x08002ee9   Thumb Code    70  stm32_bluenrg_ble.o(i.Hal_Write_Serial)
    HardFault_Handler                        0x08002f39   Thumb Code     4  stm32xx_it.o(i.HardFault_Handler)
    Humidity_Update                          0x08002f3d   Thumb Code    42  sensor_service.o(i.Humidity_Update)
    ITM_SendChar                             0x08002f9d   Thumb Code    42  retarget_io.o(i.ITM_SendChar)
    NMI_Handler                              0x08002fcd   Thumb Code     2  stm32xx_it.o(i.NMI_Handler)
    Osal_MemCpy                              0x08003009   Thumb Code    20  osal.o(i.Osal_MemCpy)
    Osal_MemSet                              0x0800301d   Thumb Code    20  osal.o(i.Osal_MemSet)
    PendSV_Handler                           0x08003031   Thumb Code     2  stm32xx_it.o(i.PendSV_Handler)
    Press_Update                             0x08003035   Thumb Code    42  sensor_service.o(i.Press_Update)
    Read_Request_CB                          0x08003095   Thumb Code   210  sensor_service.o(i.Read_Request_CB)
    SVC_Handler                              0x0800329d   Thumb Code     2  stm32xx_it.o(i.SVC_Handler)
    SysTick_Handler                          0x080032a1   Thumb Code    18  stm32xx_it.o(i.SysTick_Handler)
    SystemClock_Config                       0x080032b9   Thumb Code    66  cube_hal_f4.o(i.SystemClock_Config)
    SystemInit                               0x080032fd   Thumb Code    82  system_stm32f4xx_1.o(i.SystemInit)
    Temp_Update                              0x08003361   Thumb Code    42  sensor_service.o(i.Temp_Update)
    Timer_Expired                            0x080033c1   Thumb Code    28  gp_timer.o(i.Timer_Expired)
    Timer_Set                                0x080033dd   Thumb Code    16  gp_timer.o(i.Timer_Set)
    USART1_IRQHandler                        0x08003695   Thumb Code    68  stm32xx_it.o(i.USART1_IRQHandler)
    User_Process                             0x080036e9   Thumb Code    72  main.o(i.User_Process)
    _is_digit                                0x08003745   Thumb Code    14  __printf_wp.o(i._is_digit)
    _sys_close                               0x08003753   Thumb Code    38  retarget_io.o(i._sys_close)
    _sys_flen                                0x08003779   Thumb Code    36  retarget_io.o(i._sys_flen)
    _sys_istty                               0x0800379d   Thumb Code    36  retarget_io.o(i._sys_istty)
    _sys_open                                0x080037c1   Thumb Code    80  retarget_io.o(i._sys_open)
    _sys_seek                                0x08003829   Thumb Code    44  retarget_io.o(i._sys_seek)
    _sys_write                               0x08003855   Thumb Code    70  retarget_io.o(i._sys_write)
    aci_gap_init_IDB04A1                     0x0800389b   Thumb Code   114  bluenrg_gap_aci.o(i.aci_gap_init_IDB04A1)
    aci_gap_init_IDB05A1                     0x0800390d   Thumb Code   136  bluenrg_gap_aci.o(i.aci_gap_init_IDB05A1)
    aci_gap_set_auth_requirement             0x08003995   Thumb Code   136  bluenrg_gap_aci.o(i.aci_gap_set_auth_requirement)
    aci_gap_set_discoverable                 0x08003a1d   Thumb Code   268  bluenrg_gap_aci.o(i.aci_gap_set_discoverable)
    aci_gatt_add_char                        0x08003b29   Thumb Code   224  bluenrg_gatt_aci.o(i.aci_gatt_add_char)
    aci_gatt_add_char_desc                   0x08003c09   Thumb Code   274  bluenrg_gatt_aci.o(i.aci_gatt_add_char_desc)
    aci_gatt_add_serv                        0x08003d1b   Thumb Code   160  bluenrg_gatt_aci.o(i.aci_gatt_add_serv)
    aci_gatt_allow_read                      0x08003dbb   Thumb Code    72  bluenrg_gatt_aci.o(i.aci_gatt_allow_read)
    aci_gatt_init                            0x08003e03   Thumb Code    60  bluenrg_gatt_aci.o(i.aci_gatt_init)
    aci_gatt_update_char_value               0x08003e3f   Thumb Code   170  bluenrg_gatt_aci.o(i.aci_gatt_update_char_value)
    aci_hal_set_tx_power_level               0x08003ee9   Thumb Code    88  bluenrg_hal_aci.o(i.aci_hal_set_tx_power_level)
    aci_hal_write_config_data                0x08003f41   Thumb Code   124  bluenrg_hal_aci.o(i.aci_hal_write_config_data)
    fputc                                    0x08003fbd   Thumb Code    52  fput_debug.o(i.fputc)
    getBlueNRGVersion                        0x08003ff5   Thumb Code    86  bluenrg_utils_small.o(i.getBlueNRGVersion)
    hci_le_read_local_version                0x0800404b   Thumb Code   132  hci.o(i.hci_le_read_local_version)
    hci_le_set_scan_resp_data                0x080040cf   Thumb Code   106  hci.o(i.hci_le_set_scan_resp_data)
    hci_send_cmd                             0x08004139   Thumb Code    60  hci.o(i.hci_send_cmd)
    hci_send_req                             0x08004175   Thumb Code   428  hci.o(i.hci_send_req)
    hci_write                                0x0800432d   Thumb Code    28  hci.o(i.hci_write)
    list_init_head                           0x08004349   Thumb Code     6  list.o(i.list_init_head)
    list_insert_head                         0x0800434f   Thumb Code    34  list.o(i.list_insert_head)
    list_insert_tail                         0x08004371   Thumb Code    34  list.o(i.list_insert_tail)
    list_is_empty                            0x08004393   Thumb Code    34  list.o(i.list_is_empty)
    list_remove_head                         0x080043b5   Thumb Code    42  list.o(i.list_remove_head)
    list_remove_node                         0x080043df   Thumb Code    32  list.o(i.list_remove_node)
    main                                     0x08004401   Thumb Code   456  main.o(i.main)
    rx_available                             0x0800479d   Thumb Code    40  stm32xx_it.o(i.rx_available)
    rx_read_byte                             0x080047cd   Thumb Code    28  stm32xx_it.o(i.rx_read_byte)
    setConnectable                           0x080047f1   Thumb Code    74  sensor_service.o(i.setConnectable)
    set_irq_as_input                         0x0800488d   Thumb Code    48  stm32_bluenrg_ble.o(i.set_irq_as_input)
    set_irq_as_output                        0x080048c5   Thumb Code    40  stm32_bluenrg_ble.o(i.set_irq_as_output)
    _fp_init                                 0x08004919   Thumb Code    10  fpinit.o(x$fpl$fpinit)
    __fplib_config_fpu_vfp                   0x08004921   Thumb Code     0  fpinit.o(x$fpl$fpinit)
    __fplib_config_pureend_doubles           0x08004921   Thumb Code     0  fpinit.o(x$fpl$fpinit)
    CLOCK_SECOND                             0x08004924   Data           4  clock.o(.constdata)
    GPIO_PIN                                 0x08004928   Data           2  stm32f4xx_nucleo.o(.constdata)
    BUTTON_PIN                               0x0800492a   Data           2  stm32f4xx_nucleo.o(.constdata)
    BUTTON_IRQn                              0x0800492c   Data           1  stm32f4xx_nucleo.o(.constdata)
    APBAHBPrescTable                         0x0800492d   Data          16  stm32f4xx_hal_rcc.o(.constdata)
    __stdin_name                             0x0800493d   Data           7  retarget_io.o(.constdata)
    __stdout_name                            0x08004944   Data           8  retarget_io.o(.constdata)
    __stderr_name                            0x0800494c   Data           8  retarget_io.o(.constdata)
    Region$$Table$$Base                      0x08004a70   Number         0  anon$$obj.o(Region$$Table)
    Region$$Table$$Limit                     0x08004a90   Number         0  anon$$obj.o(Region$$Table)
    ms_counter                               0x20000000   Data           4  stm32xx_it.o(.data)
    button_event                             0x20000004   Data           1  stm32xx_it.o(.data)
    buffer_head                              0x20000005   Data           1  stm32xx_it.o(.data)
    buffer_tail                              0x20000006   Data           1  stm32xx_it.o(.data)
    bnrg_expansion_board                     0x20000008   Data           1  main.o(.data)
    numElements                              0x2000000c   Data           4  main.o(.data)
    connected                                0x20000010   Data           4  sensor_service.o(.data)
    set_connectable                          0x20000014   Data           1  sensor_service.o(.data)
    connection_handle                        0x20000016   Data           2  sensor_service.o(.data)
    notification_enabled                     0x20000018   Data           1  sensor_service.o(.data)
    sampleServHandle                         0x2000001a   Data           2  sensor_service.o(.data)
    TXCharHandle                             0x2000001c   Data           2  sensor_service.o(.data)
    RXCharHandle                             0x2000001e   Data           2  sensor_service.o(.data)
    accServHandle                            0x20000020   Data           2  sensor_service.o(.data)
    freeFallCharHandle                       0x20000022   Data           2  sensor_service.o(.data)
    accCharHandle                            0x20000024   Data           2  sensor_service.o(.data)
    envSensServHandle                        0x20000026   Data           2  sensor_service.o(.data)
    tempCharHandle                           0x20000028   Data           2  sensor_service.o(.data)
    pressCharHandle                          0x2000002a   Data           2  sensor_service.o(.data)
    humidityCharHandle                       0x2000002c   Data           2  sensor_service.o(.data)
    hciReadPktPool                           0x20000030   Data           8  hci.o(.data)
    hciReadPktRxQueue                        0x20000038   Data           8  hci.o(.data)
    GPIO_PORT                                0x20000044   Data           4  stm32f4xx_nucleo.o(.data)
    BUTTON_PORT                              0x20000048   Data           4  stm32f4xx_nucleo.o(.data)
    SpixTimeout                              0x2000004c   Data           4  stm32f4xx_nucleo.o(.data)
    SystemCoreClock                          0x20000050   Data           4  system_stm32f4xx_1.o(.data)
    AHBPrescTable                            0x20000054   Data          16  system_stm32f4xx_1.o(.data)
    __aeabi_stdin                            0x20000068   Data           4  stdio_streams.o(.data)
    __aeabi_stdout                           0x2000006c   Data           4  stdio_streams.o(.data)
    __aeabi_stderr                           0x20000070   Data           4  stdio_streams.o(.data)
    rx_buffer                                0x20000074   Data         256  stm32xx_it.o(.bss)
    huart1                                   0x20000174   Data          64  main.o(.bss)
    uartBuffer                               0x200001b4   Data       64000  main.o(.bss)
    axes_data                                0x2000fbb4   Data          12  sensor_service.o(.bss)
    SpiHandle                                0x2000fe7c   Data          88  stm32_bluenrg_ble.o(.bss)
    _random_number_data                      0x2000fed4   Data         228  rand.o(.bss)
    __stdin                                  0x2000ffb8   Data          84  stdio_streams.o(.bss)
    __stdout                                 0x2001000c   Data          84  stdio_streams.o(.bss)
    __stderr                                 0x20010060   Data          84  stdio_streams.o(.bss)
    __libspace_start                         0x200100b4   Data          96  libspace.o(.bss)
    __temporary_stack_top$libspace           0x20010114   Data           0  libspace.o(.bss)



==============================================================================

Memory Map of the image

  Image Entry point : 0x0800028d

  Load Region LR_1 (Base: 0x08000000, Size: 0x00004b04, Max: 0xffffffff, ABSOLUTE)

    Execution Region ER_RO (Exec base: 0x08000000, Load base: 0x08000000, Size: 0x00004a90, Max: 0xffffffff, ABSOLUTE)

    Exec Addr    Load Addr    Size         Type   Attr      Idx    E Section Name        Object

    0x08000000   0x08000000   0x00000194   Data   RO         4155    RESET               startup_stm32f401xe.o
    0x08000194   0x08000194   0x00000008   Code   RO         4320  * !!!main             c_w.l(__main.o)
    0x0800019c   0x0800019c   0x00000034   Code   RO         4648    !!!scatter          c_w.l(__scatter.o)
    0x080001d0   0x080001d0   0x0000001a   Code   RO         4650    !!handler_copy      c_w.l(__scatter_copy.o)
    0x080001ea   0x080001ea   0x00000002   PAD
    0x080001ec   0x080001ec   0x0000001c   Code   RO         4652    !!handler_zi        c_w.l(__scatter_zi.o)
    0x08000208   0x08000208   0x00000000   Code   RO         4302    .ARM.Collect$$_printf_percent$$00000000  c_w.l(_printf_percent.o)
    0x08000208   0x08000208   0x00000006   Code   RO         4301    .ARM.Collect$$_printf_percent$$00000009  c_w.l(_printf_d.o)
    0x0800020e   0x0800020e   0x00000006   Code   RO         4300    .ARM.Collect$$_printf_percent$$0000000C  c_w.l(_printf_x.o)
    0x08000214   0x08000214   0x00000004   Code   RO         4331    .ARM.Collect$$_printf_percent$$00000017  c_w.l(_printf_percent_end.o)
    0x08000218   0x08000218   0x00000002   Code   RO         4512    .ARM.Collect$$libinit$$00000000  c_w.l(libinit.o)
    0x0800021a   0x0800021a   0x00000004   Code   RO         4342    .ARM.Collect$$libinit$$00000001  c_w.l(libinit2.o)
    0x0800021e   0x0800021e   0x00000000   Code   RO         4345    .ARM.Collect$$libinit$$00000004  c_w.l(libinit2.o)
    0x0800021e   0x0800021e   0x00000008   Code   RO         4346    .ARM.Collect$$libinit$$00000005  c_w.l(libinit2.o)
    0x08000226   0x08000226   0x00000000   Code   RO         4348    .ARM.Collect$$libinit$$0000000A  c_w.l(libinit2.o)
    0x08000226   0x08000226   0x00000000   Code   RO         4350    .ARM.Collect$$libinit$$0000000C  c_w.l(libinit2.o)
    0x08000226   0x08000226   0x00000004   Code   RO         4351    .ARM.Collect$$libinit$$0000000D  c_w.l(libinit2.o)
    0x0800022a   0x0800022a   0x00000000   Code   RO         4352    .ARM.Collect$$libinit$$0000000E  c_w.l(libinit2.o)
    0x0800022a   0x0800022a   0x00000000   Code   RO         4355    .ARM.Collect$$libinit$$00000011  c_w.l(libinit2.o)
    0x0800022a   0x0800022a   0x00000000   Code   RO         4357    .ARM.Collect$$libinit$$00000013  c_w.l(libinit2.o)
    0x0800022a   0x0800022a   0x00000000   Code   RO         4359    .ARM.Collect$$libinit$$00000015  c_w.l(libinit2.o)
    0x0800022a   0x0800022a   0x00000000   Code   RO         4361    .ARM.Collect$$libinit$$00000017  c_w.l(libinit2.o)
    0x0800022a   0x0800022a   0x00000000   Code   RO         4363    .ARM.Collect$$libinit$$00000019  c_w.l(libinit2.o)
    0x0800022a   0x0800022a   0x00000000   Code   RO         4365    .ARM.Collect$$libinit$$0000001B  c_w.l(libinit2.o)
    0x0800022a   0x0800022a   0x00000000   Code   RO         4367    .ARM.Collect$$libinit$$0000001D  c_w.l(libinit2.o)
    0x0800022a   0x0800022a   0x00000000   Code   RO         4369    .ARM.Collect$$libinit$$0000001F  c_w.l(libinit2.o)
    0x0800022a   0x0800022a   0x00000000   Code   RO         4371    .ARM.Collect$$libinit$$00000021  c_w.l(libinit2.o)
    0x0800022a   0x0800022a   0x00000000   Code   RO         4373    .ARM.Collect$$libinit$$00000023  c_w.l(libinit2.o)
    0x0800022a   0x0800022a   0x00000004   Code   RO         4374    .ARM.Collect$$libinit$$00000024  c_w.l(libinit2.o)
    0x0800022e   0x0800022e   0x00000000   Code   RO         4375    .ARM.Collect$$libinit$$00000025  c_w.l(libinit2.o)
    0x0800022e   0x0800022e   0x00000000   Code   RO         4379    .ARM.Collect$$libinit$$0000002C  c_w.l(libinit2.o)
    0x0800022e   0x0800022e   0x00000000   Code   RO         4381    .ARM.Collect$$libinit$$0000002E  c_w.l(libinit2.o)
    0x0800022e   0x0800022e   0x00000000   Code   RO         4383    .ARM.Collect$$libinit$$00000030  c_w.l(libinit2.o)
    0x0800022e   0x0800022e   0x00000000   Code   RO         4385    .ARM.Collect$$libinit$$00000032  c_w.l(libinit2.o)
    0x0800022e   0x0800022e   0x00000002   Code   RO         4386    .ARM.Collect$$libinit$$00000033  c_w.l(libinit2.o)
    0x08000230   0x08000230   0x00000002   Code   RO         4629    .ARM.Collect$$libshutdown$$00000000  c_w.l(libshutdown.o)
    0x08000232   0x08000232   0x00000000   Code   RO         4514    .ARM.Collect$$libshutdown$$00000002  c_w.l(libshutdown2.o)
    0x08000232   0x08000232   0x00000004   Code   RO         4515    .ARM.Collect$$libshutdown$$00000003  c_w.l(libshutdown2.o)
    0x08000236   0x08000236   0x00000000   Code   RO         4516    .ARM.Collect$$libshutdown$$00000004  c_w.l(libshutdown2.o)
    0x08000236   0x08000236   0x00000000   Code   RO         4519    .ARM.Collect$$libshutdown$$00000007  c_w.l(libshutdown2.o)
    0x08000236   0x08000236   0x00000000   Code   RO         4522    .ARM.Collect$$libshutdown$$0000000A  c_w.l(libshutdown2.o)
    0x08000236   0x08000236   0x00000000   Code   RO         4524    .ARM.Collect$$libshutdown$$0000000C  c_w.l(libshutdown2.o)
    0x08000236   0x08000236   0x00000000   Code   RO         4527    .ARM.Collect$$libshutdown$$0000000F  c_w.l(libshutdown2.o)
    0x08000236   0x08000236   0x00000002   Code   RO         4528    .ARM.Collect$$libshutdown$$00000010  c_w.l(libshutdown2.o)
    0x08000238   0x08000238   0x00000000   Code   RO         4322    .ARM.Collect$$rtentry$$00000000  c_w.l(__rtentry.o)
    0x08000238   0x08000238   0x00000000   Code   RO         4388    .ARM.Collect$$rtentry$$00000002  c_w.l(__rtentry2.o)
    0x08000238   0x08000238   0x00000006   Code   RO         4400    .ARM.Collect$$rtentry$$00000004  c_w.l(__rtentry4.o)
    0x0800023e   0x0800023e   0x00000000   Code   RO         4390    .ARM.Collect$$rtentry$$00000009  c_w.l(__rtentry2.o)
    0x0800023e   0x0800023e   0x00000004   Code   RO         4391    .ARM.Collect$$rtentry$$0000000A  c_w.l(__rtentry2.o)
    0x08000242   0x08000242   0x00000000   Code   RO         4393    .ARM.Collect$$rtentry$$0000000C  c_w.l(__rtentry2.o)
    0x08000242   0x08000242   0x00000008   Code   RO         4394    .ARM.Collect$$rtentry$$0000000D  c_w.l(__rtentry2.o)
    0x0800024a   0x0800024a   0x00000002   Code   RO         4534    .ARM.Collect$$rtexit$$00000000  c_w.l(rtexit.o)
    0x0800024c   0x0800024c   0x00000000   Code   RO         4587    .ARM.Collect$$rtexit$$00000002  c_w.l(rtexit2.o)
    0x0800024c   0x0800024c   0x00000004   Code   RO         4588    .ARM.Collect$$rtexit$$00000003  c_w.l(rtexit2.o)
    0x08000250   0x08000250   0x00000006   Code   RO         4589    .ARM.Collect$$rtexit$$00000004  c_w.l(rtexit2.o)
    0x08000256   0x08000256   0x00000002   PAD
    0x08000258   0x08000258   0x00000034   Code   RO         4303    .emb_text           c_w.l(rand.o)
    0x0800028c   0x0800028c   0x00000000   Code   RO         4593    .emb_text           c_w.l(maybetermalloc1.o)
    0x0800028c   0x0800028c   0x00000040   Code   RO         4156  * .text               startup_stm32f401xe.o
    0x080002cc   0x080002cc   0x000000ee   Code   RO         4247    .text               c_w.l(lludivv7m.o)
    0x080003ba   0x080003ba   0x00000002   PAD
    0x080003bc   0x080003bc   0x00000018   Code   RO         4251    .text               c_w.l(noretval__2printf.o)
    0x080003d4   0x080003d4   0x0000004e   Code   RO         4255    .text               c_w.l(_printf_pad.o)
    0x08000422   0x08000422   0x00000002   PAD
    0x08000424   0x08000424   0x00000078   Code   RO         4257    .text               c_w.l(_printf_dec.o)
    0x0800049c   0x0800049c   0x00000058   Code   RO         4262    .text               c_w.l(_printf_hex_int.o)
    0x080004f4   0x080004f4   0x00000138   Code   RO         4292    .text               c_w.l(__printf_flags_wp.o)
    0x0800062c   0x0800062c   0x0000003c   Code   RO         4304    .text               c_w.l(rand.o)
    0x08000668   0x08000668   0x0000003e   Code   RO         4308    .text               c_w.l(strlen.o)
    0x080006a6   0x080006a6   0x00000008   Code   RO         4310    .text               c_w.l(memcpy.o)
    0x080006ae   0x080006ae   0x00000016   Code   RO         4312    .text               c_w.l(memset.o)
    0x080006c4   0x080006c4   0x0000004e   Code   RO         4314    .text               c_w.l(rt_memclr_w.o)
    0x08000712   0x08000712   0x00000002   PAD
    0x08000714   0x08000714   0x00000080   Code   RO         4316    .text               c_w.l(strcmpv7m.o)
    0x08000794   0x08000794   0x00000006   Code   RO         4318    .text               c_w.l(heapauxi.o)
    0x0800079a   0x0800079a   0x000000b2   Code   RO         4327    .text               c_w.l(_printf_intcommon.o)
    0x0800084c   0x0800084c   0x00000024   Code   RO         4329    .text               c_w.l(_printf_char_file.o)
    0x08000870   0x08000870   0x0000008a   Code   RO         4338    .text               c_w.l(rt_memcpy_v6.o)
    0x080008fa   0x080008fa   0x00000044   Code   RO         4340    .text               c_w.l(rt_memclr.o)
    0x0800093e   0x0800093e   0x00000002   PAD
    0x08000940   0x08000940   0x00000030   Code   RO         4404    .text               c_w.l(_printf_char_common.o)
    0x08000970   0x08000970   0x00000008   Code   RO         4406    .text               c_w.l(ferror.o)
    0x08000978   0x08000978   0x00000138   Code   RO         4408    .text               c_w.l(initio.o)
    0x08000ab0   0x08000ab0   0x00000064   Code   RO         4414    .text               c_w.l(rt_memcpy_w.o)
    0x08000b14   0x08000b14   0x0000004a   Code   RO         4422    .text               c_w.l(sys_stackheap_outer.o)
    0x08000b5e   0x08000b5e   0x0000004e   Code   RO         4426    .text               c_w.l(h1_free.o)
    0x08000bac   0x08000bac   0x00000046   Code   RO         4482    .text               c_w.l(setvbuf.o)
    0x08000bf2   0x08000bf2   0x00000002   PAD
    0x08000bf4   0x08000bf4   0x000000ec   Code   RO         4485    .text               c_w.l(fopen.o)
    0x08000ce0   0x08000ce0   0x0000004c   Code   RO         4487    .text               c_w.l(fclose.o)
    0x08000d2c   0x08000d2c   0x00000012   Code   RO         4493    .text               c_w.l(exit.o)
    0x08000d3e   0x08000d3e   0x0000000e   Code   RO         4499    .text               c_w.l(defsig_rtred_outer.o)
    0x08000d4c   0x08000d4c   0x00000008   Code   RO         4531    .text               c_w.l(libspace.o)
    0x08000d54   0x08000d54   0x00000008   Code   RO         4541    .text               c_w.l(rt_heap_descriptor_intlibspace.o)
    0x08000d5c   0x08000d5c   0x00000004   Code   RO         4543    .text               c_w.l(hguard.o)
    0x08000d60   0x08000d60   0x0000008a   Code   RO         4547    .text               c_w.l(init_alloc.o)
    0x08000dea   0x08000dea   0x0000005e   Code   RO         4553    .text               c_w.l(h1_alloc.o)
    0x08000e48   0x08000e48   0x000000f8   Code   RO         4567    .text               c_w.l(fseek.o)
    0x08000f40   0x08000f40   0x000000f0   Code   RO         4569    .text               c_w.l(stdio.o)
    0x08001030   0x08001030   0x0000000a   Code   RO         4571    .text               c_w.l(defsig_exit.o)
    0x0800103a   0x0800103a   0x00000002   PAD
    0x0800103c   0x0800103c   0x00000034   Code   RO         4575    .text               c_w.l(defsig_rtred_inner.o)
    0x08001070   0x08001070   0x0000000e   Code   RO         4577    .text               c_w.l(defsig_rtmem_outer.o)
    0x0800107e   0x0800107e   0x00000002   PAD
    0x08001080   0x08001080   0x0000000c   Code   RO         4581    .text               c_w.l(sys_exit.o)
    0x0800108c   0x0800108c   0x00000002   Code   RO         4583    .text               c_w.l(use_no_semi.o)
    0x0800108e   0x0800108e   0x00000000   Code   RO         4585    .text               c_w.l(indicate_semi.o)
    0x0800108e   0x0800108e   0x0000000e   Code   RO         4595    .text               c_w.l(h1_init.o)
    0x0800109c   0x0800109c   0x00000034   Code   RO         4597    .text               c_w.l(h1_extend.o)
    0x080010d0   0x080010d0   0x00000042   Code   RO         4603    .text               c_w.l(ftell.o)
    0x08001112   0x08001112   0x00000032   Code   RO         4607    .text               c_w.l(defsig_general.o)
    0x08001144   0x08001144   0x00000050   Code   RO         4609    .text               c_w.l(defsig_rtmem_inner.o)
    0x08001194   0x08001194   0x0000000e   Code   RO         4616    .text               c_w.l(sys_wrch.o)
    0x080011a2   0x080011a2   0x00000002   PAD
    0x080011a4   0x080011a4   0x00000008   Code   RO         4621    .text               c_w.l(rt_errno_addr_intlibspace.o)
    0x080011ac   0x080011ac   0x00000088   Code   RO          433    i.Acc_Update        sensor_service.o
    0x08001234   0x08001234   0x000001f0   Code   RO          434    i.Add_Acc_Service   sensor_service.o
    0x08001424   0x08001424   0x00000394   Code   RO          435    i.Add_Environmental_Sensor_Service  sensor_service.o
    0x080017b8   0x080017b8   0x00000040   Code   RO         1880    i.BNRG_SPI_Init     stm32_bluenrg_ble.o
    0x080017f8   0x080017f8   0x00000020   Code   RO         1664    i.BSP_PB_GetState   stm32f4xx_nucleo.o
    0x08001818   0x08001818   0x0000009c   Code   RO         1665    i.BSP_PB_Init       stm32f4xx_nucleo.o
    0x080018b4   0x080018b4   0x00000018   Code   RO         1881    i.BlueNRG_DataPresent  stm32_bluenrg_ble.o
    0x080018cc   0x080018cc   0x0000002c   Code   RO         1883    i.BlueNRG_RST       stm32_bluenrg_ble.o
    0x080018f8   0x080018f8   0x000000a8   Code   RO         1884    i.BlueNRG_SPI_Read_All  stm32_bluenrg_ble.o
    0x080019a0   0x080019a0   0x000000c4   Code   RO         1885    i.BlueNRG_SPI_Write  stm32_bluenrg_ble.o
    0x08001a64   0x08001a64   0x0000000c   Code   RO         1886    i.Clear_SPI_EXTI_Flag  stm32_bluenrg_ble.o
    0x08001a70   0x08001a70   0x00000008   Code   RO          160    i.Clock_Time        clock.o
    0x08001a78   0x08001a78   0x00000002   Code   RO          239    i.DebugMon_Handler  stm32xx_it.o
    0x08001a7a   0x08001a7a   0x0000000a   Code   RO         1888    i.Disable_SPI_IRQ   stm32_bluenrg_ble.o
    0x08001a84   0x08001a84   0x0000000a   Code   RO          240    i.EXTI0_IRQHandler  stm32xx_it.o
    0x08001a8e   0x08001a8e   0x00000002   PAD
    0x08001a90   0x08001a90   0x00000018   Code   RO          241    i.EXTI15_10_IRQHandler  stm32xx_it.o
    0x08001aa8   0x08001aa8   0x0000000a   Code   RO         1889    i.Enable_SPI_IRQ    stm32_bluenrg_ble.o
    0x08001ab2   0x08001ab2   0x00000002   PAD
    0x08001ab4   0x08001ab4   0x00000064   Code   RO          437    i.GAP_ConnectionComplete_CB  sensor_service.o
    0x08001b18   0x08001b18   0x00000038   Code   RO          438    i.GAP_DisconnectionComplete_CB  sensor_service.o
    0x08001b50   0x08001b50   0x0000001a   Code   RO         2011    i.HAL_Delay         stm32f4xx_hal.o
    0x08001b6a   0x08001b6a   0x0000000a   Code   RO            4    i.HAL_GPIO_EXTI_Callback  bluenrg_interface.o
    0x08001b74   0x08001b74   0x0000001c   Code   RO         2968    i.HAL_GPIO_EXTI_IRQHandler  stm32f4xx_hal_gpio.o
    0x08001b90   0x08001b90   0x000001d0   Code   RO         2969    i.HAL_GPIO_Init     stm32f4xx_hal_gpio.o
    0x08001d60   0x08001d60   0x00000010   Code   RO         2971    i.HAL_GPIO_ReadPin  stm32f4xx_hal_gpio.o
    0x08001d70   0x08001d70   0x0000000c   Code   RO         2973    i.HAL_GPIO_WritePin  stm32f4xx_hal_gpio.o
    0x08001d7c   0x08001d7c   0x0000000c   Code   RO         2017    i.HAL_GetTick       stm32f4xx_hal.o
    0x08001d88   0x08001d88   0x00000010   Code   RO         2018    i.HAL_IncTick       stm32f4xx_hal.o
    0x08001d98   0x08001d98   0x0000003c   Code   RO         2019    i.HAL_Init          stm32f4xx_hal.o
    0x08001dd4   0x08001dd4   0x00000024   Code   RO         2020    i.HAL_InitTick      stm32f4xx_hal.o
    0x08001df8   0x08001df8   0x00000002   Code   RO         2022    i.HAL_MspInit       stm32f4xx_hal.o
    0x08001dfa   0x08001dfa   0x00000002   PAD
    0x08001dfc   0x08001dfc   0x0000001c   Code   RO         2439    i.HAL_NVIC_DisableIRQ  stm32f4xx_hal_cortex.o
    0x08001e18   0x08001e18   0x0000001a   Code   RO         2440    i.HAL_NVIC_EnableIRQ  stm32f4xx_hal_cortex.o
    0x08001e32   0x08001e32   0x0000007c   Code   RO         2446    i.HAL_NVIC_SetPriority  stm32f4xx_hal_cortex.o
    0x08001eae   0x08001eae   0x00000002   PAD
    0x08001eb0   0x08001eb0   0x00000028   Code   RO         2447    i.HAL_NVIC_SetPriorityGrouping  stm32f4xx_hal_cortex.o
    0x08001ed8   0x08001ed8   0x000002b0   Code   RO         3243    i.HAL_RCC_ClockConfig  stm32f4xx_hal_rcc.o
    0x08002188   0x08002188   0x00000038   Code   RO         3248    i.HAL_RCC_GetHCLKFreq  stm32f4xx_hal_rcc.o
    0x080021c0   0x080021c0   0x0000002c   Code   RO         3250    i.HAL_RCC_GetPCLK1Freq  stm32f4xx_hal_rcc.o
    0x080021ec   0x080021ec   0x0000002c   Code   RO         3251    i.HAL_RCC_GetPCLK2Freq  stm32f4xx_hal_rcc.o
    0x08002218   0x08002218   0x000000b4   Code   RO         3252    i.HAL_RCC_GetSysClockFreq  stm32f4xx_hal_rcc.o
    0x080022cc   0x080022cc   0x00000404   Code   RO         3255    i.HAL_RCC_OscConfig  stm32f4xx_hal_rcc.o
    0x080026d0   0x080026d0   0x00000088   Code   RO         3399    i.HAL_SPI_Init      stm32f4xx_hal_spi.o
    0x08002758   0x08002758   0x000001ac   Code   RO         1890    i.HAL_SPI_MspInit   stm32_bluenrg_ble.o
    0x08002904   0x08002904   0x00000352   Code   RO         3408    i.HAL_SPI_TransmitReceive  stm32f4xx_hal_spi.o
    0x08002c56   0x08002c56   0x00000034   Code   RO         2451    i.HAL_SYSTICK_Config  stm32f4xx_hal_cortex.o
    0x08002c8a   0x08002c8a   0x0000006e   Code   RO         3699    i.HAL_UART_Init     stm32f4xx_hal_uart.o
    0x08002cf8   0x08002cf8   0x00000002   Code   RO         3701    i.HAL_UART_MspInit  stm32f4xx_hal_uart.o
    0x08002cfa   0x08002cfa   0x00000008   Code   RO         3935    i.HAL_USART_GetState  stm32f4xx_hal_usart.o
    0x08002d02   0x08002d02   0x0000006a   Code   RO          439    i.HCI_Event_CB      sensor_service.o
    0x08002d6c   0x08002d6c   0x0000003c   Code   RO          567    i.HCI_Init          hci.o
    0x08002da8   0x08002da8   0x00000088   Code   RO          568    i.HCI_Isr           hci.o
    0x08002e30   0x08002e30   0x00000084   Code   RO          569    i.HCI_Process       hci.o
    0x08002eb4   0x08002eb4   0x00000010   Code   RO          570    i.HCI_Queue_Empty   hci.o
    0x08002ec4   0x08002ec4   0x00000024   Code   RO          571    i.HCI_verify        hci.o
    0x08002ee8   0x08002ee8   0x00000050   Code   RO         1891    i.Hal_Write_Serial  stm32_bluenrg_ble.o
    0x08002f38   0x08002f38   0x00000004   Code   RO          242    i.HardFault_Handler  stm32xx_it.o
    0x08002f3c   0x08002f3c   0x00000060   Code   RO          440    i.Humidity_Update   sensor_service.o
    0x08002f9c   0x08002f9c   0x00000030   Code   RO         4161    i.ITM_SendChar      retarget_io.o
    0x08002fcc   0x08002fcc   0x00000002   Code   RO          243    i.NMI_Handler       stm32xx_it.o
    0x08002fce   0x08002fce   0x00000002   PAD
    0x08002fd0   0x08002fd0   0x00000010   Code   RO         2453    i.NVIC_GetPriorityGrouping  stm32f4xx_hal_cortex.o
    0x08002fe0   0x08002fe0   0x00000028   Code   RO         2454    i.NVIC_SetPriority  stm32f4xx_hal_cortex.o
    0x08003008   0x08003008   0x00000014   Code   RO         1634    i.Osal_MemCpy       osal.o
    0x0800301c   0x0800301c   0x00000014   Code   RO         1635    i.Osal_MemSet       osal.o
    0x08003030   0x08003030   0x00000002   Code   RO          244    i.PendSV_Handler    stm32xx_it.o
    0x08003032   0x08003032   0x00000002   PAD
    0x08003034   0x08003034   0x00000060   Code   RO          441    i.Press_Update      sensor_service.o
    0x08003094   0x08003094   0x000000f4   Code   RO          442    i.Read_Request_CB   sensor_service.o
    0x08003188   0x08003188   0x00000114   Code   RO         3430    i.SPI_WaitOnFlagUntilTimeout  stm32f4xx_hal_spi.o
    0x0800329c   0x0800329c   0x00000002   Code   RO          245    i.SVC_Handler       stm32xx_it.o
    0x0800329e   0x0800329e   0x00000002   PAD
    0x080032a0   0x080032a0   0x00000018   Code   RO          246    i.SysTick_Handler   stm32xx_it.o
    0x080032b8   0x080032b8   0x00000042   Code   RO          211    i.SystemClock_Config  cube_hal_f4.o
    0x080032fa   0x080032fa   0x00000002   PAD
    0x080032fc   0x080032fc   0x00000064   Code   RO         1841    i.SystemInit        system_stm32f4xx_1.o
    0x08003360   0x08003360   0x00000060   Code   RO          443    i.Temp_Update       sensor_service.o
    0x080033c0   0x080033c0   0x0000001c   Code   RO         1491    i.Timer_Expired     gp_timer.o
    0x080033dc   0x080033dc   0x00000010   Code   RO         1495    i.Timer_Set         gp_timer.o
    0x080033ec   0x080033ec   0x00000084   Code   RO          335    i.UART_Init         main.o
    0x08003470   0x08003470   0x00000224   Code   RO         3719    i.UART_SetConfig    stm32f4xx_hal_uart.o
    0x08003694   0x08003694   0x00000054   Code   RO          247    i.USART1_IRQHandler  stm32xx_it.o
    0x080036e8   0x080036e8   0x00000050   Code   RO          336    i.User_Process      main.o
    0x08003738   0x08003738   0x00000006   Code   RO         1530    i.__get_PRIMASK     list.o
    0x0800373e   0x0800373e   0x00000006   Code   RO         1531    i.__set_PRIMASK     list.o
    0x08003744   0x08003744   0x0000000e   Code   RO         4290    i._is_digit         c_w.l(__printf_wp.o)
    0x08003752   0x08003752   0x00000026   Code   RO         4162    i._sys_close        retarget_io.o
    0x08003778   0x08003778   0x00000024   Code   RO         4163    i._sys_flen         retarget_io.o
    0x0800379c   0x0800379c   0x00000024   Code   RO         4164    i._sys_istty        retarget_io.o
    0x080037c0   0x080037c0   0x00000068   Code   RO         4165    i._sys_open         retarget_io.o
    0x08003828   0x08003828   0x0000002c   Code   RO         4167    i._sys_seek         retarget_io.o
    0x08003854   0x08003854   0x00000046   Code   RO         4168    i._sys_write        retarget_io.o
    0x0800389a   0x0800389a   0x00000072   Code   RO          866    i.aci_gap_init_IDB04A1  bluenrg_gap_aci.o
    0x0800390c   0x0800390c   0x00000088   Code   RO          867    i.aci_gap_init_IDB05A1  bluenrg_gap_aci.o
    0x08003994   0x08003994   0x00000088   Code   RO          873    i.aci_gap_set_auth_requirement  bluenrg_gap_aci.o
    0x08003a1c   0x08003a1c   0x0000010c   Code   RO          878    i.aci_gap_set_discoverable  bluenrg_gap_aci.o
    0x08003b28   0x08003b28   0x000000e0   Code   RO         1121    i.aci_gatt_add_char  bluenrg_gatt_aci.o
    0x08003c08   0x08003c08   0x00000112   Code   RO         1122    i.aci_gatt_add_char_desc  bluenrg_gatt_aci.o
    0x08003d1a   0x08003d1a   0x000000a0   Code   RO         1123    i.aci_gatt_add_serv  bluenrg_gatt_aci.o
    0x08003dba   0x08003dba   0x00000048   Code   RO         1124    i.aci_gatt_allow_read  bluenrg_gatt_aci.o
    0x08003e02   0x08003e02   0x0000003c   Code   RO         1137    i.aci_gatt_init     bluenrg_gatt_aci.o
    0x08003e3e   0x08003e3e   0x000000aa   Code   RO         1150    i.aci_gatt_update_char_value  bluenrg_gatt_aci.o
    0x08003ee8   0x08003ee8   0x00000058   Code   RO         1380    i.aci_hal_set_tx_power_level  bluenrg_hal_aci.o
    0x08003f40   0x08003f40   0x0000007c   Code   RO         1383    i.aci_hal_write_config_data  bluenrg_hal_aci.o
    0x08003fbc   0x08003fbc   0x00000038   Code   RO          535    i.fputc             fput_debug.o
    0x08003ff4   0x08003ff4   0x00000056   Code   RO         1442    i.getBlueNRGVersion  bluenrg_utils_small.o
    0x0800404a   0x0800404a   0x00000084   Code   RO          584    i.hci_le_read_local_version  hci.o
    0x080040ce   0x080040ce   0x0000006a   Code   RO          595    i.hci_le_set_scan_resp_data  hci.o
    0x08004138   0x08004138   0x0000003c   Code   RO          602    i.hci_send_cmd      hci.o
    0x08004174   0x08004174   0x000001b8   Code   RO          603    i.hci_send_req      hci.o
    0x0800432c   0x0800432c   0x0000001c   Code   RO          605    i.hci_write         hci.o
    0x08004348   0x08004348   0x00000006   Code   RO         1535    i.list_init_head    list.o
    0x0800434e   0x0800434e   0x00000022   Code   RO         1536    i.list_insert_head  list.o
    0x08004370   0x08004370   0x00000022   Code   RO         1539    i.list_insert_tail  list.o
    0x08004392   0x08004392   0x00000022   Code   RO         1540    i.list_is_empty     list.o
    0x080043b4   0x080043b4   0x0000002a   Code   RO         1541    i.list_remove_head  list.o
    0x080043de   0x080043de   0x00000020   Code   RO         1542    i.list_remove_node  list.o
    0x080043fe   0x080043fe   0x00000002   PAD
    0x08004400   0x08004400   0x00000378   Code   RO          337    i.main              main.o
    0x08004778   0x08004778   0x00000024   Code   RO          606    i.move_list         hci.o
    0x0800479c   0x0800479c   0x00000030   Code   RO          248    i.rx_available      stm32xx_it.o
    0x080047cc   0x080047cc   0x00000024   Code   RO          249    i.rx_read_byte      stm32xx_it.o
    0x080047f0   0x080047f0   0x0000009c   Code   RO          444    i.setConnectable    sensor_service.o
    0x0800488c   0x0800488c   0x00000038   Code   RO         1893    i.set_irq_as_input  stm32_bluenrg_ble.o
    0x080048c4   0x080048c4   0x0000002c   Code   RO         1894    i.set_irq_as_output  stm32_bluenrg_ble.o
    0x080048f0   0x080048f0   0x0000000c   Code   RO         4169    i.stdout_putchar    retarget_io.o
    0x080048fc   0x080048fc   0x0000001c   Code   RO         1895    i.us150Delay        stm32_bluenrg_ble.o
    0x08004918   0x08004918   0x0000000a   Code   RO         4418    x$fpl$fpinit        fz_wm.l(fpinit.o)
    0x08004922   0x08004922   0x00000002   PAD
    0x08004924   0x08004924   0x00000004   Data   RO          162    .constdata          clock.o
    0x08004928   0x08004928   0x00000005   Data   RO         1683    .constdata          stm32f4xx_nucleo.o
    0x0800492d   0x0800492d   0x00000010   Data   RO         3256    .constdata          stm32f4xx_hal_rcc.o
    0x0800493d   0x0800493d   0x00000017   Data   RO         4170    .constdata          retarget_io.o
    0x08004954   0x08004954   0x00000028   Data   RO         4263    .constdata          c_w.l(_printf_hex_int.o)
    0x0800497c   0x0800497c   0x00000011   Data   RO         4293    .constdata          c_w.l(__printf_flags_wp.o)
    0x0800498d   0x0800498d   0x00000003   PAD
    0x08004990   0x08004990   0x000000de   Data   RO          446    .conststring        sensor_service.o
    0x08004a6e   0x08004a6e   0x00000002   PAD
    0x08004a70   0x08004a70   0x00000020   Data   RO         4646    Region$$Table       anon$$obj.o


    Execution Region ER_RW (Exec base: 0x20000000, Load base: 0x08004a90, Size: 0x00000074, Max: 0xffffffff, ABSOLUTE)

    Exec Addr    Load Addr    Size         Type   Attr      Idx    E Section Name        Object

    0x20000000   0x08004a90   0x00000007   Data   RW          251    .data               stm32xx_it.o
    0x20000007   0x08004a97   0x00000001   PAD
    0x20000008   0x08004a98   0x00000008   Data   RW          339    .data               main.o
    0x20000010   0x08004aa0   0x0000001e   Data   RW          447    .data               sensor_service.o
    0x2000002e   0x08004abe   0x00000002   PAD
    0x20000030   0x08004ac0   0x00000013   Data   RW          608    .data               hci.o
    0x20000043   0x08004ad3   0x00000001   PAD
    0x20000044   0x08004ad4   0x0000000c   Data   RW         1684    .data               stm32f4xx_nucleo.o
    0x20000050   0x08004ae0   0x00000014   Data   RW         1842    .data               system_stm32f4xx_1.o
    0x20000064   0x08004af4   0x00000004   Data   RW         2025    .data               stm32f4xx_hal.o
    0x20000068   0x08004af8   0x00000004   Data   RW         4335    .data               c_w.l(stdio_streams.o)
    0x2000006c   0x08004afc   0x00000004   Data   RW         4336    .data               c_w.l(stdio_streams.o)
    0x20000070   0x08004b00   0x00000004   Data   RW         4337    .data               c_w.l(stdio_streams.o)


    Execution Region ER_ZI (Exec base: 0x20000074, Load base: 0x08004b04, Size: 0x000106a4, Max: 0xffffffff, ABSOLUTE)

    Exec Addr    Load Addr    Size         Type   Attr      Idx    E Section Name        Object

    0x20000074        -       0x00000100   Zero   RW          250    .bss                stm32xx_it.o
    0x20000174        -       0x0000fa40   Zero   RW          338    .bss                main.o
    0x2000fbb4        -       0x0000000c   Zero   RW          445    .bss                sensor_service.o
    0x2000fbc0        -       0x000002bc   Zero   RW          607    .bss                hci.o
    0x2000fe7c        -       0x00000058   Zero   RW         1896    .bss                stm32_bluenrg_ble.o
    0x2000fed4        -       0x000000e4   Zero   RW         4305    .bss                c_w.l(rand.o)
    0x2000ffb8        -       0x00000054   Zero   RW         4332    .bss                c_w.l(stdio_streams.o)
    0x2001000c        -       0x00000054   Zero   RW         4333    .bss                c_w.l(stdio_streams.o)
    0x20010060        -       0x00000054   Zero   RW         4334    .bss                c_w.l(stdio_streams.o)
    0x200100b4        -       0x00000060   Zero   RW         4532    .bss                c_w.l(libspace.o)
    0x20010114   0x08004b04   0x00000004   PAD
    0x20010118        -       0x00000200   Zero   RW         4154    HEAP                startup_stm32f401xe.o
    0x20010318        -       0x00000400   Zero   RW         4153    STACK               startup_stm32f401xe.o


==============================================================================

Image component sizes


      Code (inc. data)   RO Data    RW Data    ZI Data      Debug   Object Name

       654          0          0          0          0       5820   bluenrg_gap_aci.o
       960          0          0          0          0       7896   bluenrg_gatt_aci.o
       212          0          0          0          0       2821   bluenrg_hal_aci.o
        10          0          0          0          0     237309   bluenrg_interface.o
        86          0          0          0          0       1768   bluenrg_utils_small.o
         8          0          4          0          0       2244   clock.o
        66          0          0          0          0        665   cube_hal_f4.o
        56          4          0          0          0      28675   fput_debug.o
        44          0          0          0          0       1980   gp_timer.o
      1182         64          0         19        700      34731   hci.o
       194          0          0          0          0       7397   list.o
      1100        454          0          8      64064      68955   main.o
        40          0          0          0          0       1540   osal.o
       388         30         23          0          0       6910   retarget_io.o
      2498        522        222         30         12      11697   sensor_service.o
        64         26        404          0       1536        864   startup_stm32f401xe.o
      1164         96          0          0         88      10817   stm32_bluenrg_ble.o
       152         16          0          4          0       5156   stm32f4xx_hal.o
       326         28          0          0          0      31489   stm32f4xx_hal_cortex.o
       520         36          0          0          0       4026   stm32f4xx_hal_gpio.o
      2040         66         16          0          0       6479   stm32f4xx_hal_rcc.o
      1262          0          0          0          0       3917   stm32f4xx_hal_spi.o
       660         10          0          0          0       2715   stm32f4xx_hal_uart.o
         8          0          0          0          0       1273   stm32f4xx_hal_usart.o
       188         32          5         12          0       6708   stm32f4xx_nucleo.o
       238         44          0          7        256       6877   stm32xx_it.o
       100         18          0         20          0       1361   system_stm32f4xx_1.o

    ----------------------------------------------------------------------
     14238       1446        708        104      66656     502090   Object Totals
         0          0         32          0          0          0   (incl. Generated)
        18          0          2          4          0          0   (incl. Padding)

    ----------------------------------------------------------------------

      Code (inc. data)   RO Data    RW Data    ZI Data      Debug   Library Member Name

         8          0          0          0          0         68   __main.o
       312          4         17          0          0         92   __printf_flags_wp.o
        14          0          0          0          0         68   __printf_wp.o
         0          0          0          0          0          0   __rtentry.o
        12          0          0          0          0          0   __rtentry2.o
         6          0          0          0          0          0   __rtentry4.o
        52          8          0          0          0          0   __scatter.o
        26          0          0          0          0          0   __scatter_copy.o
        28          0          0          0          0          0   __scatter_zi.o
        48          6          0          0          0         96   _printf_char_common.o
        36          4          0          0          0         80   _printf_char_file.o
         6          0          0          0          0          0   _printf_d.o
       120         16          0          0          0         92   _printf_dec.o
        88          4         40          0          0         88   _printf_hex_int.o
       178          0          0          0          0         88   _printf_intcommon.o
        78          0          0          0          0        108   _printf_pad.o
         0          0          0          0          0          0   _printf_percent.o
         4          0          0          0          0          0   _printf_percent_end.o
         6          0          0          0          0          0   _printf_x.o
        10          0          0          0          0         68   defsig_exit.o
        50          0          0          0          0         88   defsig_general.o
        80         58          0          0          0         76   defsig_rtmem_inner.o
        14          0          0          0          0         80   defsig_rtmem_outer.o
        52         38          0          0          0         76   defsig_rtred_inner.o
        14          0          0          0          0         80   defsig_rtred_outer.o
        18          0          0          0          0         80   exit.o
        76          0          0          0          0         88   fclose.o
         8          0          0          0          0         68   ferror.o
       236          4          0          0          0        128   fopen.o
       248          6          0          0          0         84   fseek.o
        66          0          0          0          0         76   ftell.o
        94          0          0          0          0         80   h1_alloc.o
        52          0          0          0          0         68   h1_extend.o
        78          0          0          0          0         80   h1_free.o
        14          0          0          0          0         84   h1_init.o
         6          0          0          0          0        152   heapauxi.o
         4          0          0          0          0        136   hguard.o
         0          0          0          0          0          0   indicate_semi.o
       138          0          0          0          0        168   init_alloc.o
       312         46          0          0          0        112   initio.o
         2          0          0          0          0          0   libinit.o
        22          0          0          0          0          0   libinit2.o
         2          0          0          0          0          0   libshutdown.o
         6          0          0          0          0          0   libshutdown2.o
         8          4          0          0         96         68   libspace.o
       238          0          0          0          0        100   lludivv7m.o
         0          0          0          0          0          0   maybetermalloc1.o
         8          0          0          0          0         76   memcpy.o
        22          0          0          0          0         76   memset.o
        24          4          0          0          0         84   noretval__2printf.o
       112         18          0          0        228        160   rand.o
         8          4          0          0          0         68   rt_errno_addr_intlibspace.o
         8          4          0          0          0         68   rt_heap_descriptor_intlibspace.o
        68          0          0          0          0         68   rt_memclr.o
        78          0          0          0          0         80   rt_memclr_w.o
       138          0          0          0          0         68   rt_memcpy_v6.o
       100          0          0          0          0         80   rt_memcpy_w.o
         2          0          0          0          0          0   rtexit.o
        10          0          0          0          0          0   rtexit2.o
        70          0          0          0          0         80   setvbuf.o
       240          6          0          0          0        156   stdio.o
         0          0          0         12        252          0   stdio_streams.o
       128          0          0          0          0         68   strcmpv7m.o
        62          0          0          0          0         76   strlen.o
        12          4          0          0          0         68   sys_exit.o
        74          0          0          0          0         80   sys_stackheap_outer.o
        14          0          0          0          0         76   sys_wrch.o
         2          0          0          0          0         68   use_no_semi.o
        10          0          0          0          0        116   fpinit.o

    ----------------------------------------------------------------------
      4082        238         60         12        580       4436   Library Totals
        22          0          3          0          4          0   (incl. Padding)

    ----------------------------------------------------------------------

      Code (inc. data)   RO Data    RW Data    ZI Data      Debug   Library Name

      4050        238         57         12        576       4320   c_w.l
        10          0          0          0          0        116   fz_wm.l

    ----------------------------------------------------------------------
      4082        238         60         12        580       4436   Library Totals

    ----------------------------------------------------------------------

==============================================================================


      Code (inc. data)   RO Data    RW Data    ZI Data      Debug   

     18320       1684        768        116      67236     492782   Grand Totals
     18320       1684        768        116      67236     492782   ELF Image Totals
     18320       1684        768        116          0          0   ROM Totals

==============================================================================

    Total RO  Size (Code + RO Data)                19088 (  18.64kB)
    Total RW  Size (RW Data + ZI Data)             67352 (  65.77kB)
    Total ROM Size (Code + RO Data + RW Data)      19204 (  18.75kB)

==============================================================================

