Component: ARM Compiler 5.06 update 5 (build 528) Tool: armlink [4d35e2]

==============================================================================

Section Cross References

    heap_4.o(i.prvHeapInit) refers to heap_4.o(.bss) for .bss
    heap_4.o(i.prvHeapInit) refers to heap_4.o(.data) for .data
    heap_4.o(i.prvInsertBlockIntoFreeList) refers to heap_4.o(.data) for .data
    heap_4.o(i.pvPortMalloc) refers to tasks.o(i.vTaskSuspendAll) for vTaskSuspendAll
    heap_4.o(i.pvPortMalloc) refers to heap_4.o(i.prvHeapInit) for prvHeapInit
    heap_4.o(i.pvPortMalloc) refers to heap_4.o(i.prvInsertBlockIntoFreeList) for prvInsertBlockIntoFreeList
    heap_4.o(i.pvPortMalloc) refers to tasks.o(i.xTaskResumeAll) for xTaskResumeAll
    heap_4.o(i.pvPortMalloc) refers to heap_4.o(.data) for .data
    heap_4.o(i.vPortFree) refers to tasks.o(i.vTaskSuspendAll) for vTaskSuspendAll
    heap_4.o(i.vPortFree) refers to heap_4.o(i.prvInsertBlockIntoFreeList) for prvInsertBlockIntoFreeList
    heap_4.o(i.vPortFree) refers to tasks.o(i.xTaskResumeAll) for xTaskResumeAll
    heap_4.o(i.vPortFree) refers to heap_4.o(.data) for .data
    heap_4.o(i.xPortGetFreeHeapSize) refers to heap_4.o(.data) for .data
    heap_4.o(i.xPortGetMinimumEverFreeHeapSize) refers to heap_4.o(.data) for .data
    cmsis_os.o(i.osDelay) refers to tasks.o(i.vTaskDelay) for vTaskDelay
    cmsis_os.o(i.osKernelRunning) refers to tasks.o(i.xTaskGetSchedulerState) for xTaskGetSchedulerState
    cmsis_os.o(i.osKernelStart) refers to tasks.o(i.vTaskStartScheduler) for vTaskStartScheduler
    cmsis_os.o(i.osKernelSysTick) refers to cmsis_os.o(i.inHandlerMode) for inHandlerMode
    cmsis_os.o(i.osKernelSysTick) refers to tasks.o(i.xTaskGetTickCountFromISR) for xTaskGetTickCountFromISR
    cmsis_os.o(i.osKernelSysTick) refers to tasks.o(i.xTaskGetTickCount) for xTaskGetTickCount
    cmsis_os.o(i.osMailAlloc) refers to cmsis_os.o(i.osPoolAlloc) for osPoolAlloc
    cmsis_os.o(i.osMailCAlloc) refers to cmsis_os.o(i.osMailAlloc) for osMailAlloc
    cmsis_os.o(i.osMailCreate) refers to heap_4.o(i.pvPortMalloc) for pvPortMalloc
    cmsis_os.o(i.osMailCreate) refers to queue.o(i.xQueueGenericCreate) for xQueueGenericCreate
    cmsis_os.o(i.osMailCreate) refers to cmsis_os.o(i.osPoolCreate) for osPoolCreate
    cmsis_os.o(i.osMailCreate) refers to heap_4.o(i.vPortFree) for vPortFree
    cmsis_os.o(i.osMailFree) refers to cmsis_os.o(i.osPoolFree) for osPoolFree
    cmsis_os.o(i.osMailGet) refers to cmsis_os.o(i.inHandlerMode) for inHandlerMode
    cmsis_os.o(i.osMailGet) refers to queue.o(i.xQueueReceiveFromISR) for xQueueReceiveFromISR
    cmsis_os.o(i.osMailGet) refers to queue.o(i.xQueueGenericReceive) for xQueueGenericReceive
    cmsis_os.o(i.osMailPut) refers to cmsis_os.o(i.inHandlerMode) for inHandlerMode
    cmsis_os.o(i.osMailPut) refers to queue.o(i.xQueueGenericSendFromISR) for xQueueGenericSendFromISR
    cmsis_os.o(i.osMailPut) refers to queue.o(i.xQueueGenericSend) for xQueueGenericSend
    cmsis_os.o(i.osMessageAvailableSpace) refers to queue.o(i.uxQueueSpacesAvailable) for uxQueueSpacesAvailable
    cmsis_os.o(i.osMessageCreate) refers to queue.o(i.xQueueGenericCreate) for xQueueGenericCreate
    cmsis_os.o(i.osMessageDelete) refers to cmsis_os.o(i.inHandlerMode) for inHandlerMode
    cmsis_os.o(i.osMessageDelete) refers to queue.o(i.vQueueDelete) for vQueueDelete
    cmsis_os.o(i.osMessageGet) refers to cmsis_os.o(i.inHandlerMode) for inHandlerMode
    cmsis_os.o(i.osMessageGet) refers to queue.o(i.xQueueReceiveFromISR) for xQueueReceiveFromISR
    cmsis_os.o(i.osMessageGet) refers to queue.o(i.xQueueGenericReceive) for xQueueGenericReceive
    cmsis_os.o(i.osMessagePeek) refers to queue.o(i.xQueueGenericReceive) for xQueueGenericReceive
    cmsis_os.o(i.osMessagePut) refers to cmsis_os.o(i.inHandlerMode) for inHandlerMode
    cmsis_os.o(i.osMessagePut) refers to queue.o(i.xQueueGenericSendFromISR) for xQueueGenericSendFromISR
    cmsis_os.o(i.osMessagePut) refers to queue.o(i.xQueueGenericSend) for xQueueGenericSend
    cmsis_os.o(i.osMessageWaiting) refers to cmsis_os.o(i.inHandlerMode) for inHandlerMode
    cmsis_os.o(i.osMessageWaiting) refers to queue.o(i.uxQueueMessagesWaitingFromISR) for uxQueueMessagesWaitingFromISR
    cmsis_os.o(i.osMessageWaiting) refers to queue.o(i.uxQueueMessagesWaiting) for uxQueueMessagesWaiting
    cmsis_os.o(i.osMutexCreate) refers to queue.o(i.xQueueCreateMutex) for xQueueCreateMutex
    cmsis_os.o(i.osMutexDelete) refers to cmsis_os.o(i.inHandlerMode) for inHandlerMode
    cmsis_os.o(i.osMutexDelete) refers to queue.o(i.vQueueDelete) for vQueueDelete
    cmsis_os.o(i.osMutexRelease) refers to cmsis_os.o(i.inHandlerMode) for inHandlerMode
    cmsis_os.o(i.osMutexRelease) refers to queue.o(i.xQueueGiveFromISR) for xQueueGiveFromISR
    cmsis_os.o(i.osMutexRelease) refers to queue.o(i.xQueueGenericSend) for xQueueGenericSend
    cmsis_os.o(i.osMutexWait) refers to cmsis_os.o(i.inHandlerMode) for inHandlerMode
[...]
    Removing stm32f4xx_hal_adc_ex.o(i.HAL_ADCEx_InjectedStart_IT), (204 bytes).
    Removing stm32f4xx_hal_adc_ex.o(i.HAL_ADCEx_InjectedStop), (86 bytes).
    Removing stm32f4xx_hal_adc_ex.o(i.HAL_ADCEx_InjectedStop_IT), (94 bytes).
    Removing stm32f4xx_hal_adc_ex.o(i.HAL_ADCEx_MultiModeConfigChannel), (84 bytes).
    Removing stm32f4xx_hal_adc_ex.o(i.HAL_ADCEx_MultiModeGetValue), (12 bytes).
    Removing stm32f4xx_hal_adc_ex.o(i.HAL_ADCEx_MultiModeStart_DMA), (248 bytes).
    Removing stm32f4xx_hal_adc_ex.o(i.HAL_ADCEx_MultiModeStop_DMA), (96 bytes).
    Removing stm32f4xx_it.o(.rev16_text), (4 bytes).
    Removing stm32f4xx_it.o(.revsh_text), (4 bytes).
    Removing stm32f4xx_it.o(.rrx_text), (6 bytes).
    Removing main.o(.rev16_text), (4 bytes).
    Removing main.o(.revsh_text), (4 bytes).
    Removing main.o(.rrx_text), (6 bytes).
    Removing main.o(i._Error_Handler), (2 bytes).
    Removing main.o(.data), (4 bytes).
    Removing main.o(.data), (4 bytes).
    Removing main.o(.data), (4 bytes).
    Removing main.o(.data), (4 bytes).
    Removing stm32f4xx_hal_msp.o(.rev16_text), (4 bytes).
    Removing stm32f4xx_hal_msp.o(.revsh_text), (4 bytes).
    Removing stm32f4xx_hal_msp.o(.rrx_text), (6 bytes).
    Removing stm32f4xx_hal_msp.o(i.HAL_ADC_MspDeInit), (52 bytes).
    Removing stm32f4xx_hal_msp.o(i.HAL_TIM_Base_MspDeInit), (28 bytes).
    Removing startup_stm32f407xx.o(HEAP), (512 bytes).
    Removing system_stm32f4xx.o(.rev16_text), (4 bytes).
    Removing system_stm32f4xx.o(.revsh_text), (4 bytes).
    Removing system_stm32f4xx.o(.rrx_text), (6 bytes).
    Removing system_stm32f4xx.o(i.SystemCoreClockUpdate), (120 bytes).
    Removing system_stm32f4xx.o(.constdata), (8 bytes).

435 unused section(s) (total 27100 bytes) removed from the image.

==============================================================================

Image Symbol Table

    Local Symbols

    Symbol Name                              Value     Ov Type        Size  Object(Section)

    ../Drivers/STM32F4xx_HAL_Driver/Src/stm32f4xx_hal.c 0x00000000   Number         0  stm32f4xx_hal.o ABSOLUTE
    ../Drivers/STM32F4xx_HAL_Driver/Src/stm32f4xx_hal_cortex.c 0x00000000   Number         0  stm32f4xx_hal_cortex.o ABSOLUTE
    ../Drivers/STM32F4xx_HAL_Driver/Src/stm32f4xx_hal_dma.c 0x00000000   Number         0  stm32f4xx_hal_dma.o ABSOLUTE
    ../Drivers/STM32F4xx_HAL_Driver/Src/stm32f4xx_hal_dma_ex.c 0x00000000   Number         0  stm32f4xx_hal_dma_ex.o ABSOLUTE
    ../Drivers/STM32F4xx_HAL_Driver/Src/stm32f4xx_hal_flash.c 0x00000000   Number         0  stm32f4xx_hal_flash.o ABSOLUTE
    ../Drivers/STM32F4xx_HAL_Driver/Src/stm32f4xx_hal_flash_ex.c 0x00000000   Number         0  stm32f4xx_hal_flash_ex.o ABSOLUTE
    ../Drivers/STM32F4xx_HAL_Driver/Src/stm32f4xx_hal_flash_ramfunc.c 0x00000000   Number         0  stm32f4xx_hal_flash_ramfunc.o ABSOLUTE
    ../Drivers/STM32F4xx_HAL_Driver/Src/stm32f4xx_hal_gpio.c 0x00000000   Number         0  stm32f4xx_hal_gpio.o ABSOLUTE
    ../Drivers/STM32F4xx_HAL_Driver/Src/stm32f4xx_hal_pwr.c 0x00000000   Number         0  stm32f4xx_hal_pwr.o ABSOLUTE
    ../Drivers/STM32F4xx_HAL_Driver/Src/stm32f4xx_hal_pwr_ex.c 0x00000000   Number         0  stm32f4xx_hal_pwr_ex.o ABSOLUTE
    ../Drivers/STM32F4xx_HAL_Driver/Src/stm32f4xx_hal_rcc.c 0x00000000   Number         0  stm32f4xx_hal_rcc.o ABSOLUTE
    ../Drivers/STM32F4xx_HAL_Driver/Src/stm32f4xx_hal_rcc_ex.c 0x00000000   Number         0  stm32f4xx_hal_rcc_ex.o ABSOLUTE
    ../Drivers/STM32F4xx_HAL_Driver/Src/stm32f4xx_hal_tim.c 0x00000000   Number         0  stm32f4xx_hal_tim.o ABSOLUTE
    ../Drivers/STM32F4xx_HAL_Driver/Src/stm32f4xx_hal_tim_ex.c 0x00000000   Number         0  stm32f4xx_hal_tim_ex.o ABSOLUTE
    ../Middlewares/Third_Party/FreeRTOS/Source/CMSIS_RTOS/cmsis_os.c 0x00000000   Number         0  cmsis_os.o ABSOLUTE
    ../Middlewares/Third_Party/FreeRTOS/Source/croutine.c 0x00000000   Number         0  croutine.o ABSOLUTE
    ../Middlewares/Third_Party/FreeRTOS/Source/event_groups.c 0x00000000   Number         0  event_groups.o ABSOLUTE
    ../Middlewares/Third_Party/FreeRTOS/Source/list.c 0x00000000   Number         0  list.o ABSOLUTE
    ../Middlewares/Third_Party/FreeRTOS/Source/portable/MemMang/heap_4.c 0x00000000   Number         0  heap_4.o ABSOLUTE
    ../Middlewares/Third_Party/FreeRTOS/Source/portable/RVDS/ARM_CM4F/port.c 0x00000000   Number         0  port.o ABSOLUTE
    ../Middlewares/Third_Party/FreeRTOS/Source/queue.c 0x00000000   Number         0  queue.o ABSOLUTE
    ../Middlewares/Third_Party/FreeRTOS/Source/tasks.c 0x00000000   Number         0  tasks.o ABSOLUTE
    ../Middlewares/Third_Party/FreeRTOS/Source/timers.c 0x00000000   Number         0  timers.o ABSOLUTE
    ../Src/freertos.c                        0x00000000   Number         0  freertos.o ABSOLUTE
    ../Src/main.c                            0x00000000   Number         0  main.o ABSOLUTE
    ../Src/stm32f4xx_hal_msp.c               0x00000000   Number         0  stm32f4xx_hal_msp.o ABSOLUTE
    ../Src/stm32f4xx_it.c                    0x00000000   Number         0  stm32f4xx_it.o ABSOLUTE
    ../Src/system_stm32f4xx.c                0x00000000   Number         0  system_stm32f4xx.o ABSOLUTE
    ../clib/microlib/errno.c                 0x00000000   Number         0  errno.o ABSOLUTE
    ../clib/microlib/init/entry.s            0x00000000   Number         0  entry11a.o ABSOLUTE
    ../clib/microlib/init/entry.s            0x00000000   Number         0  entry10b.o ABSOLUTE
    ../clib/microlib/init/entry.s            0x00000000   Number         0  entry10a.o ABSOLUTE
    ../clib/microlib/init/entry.s            0x00000000   Number         0  entry9a.o ABSOLUTE
    ../clib/microlib/init/entry.s            0x00000000   Number         0  entry2.o ABSOLUTE
    ../clib/microlib/init/entry.s            0x00000000   Number         0  entry11b.o ABSOLUTE
    ../clib/microlib/init/entry.s            0x00000000   Number         0  entry8b.o ABSOLUTE
    ../clib/microlib/init/entry.s            0x00000000   Number         0  entry8a.o ABSOLUTE
    ../clib/microlib/init/entry.s            0x00000000   Number         0  entry7b.o ABSOLUTE
    ../clib/microlib/init/entry.s            0x00000000   Number         0  entry7a.o ABSOLUTE
    ../clib/microlib/init/entry.s            0x00000000   Number         0  entry5.o ABSOLUTE
    ../clib/microlib/init/entry.s            0x00000000   Number         0  entry9b.o ABSOLUTE
    ../clib/microlib/init/entry.s            0x00000000   Number         0  entry.o ABSOLUTE
    ../clib/microlib/longlong.c              0x00000000   Number         0  llsshr.o ABSOLUTE
    ../clib/microlib/longlong.c              0x00000000   Number         0  llshl.o ABSOLUTE
    ../clib/microlib/longlong.c              0x00000000   Number         0  llushr.o ABSOLUTE
    ../clib/microlib/string/memcpy.c         0x00000000   Number         0  memcpyb.o ABSOLUTE
    ../clib/microlib/string/memcpy.c         0x00000000   Number         0  memcpya.o ABSOLUTE
    ../clib/microlib/stubs.s                 0x00000000   Number         0  iusefp.o ABSOLUTE
    ../fplib/microlib/d2f.c                  0x00000000   Number         0  d2f.o ABSOLUTE
    ../fplib/microlib/f2d.c                  0x00000000   Number         0  f2d.o ABSOLUTE
    ../fplib/microlib/fpadd.c                0x00000000   Number         0  dadd.o ABSOLUTE
    ../fplib/microlib/fpdiv.c                0x00000000   Number         0  ddiv.o ABSOLUTE
    ../fplib/microlib/fpepilogue.c           0x00000000   Number         0  depilogue.o ABSOLUTE
    ../fplib/microlib/fpepilogue.c           0x00000000   Number         0  fepilogue.o ABSOLUTE
    ../fplib/microlib/fpflt.c                0x00000000   Number         0  dflti.o ABSOLUTE
    ../fplib/microlib/fpmul.c                0x00000000   Number         0  dmul.o ABSOLUTE
    ../fplib/microlib/fpsqrt.c               0x00000000   Number         0  dsqrt.o ABSOLUTE
    ../mathlib/sqrt.c                        0x00000000   Number         0  sqrt.o ABSOLUTE
    ../mathlib/sqrt.c                        0x00000000   Number         0  sqrt_x.o ABSOLUTE
    ..\..\Lab3_1\Drivers\STM32F4xx_HAL_Driver\Src\stm32f4xx_hal_adc.c 0x00000000   Number         0  stm32f4xx_hal_adc.o ABSOLUTE
    ..\..\Lab3_1\Drivers\STM32F4xx_HAL_Driver\Src\stm32f4xx_hal_adc_ex.c 0x00000000   Number         0  stm32f4xx_hal_adc_ex.o ABSOLUTE
    ..\Drivers\STM32F4xx_HAL_Driver\Src\stm32f4xx_hal.c 0x00000000   Number         0  stm32f4xx_hal.o ABSOLUTE
    ..\Drivers\STM32F4xx_HAL_Driver\Src\stm32f4xx_hal_cortex.c 0x00000000   Number         0  stm32f4xx_hal_cortex.o ABSOLUTE
    ..\Drivers\STM32F4xx_HAL_Driver\Src\stm32f4xx_hal_dma.c 0x00000000   Number         0  stm32f4xx_hal_dma.o ABSOLUTE
    ..\Drivers\STM32F4xx_HAL_Driver\Src\stm32f4xx_hal_dma_ex.c 0x00000000   Number         0  stm32f4xx_hal_dma_ex.o ABSOLUTE
    ..\Drivers\STM32F4xx_HAL_Driver\Src\stm32f4xx_hal_flash.c 0x00000000   Number         0  stm32f4xx_hal_flash.o ABSOLUTE
    ..\Drivers\STM32F4xx_HAL_Driver\Src\stm32f4xx_hal_flash_ex.c 0x00000000   Number         0  stm32f4xx_hal_flash_ex.o ABSOLUTE
    ..\Drivers\STM32F4xx_HAL_Driver\Src\stm32f4xx_hal_flash_ramfunc.c 0x00000000   Number         0  stm32f4xx_hal_flash_ramfunc.o ABSOLUTE
    ..\Drivers\STM32F4xx_HAL_Driver\Src\stm32f4xx_hal_gpio.c 0x00000000   Number         0  stm32f4xx_hal_gpio.o ABSOLUTE
    ..\Drivers\STM32F4xx_HAL_Driver\Src\stm32f4xx_hal_pwr.c 0x00000000   Number         0  stm32f4xx_hal_pwr.o ABSOLUTE
    ..\Drivers\STM32F4xx_HAL_Driver\Src\stm32f4xx_hal_pwr_ex.c 0x00000000   Number         0  stm32f4xx_hal_pwr_ex.o ABSOLUTE
    ..\Drivers\STM32F4xx_HAL_Driver\Src\stm32f4xx_hal_rcc.c 0x00000000   Number         0  stm32f4xx_hal_rcc.o ABSOLUTE
    ..\Drivers\STM32F4xx_HAL_Driver\Src\stm32f4xx_hal_rcc_ex.c 0x00000000   Number         0  stm32f4xx_hal_rcc_ex.o ABSOLUTE
    ..\Drivers\STM32F4xx_HAL_Driver\Src\stm32f4xx_hal_tim.c 0x00000000   Number         0  stm32f4xx_hal_tim.o ABSOLUTE
    ..\Drivers\STM32F4xx_HAL_Driver\Src\stm32f4xx_hal_tim_ex.c 0x00000000   Number         0  stm32f4xx_hal_tim_ex.o ABSOLUTE
    ..\Middlewares\Third_Party\FreeRTOS\Source\CMSIS_RTOS\cmsis_os.c 0x00000000   Number         0  cmsis_os.o ABSOLUTE
    ..\Middlewares\Third_Party\FreeRTOS\Source\portable\RVDS\ARM_CM4F\port.c 0x00000000   Number         0  port.o ABSOLUTE
    ..\Src\main.c                            0x00000000   Number         0  main.o ABSOLUTE
    ..\Src\stm32f4xx_hal_msp.c               0x00000000   Number         0  stm32f4xx_hal_msp.o ABSOLUTE
    ..\Src\stm32f4xx_it.c                    0x00000000   Number         0  stm32f4xx_it.o ABSOLUTE
    ..\Src\system_stm32f4xx.c                0x00000000   Number         0  system_stm32f4xx.o ABSOLUTE
    ..\\..\\Lab3_1\\Drivers\\STM32F4xx_HAL_Driver\\Src\\stm32f4xx_hal_adc.c 0x00000000   Number         0  stm32f4xx_hal_adc.o ABSOLUTE
    ..\\..\\Lab3_1\\Drivers\\STM32F4xx_HAL_Driver\\Src\\stm32f4xx_hal_adc_ex.c 0x00000000   Number         0  stm32f4xx_hal_adc_ex.o ABSOLUTE
    cdcmple.s                                0x00000000   Number         0  cdcmple.o ABSOLUTE
    cdrcmple.s                               0x00000000   Number         0  cdrcmple.o ABSOLUTE
    dc.s                                     0x00000000   Number         0  dc.o ABSOLUTE
    handlers.s                               0x00000000   Number         0  handlers.o ABSOLUTE
    init.s                                   0x00000000   Number         0  init.o ABSOLUTE
    startup_stm32f407xx.s                    0x00000000   Number         0  startup_stm32f407xx.o ABSOLUTE
    RESET                                    0x08000000   Section      392  startup_stm32f407xx.o(RESET)
    .ARM.Collect$$$$00000000                 0x08000188   Section        0  entry.o(.ARM.Collect$$$$00000000)
    .ARM.Collect$$$$00000001                 0x08000188   Section        4  entry2.o(.ARM.Collect$$$$00000001)
    .ARM.Collect$$$$00000004                 0x0800018c   Section        4  entry5.o(.ARM.Collect$$$$00000004)
    .ARM.Collect$$$$00000008                 0x08000190   Section        0  entry7b.o(.ARM.Collect$$$$00000008)
    .ARM.Collect$$$$0000000A                 0x08000190   Section        0  entry8b.o(.ARM.Collect$$$$0000000A)
    .ARM.Collect$$$$0000000B                 0x08000190   Section        8  entry9a.o(.ARM.Collect$$$$0000000B)
    .ARM.Collect$$$$0000000D                 0x08000198   Section        0  entry10a.o(.ARM.Collect$$$$0000000D)
    .ARM.Collect$$$$0000000F                 0x08000198   Section        0  entry11a.o(.ARM.Collect$$$$0000000F)
    .ARM.Collect$$$$00002712                 0x08000198   Section        4  entry2.o(.ARM.Collect$$$$00002712)
    __lit__00000000                          0x08000198   Data           4  entry2.o(.ARM.Collect$$$$00002712)
    .emb_text                                0x0800019c   Section      186  port.o(.emb_text)
    $v0                                      0x0800019c   Number         0  port.o(.emb_text)
    .text                                    0x08000258   Section       36  startup_stm32f407xx.o(.text)
    $v0                                      0x08000258   Number         0  startup_stm32f407xx.o(.text)
    .text                                    0x0800027c   Section        0  memcpya.o(.text)
    .text                                    0x080002a0   Section        0  dadd.o(.text)
    .text                                    0x080003ee   Section        0  dmul.o(.text)
    .text                                    0x080004d2   Section        0  ddiv.o(.text)
    .text                                    0x080005b0   Section        0  dflti.o(.text)
    .text                                    0x080005d2   Section        0  f2d.o(.text)
    .text                                    0x080005f8   Section       48  cdcmple.o(.text)
    .text                                    0x08000628   Section       48  cdrcmple.o(.text)
    .text                                    0x08000658   Section        0  d2f.o(.text)
    .text                                    0x08000690   Section        0  llshl.o(.text)
    .text                                    0x080006ae   Section        0  llsshr.o(.text)
    .text                                    0x080006d2   Section        0  iusefp.o(.text)
    .text                                    0x080006d2   Section        0  fepilogue.o(.text)
    .text                                    0x08000740   Section        0  depilogue.o(.text)
    .text                                    0x080007fa   Section        0  dsqrt.o(.text)
    .text                                    0x0800089c   Section       36  init.o(.text)
    .text                                    0x080008c0   Section        0  llushr.o(.text)
    i.ADC_IRQHandler                         0x080008e0   Section        0  stm32f4xx_it.o(i.ADC_IRQHandler)
    i.ADC_Init                               0x080008ec   Section        0  stm32f4xx_hal_adc.o(i.ADC_Init)
    ADC_Init                                 0x080008ed   Thumb Code   292  stm32f4xx_hal_adc.o(i.ADC_Init)
    i.FIR_C                                  0x08000a18   Section        0  main.o(i.FIR_C)
    i.HAL_ADCEx_InjectedConvCpltCallback     0x08000a84   Section        0  stm32f4xx_hal_adc_ex.o(i.HAL_ADCEx_InjectedConvCpltCallback)
    i.HAL_ADC_ConfigChannel                  0x08000a88   Section        0  stm32f4xx_hal_adc.o(i.HAL_ADC_ConfigChannel)
    i.HAL_ADC_ConvCpltCallback               0x08000bd4   Section        0  main.o(i.HAL_ADC_ConvCpltCallback)
    i.HAL_ADC_ErrorCallback                  0x08000c2c   Section        0  stm32f4xx_hal_adc.o(i.HAL_ADC_ErrorCallback)
    i.HAL_ADC_GetValue                       0x08000c2e   Section        0  stm32f4xx_hal_adc.o(i.HAL_ADC_GetValue)
    i.HAL_ADC_IRQHandler                     0x08000c34   Section        0  stm32f4xx_hal_adc.o(i.HAL_ADC_IRQHandler)
    i.HAL_ADC_Init                           0x08000d70   Section        0  stm32f4xx_hal_adc.o(i.HAL_ADC_Init)
    i.HAL_ADC_LevelOutOfWindowCallback       0x08000dc4   Section        0  stm32f4xx_hal_adc.o(i.HAL_ADC_LevelOutOfWindowCallback)
    i.HAL_ADC_MspInit                        0x08000dc8   Section        0  stm32f4xx_hal_msp.o(i.HAL_ADC_MspInit)
    i.HAL_ADC_Start_IT                       0x08000e1c   Section        0  stm32f4xx_hal_adc.o(i.HAL_ADC_Start_IT)
    i.HAL_ADC_Stop                           0x08000ee4   Section        0  stm32f4xx_hal_adc.o(i.HAL_ADC_Stop)
    i.HAL_ADC_Stop_IT                        0x08000f20   Section        0  stm32f4xx_hal_adc.o(i.HAL_ADC_Stop_IT)
    i.HAL_GPIO_Init                          0x08000f68   Section        0  stm32f4xx_hal_gpio.o(i.HAL_GPIO_Init)
    i.HAL_GPIO_ReadPin                       0x08001118   Section        0  stm32f4xx_hal_gpio.o(i.HAL_GPIO_ReadPin)
    i.HAL_GPIO_WritePin                      0x08001122   Section        0  stm32f4xx_hal_gpio.o(i.HAL_GPIO_WritePin)
    i.HAL_GetTick                            0x0800112c   Section        0  stm32f4xx_hal.o(i.HAL_GetTick)
    i.HAL_IncTick                            0x08001138   Section        0  stm32f4xx_hal.o(i.HAL_IncTick)
    i.HAL_Init                               0x08001148   Section        0  stm32f4xx_hal.o(i.HAL_Init)
    i.HAL_InitTick                           0x0800117c   Section        0  stm32f4xx_hal.o(i.HAL_InitTick)
    i.HAL_MspInit                            0x080011a4   Section        0  stm32f4xx_hal_msp.o(i.HAL_MspInit)
    i.HAL_NVIC_EnableIRQ                     0x080011fc   Section        0  stm32f4xx_hal_cortex.o(i.HAL_NVIC_EnableIRQ)
    i.HAL_NVIC_SetPriority                   0x08001214   Section        0  stm32f4xx_hal_cortex.o(i.HAL_NVIC_SetPriority)
    i.HAL_NVIC_SetPriorityGrouping           0x08001254   Section        0  stm32f4xx_hal_cortex.o(i.HAL_NVIC_SetPriorityGrouping)
    i.HAL_RCC_ClockConfig                    0x08001278   Section        0  stm32f4xx_hal_rcc.o(i.HAL_RCC_ClockConfig)
    i.HAL_RCC_GetHCLKFreq                    0x080013f4   Section        0  stm32f4xx_hal_rcc.o(i.HAL_RCC_GetHCLKFreq)
    i.HAL_RCC_GetSysClockFreq                0x08001400   Section        0  stm32f4xx_hal_rcc.o(i.HAL_RCC_GetSysClockFreq)
    i.HAL_RCC_OscConfig                      0x08001470   Section        0  stm32f4xx_hal_rcc.o(i.HAL_RCC_OscConfig)
    i.HAL_SYSTICK_CLKSourceConfig            0x08001784   Section        0  stm32f4xx_hal_cortex.o(i.HAL_SYSTICK_CLKSourceConfig)
    i.HAL_SYSTICK_Config                     0x0800179c   Section        0  stm32f4xx_hal_cortex.o(i.HAL_SYSTICK_Config)
    i.HAL_TIMEx_MasterConfigSynchronization  0x080017c4   Section        0  stm32f4xx_hal_tim_ex.o(i.HAL_TIMEx_MasterConfigSynchronization)
    i.HAL_TIM_Base_Init                      0x08001814   Section        0  stm32f4xx_hal_tim.o(i.HAL_TIM_Base_Init)
    i.HAL_TIM_Base_MspInit                   0x0800184c   Section        0  stm32f4xx_hal_msp.o(i.HAL_TIM_Base_MspInit)
    i.HAL_TIM_ConfigClockSource              0x08001874   Section        0  stm32f4xx_hal_tim.o(i.HAL_TIM_ConfigClockSource)
    i.HAL_TIM_MspPostInit                    0x08001968   Section        0  stm32f4xx_hal_msp.o(i.HAL_TIM_MspPostInit)
    i.HAL_TIM_PWM_ConfigChannel              0x08001998   Section        0  stm32f4xx_hal_tim.o(i.HAL_TIM_PWM_ConfigChannel)
    i.HAL_TIM_PWM_Init                       0x08001a68   Section        0  stm32f4xx_hal_tim.o(i.HAL_TIM_PWM_Init)
    i.HAL_TIM_PWM_MspInit                    0x08001a9e   Section        0  stm32f4xx_hal_tim.o(i.HAL_TIM_PWM_MspInit)
    i.HAL_TIM_PWM_Start                      0x08001aa0   Section        0  stm32f4xx_hal_tim.o(i.HAL_TIM_PWM_Start)
    i.HAL_TIM_PWM_Stop                       0x08001ad8   Section        0  stm32f4xx_hal_tim.o(i.HAL_TIM_PWM_Stop)
    i.MX_ADC1_Init                           0x08001b34   Section        0  main.o(i.MX_ADC1_Init)
    MX_ADC1_Init                             0x08001b35   Thumb Code    78  main.o(i.MX_ADC1_Init)
    i.MX_GPIO_Init                           0x08001b8c   Section        0  main.o(i.MX_GPIO_Init)
    MX_GPIO_Init                             0x08001b8d   Thumb Code   456  main.o(i.MX_GPIO_Init)
    i.MX_TIM3_Init                           0x08001d74   Section        0  main.o(i.MX_TIM3_Init)
    MX_TIM3_Init                             0x08001d75   Thumb Code   112  main.o(i.MX_TIM3_Init)
    i.NVIC_SetPriority                       0x08001dec   Section        0  stm32f4xx_hal_cortex.o(i.NVIC_SetPriority)
    NVIC_SetPriority                         0x08001ded   Thumb Code    32  stm32f4xx_hal_cortex.o(i.NVIC_SetPriority)
    i.SysTick_Handler                        0x08001e0c   Section        0  stm32f4xx_it.o(i.SysTick_Handler)
    i.SystemClock_Config                     0x08001e1c   Section        0  main.o(i.SystemClock_Config)
    i.SystemInit                             0x08001ebc   Section        0  system_stm32f4xx.o(i.SystemInit)
    i.TIM_Base_SetConfig                     0x08001f10   Section        0  stm32f4xx_hal_tim.o(i.TIM_Base_SetConfig)
    i.TIM_CCxChannelCmd                      0x08001fd0   Section        0  stm32f4xx_hal_tim.o(i.TIM_CCxChannelCmd)
    i.TIM_ETR_SetConfig                      0x08001fe6   Section        0  stm32f4xx_hal_tim.o(i.TIM_ETR_SetConfig)
    TIM_ETR_SetConfig                        0x08001fe7   Thumb Code    20  stm32f4xx_hal_tim.o(i.TIM_ETR_SetConfig)
    i.TIM_ITRx_SetConfig                     0x08001ffa   Section        0  stm32f4xx_hal_tim.o(i.TIM_ITRx_SetConfig)
    TIM_ITRx_SetConfig                       0x08001ffb   Thumb Code    16  stm32f4xx_hal_tim.o(i.TIM_ITRx_SetConfig)
    i.TIM_OC1_SetConfig                      0x0800200c   Section        0  stm32f4xx_hal_tim.o(i.TIM_OC1_SetConfig)
    TIM_OC1_SetConfig                        0x0800200d   Thumb Code    80  stm32f4xx_hal_tim.o(i.TIM_OC1_SetConfig)
    i.TIM_OC2_SetConfig                      0x08002064   Section        0  stm32f4xx_hal_tim.o(i.TIM_OC2_SetConfig)
    i.TIM_OC3_SetConfig                      0x080020c8   Section        0  stm32f4xx_hal_tim.o(i.TIM_OC3_SetConfig)
    TIM_OC3_SetConfig                        0x080020c9   Thumb Code    88  stm32f4xx_hal_tim.o(i.TIM_OC3_SetConfig)
    i.TIM_OC4_SetConfig                      0x08002128   Section        0  stm32f4xx_hal_tim.o(i.TIM_OC4_SetConfig)
    TIM_OC4_SetConfig                        0x08002129   Thumb Code    70  stm32f4xx_hal_tim.o(i.TIM_OC4_SetConfig)
    i.TIM_TI1_ConfigInputStage               0x08002178   Section        0  stm32f4xx_hal_tim.o(i.TIM_TI1_ConfigInputStage)
    TIM_TI1_ConfigInputStage                 0x08002179   Thumb Code    34  stm32f4xx_hal_tim.o(i.TIM_TI1_ConfigInputStage)
    i.TIM_TI2_ConfigInputStage               0x0800219a   Section        0  stm32f4xx_hal_tim.o(i.TIM_TI2_ConfigInputStage)
    TIM_TI2_ConfigInputStage                 0x0800219b   Thumb Code    36  stm32f4xx_hal_tim.o(i.TIM_TI2_ConfigInputStage)
    i.__hardfp_sqrt                          0x080021be   Section        0  sqrt.o(i.__hardfp_sqrt)
    i.__scatterload_copy                     0x08002238   Section       14  handlers.o(i.__scatterload_copy)
    i.__scatterload_null                     0x08002246   Section        2  handlers.o(i.__scatterload_null)
    i.__scatterload_zeroinit                 0x08002248   Section       14  handlers.o(i.__scatterload_zeroinit)
    i.__set_errno                            0x08002258   Section        0  errno.o(i.__set_errno)
    i.c_math                                 0x08002264   Section        0  main.o(i.c_math)
    i.generalTimer                           0x080022a8   Section        0  main.o(i.generalTimer)
    i.getKeypadValue                         0x080022e0   Section        0  main.o(i.getKeypadValue)
    i.inHandlerMode                          0x08002400   Section        0  cmsis_os.o(i.inHandlerMode)
    inHandlerMode                            0x08002401   Thumb Code    12  cmsis_os.o(i.inHandlerMode)
    i.keypadTimer                            0x0800240c   Section        0  main.o(i.keypadTimer)
    i.ledDriver                              0x0800249c   Section        0  main.o(i.ledDriver)
    i.main                                   0x08002790   Section        0  main.o(i.main)
    i.makeFreeRtosPriority                   0x08002830   Section        0  cmsis_os.o(i.makeFreeRtosPriority)
    makeFreeRtosPriority                     0x08002831   Thumb Code    12  cmsis_os.o(i.makeFreeRtosPriority)
    i.osDelay                                0x0800283c   Section        0  cmsis_os.o(i.osDelay)
    i.osKernelStart                          0x0800284a   Section        0  cmsis_os.o(i.osKernelStart)
    i.osSemaphoreCreate                      0x08002854   Section        0  cmsis_os.o(i.osSemaphoreCreate)
    i.osSemaphoreRelease                     0x0800287c   Section        0  cmsis_os.o(i.osSemaphoreRelease)
    i.osSemaphoreWait                        0x080028cc   Section        0  cmsis_os.o(i.osSemaphoreWait)
    i.osSignalSet                            0x08002934   Section        0  cmsis_os.o(i.osSignalSet)
    i.osSignalWait                           0x08002990   Section        0  cmsis_os.o(i.osSignalWait)
    i.osSystickHandler                       0x080029e6   Section        0  cmsis_os.o(i.osSystickHandler)
    i.osThreadCreate                         0x080029fa   Section        0  cmsis_os.o(i.osThreadCreate)
    i.prvAddCurrentTaskToDelayedList         0x08002a28   Section        0  tasks.o(i.prvAddCurrentTaskToDelayedList)
    prvAddCurrentTaskToDelayedList           0x08002a29   Thumb Code   102  tasks.o(i.prvAddCurrentTaskToDelayedList)
    i.prvAddNewTaskToReadyList               0x08002a98   Section        0  tasks.o(i.prvAddNewTaskToReadyList)
    prvAddNewTaskToReadyList                 0x08002a99   Thumb Code   194  tasks.o(i.prvAddNewTaskToReadyList)
    i.prvCheckTasksWaitingTermination        0x08002b68   Section        0  tasks.o(i.prvCheckTasksWaitingTermination)
    prvCheckTasksWaitingTermination          0x08002b69   Thumb Code    70  tasks.o(i.prvCheckTasksWaitingTermination)
    i.prvCopyDataFromQueue                   0x08002bb8   Section        0  queue.o(i.prvCopyDataFromQueue)
    prvCopyDataFromQueue                     0x08002bb9   Thumb Code    38  queue.o(i.prvCopyDataFromQueue)
    i.prvCopyDataToQueue                     0x08002bde   Section        0  queue.o(i.prvCopyDataToQueue)
    prvCopyDataToQueue                       0x08002bdf   Thumb Code   108  queue.o(i.prvCopyDataToQueue)
    i.prvDeleteTCB                           0x08002c4a   Section        0  tasks.o(i.prvDeleteTCB)
    prvDeleteTCB                             0x08002c4b   Thumb Code    20  tasks.o(i.prvDeleteTCB)
    i.prvHeapInit                            0x08002c60   Section        0  heap_4.o(i.prvHeapInit)
    prvHeapInit                              0x08002c61   Thumb Code    66  heap_4.o(i.prvHeapInit)
    i.prvIdleTask                            0x08002cac   Section        0  tasks.o(i.prvIdleTask)
    prvIdleTask                              0x08002cad   Thumb Code    30  tasks.o(i.prvIdleTask)
    i.prvInitialiseNewTask                   0x08002cd4   Section        0  tasks.o(i.prvInitialiseNewTask)
    prvInitialiseNewTask                     0x08002cd5   Thumb Code   142  tasks.o(i.prvInitialiseNewTask)
    i.prvInsertBlockIntoFreeList             0x08002d64   Section        0  heap_4.o(i.prvInsertBlockIntoFreeList)
    prvInsertBlockIntoFreeList               0x08002d65   Thumb Code    72  heap_4.o(i.prvInsertBlockIntoFreeList)
    i.prvIsQueueEmpty                        0x08002db0   Section        0  queue.o(i.prvIsQueueEmpty)
    prvIsQueueEmpty                          0x08002db1   Thumb Code    28  queue.o(i.prvIsQueueEmpty)
    i.prvResetNextTaskUnblockTime            0x08002dcc   Section        0  tasks.o(i.prvResetNextTaskUnblockTime)
    prvResetNextTaskUnblockTime              0x08002dcd   Thumb Code    26  tasks.o(i.prvResetNextTaskUnblockTime)
    i.prvTaskExitError                       0x08002dec   Section        0  port.o(i.prvTaskExitError)
    prvTaskExitError                         0x08002ded   Thumb Code    36  port.o(i.prvTaskExitError)
    i.prvUnlockQueue                         0x08002e14   Section        0  queue.o(i.prvUnlockQueue)
    prvUnlockQueue                           0x08002e15   Thumb Code   106  queue.o(i.prvUnlockQueue)
    i.pvPortMalloc                           0x08002e80   Section        0  heap_4.o(i.pvPortMalloc)
    i.pvTaskIncrementMutexHeldCount          0x08002f58   Section        0  tasks.o(i.pvTaskIncrementMutexHeldCount)
    i.pwmController                          0x08002f70   Section        0  main.o(i.pwmController)
    i.pwmSetValue                            0x08003084   Section        0  main.o(i.pwmSetValue)
    i.pxPortInitialiseStack                  0x080030b0   Section        0  port.o(i.pxPortInitialiseStack)
    i.stateController                        0x080030dc   Section        0  main.o(i.stateController)
    i.uxListRemove                           0x08003290   Section        0  list.o(i.uxListRemove)
    i.vListInitialise                        0x080032b4   Section        0  list.o(i.vListInitialise)
    i.vListInitialiseItem                    0x080032ca   Section        0  list.o(i.vListInitialiseItem)
    i.vListInsert                            0x080032d0   Section        0  list.o(i.vListInsert)
    i.vListInsertEnd                         0x08003300   Section        0  list.o(i.vListInsertEnd)
    i.vPortEnterCritical                     0x08003318   Section        0  port.o(i.vPortEnterCritical)
    i.vPortExitCritical                      0x08003358   Section        0  port.o(i.vPortExitCritical)
    i.vPortFree                              0x08003380   Section        0  heap_4.o(i.vPortFree)
    i.vPortSetupTimerInterrupt               0x080033dc   Section        0  port.o(i.vPortSetupTimerInterrupt)
    i.vPortValidateInterruptPriority         0x080033fc   Section        0  port.o(i.vPortValidateInterruptPriority)
    i.vTaskDelay                             0x08003450   Section        0  tasks.o(i.vTaskDelay)
    i.vTaskMissedYield                       0x0800349c   Section        0  tasks.o(i.vTaskMissedYield)
    i.vTaskPlaceOnEventList                  0x080034a8   Section        0  tasks.o(i.vTaskPlaceOnEventList)
    i.vTaskPriorityInherit                   0x080034d8   Section        0  tasks.o(i.vTaskPriorityInherit)
    i.vTaskSetTimeOutState                   0x0800355c   Section        0  tasks.o(i.vTaskSetTimeOutState)
    i.vTaskStartScheduler                    0x08003580   Section        0  tasks.o(i.vTaskStartScheduler)
    i.vTaskSuspendAll                        0x080035e8   Section        0  tasks.o(i.vTaskSuspendAll)
    i.vTaskSwitchContext                     0x080035f8   Section        0  tasks.o(i.vTaskSwitchContext)
    i.valueParse                             0x08003654   Section        0  main.o(i.valueParse)
    i.xPortStartScheduler                    0x080036b8   Section        0  port.o(i.xPortStartScheduler)
    i.xPortSysTickHandler                    0x08003798   Section        0  port.o(i.xPortSysTickHandler)
    i.xQueueGenericCreate                    0x080037c4   Section        0  queue.o(i.xQueueGenericCreate)
    i.xQueueGenericReceive                   0x0800380c   Section        0  queue.o(i.xQueueGenericReceive)
    i.xQueueGenericReset                     0x08003978   Section        0  queue.o(i.xQueueGenericReset)
    i.xQueueGenericSend                      0x08003a00   Section        0  queue.o(i.xQueueGenericSend)
    i.xQueueGiveFromISR                      0x08003b60   Section        0  queue.o(i.xQueueGiveFromISR)
    i.xQueueReceiveFromISR                   0x08003bfc   Section        0  queue.o(i.xQueueReceiveFromISR)
    i.xTaskCheckForTimeOut                   0x08003c98   Section        0  tasks.o(i.xTaskCheckForTimeOut)
    i.xTaskCreate                            0x08003d04   Section        0  tasks.o(i.xTaskCreate)
    i.xTaskGenericNotify                     0x08003d5c   Section        0  tasks.o(i.xTaskGenericNotify)
    i.xTaskGenericNotifyFromISR              0x08003e28   Section        0  tasks.o(i.xTaskGenericNotifyFromISR)
    i.xTaskGetSchedulerState                 0x08003f18   Section        0  tasks.o(i.xTaskGetSchedulerState)
    i.xTaskIncrementTick                     0x08003f34   Section        0  tasks.o(i.xTaskIncrementTick)
    i.xTaskNotifyWait                        0x08003ffc   Section        0  tasks.o(i.xTaskNotifyWait)
    i.xTaskPriorityDisinherit                0x08004088   Section        0  tasks.o(i.xTaskPriorityDisinherit)
    i.xTaskRemoveFromEventList               0x08004120   Section        0  tasks.o(i.xTaskRemoveFromEventList)
    i.xTaskResumeAll                         0x08004194   Section        0  tasks.o(i.xTaskResumeAll)
    .constdata                               0x08004258   Section      120  main.o(.constdata)
    .constdata                               0x080042d0   Section       16  system_stm32f4xx.o(.constdata)
    .conststring                             0x080042e0   Section       68  main.o(.conststring)
    .data                                    0x20000000   Section       24  heap_4.o(.data)
    pxEnd                                    0x20000000   Data           4  heap_4.o(.data)
    xFreeBytesRemaining                      0x20000004   Data           4  heap_4.o(.data)
    xMinimumEverFreeBytesRemaining           0x20000008   Data           4  heap_4.o(.data)
    xBlockAllocatedBit                       0x2000000c   Data           4  heap_4.o(.data)
    xStart                                   0x20000010   Data           8  heap_4.o(.data)
    .data                                    0x20000018   Section       12  port.o(.data)
    ucMaxSysCallPriority                     0x20000018   Data           1  port.o(.data)
    uxCriticalNesting                        0x2000001c   Data           4  port.o(.data)
    ulMaxPRIGROUPValue                       0x20000020   Data           4  port.o(.data)
    .data                                    0x20000024   Section       60  tasks.o(.data)
    uxDeletedTasksWaitingCleanUp             0x20000028   Data           4  tasks.o(.data)
    uxCurrentNumberOfTasks                   0x2000002c   Data           4  tasks.o(.data)
    xTickCount                               0x20000030   Data           4  tasks.o(.data)
    uxTopReadyPriority                       0x20000034   Data           4  tasks.o(.data)
    xSchedulerRunning                        0x20000038   Data           4  tasks.o(.data)
    uxPendedTicks                            0x2000003c   Data           4  tasks.o(.data)
    xYieldPending                            0x20000040   Data           4  tasks.o(.data)
    xNumOfOverflows                          0x20000044   Data           4  tasks.o(.data)
    uxTaskNumber                             0x20000048   Data           4  tasks.o(.data)
    xNextTaskUnblockTime                     0x2000004c   Data           4  tasks.o(.data)
    xIdleTaskHandle                          0x20000050   Data           4  tasks.o(.data)
    uxSchedulerSuspended                     0x20000054   Data           4  tasks.o(.data)
    pxDelayedTaskList                        0x20000058   Data           4  tasks.o(.data)
    pxOverflowDelayedTaskList                0x2000005c   Data           4  tasks.o(.data)
    .data                                    0x20000060   Section        4  stm32f4xx_hal.o(.data)
    .data                                    0x20000064   Section      180  main.o(.data)
    counter                                  0x2000008c   Data           4  main.o(.data)
    mathCounter                              0x20000090   Data           4  main.o(.data)
    .data                                    0x20000118   Section        4  system_stm32f4xx.o(.data)
    .data                                    0x2000011c   Section        4  errno.o(.data)
    _errno                                   0x2000011c   Data           4  errno.o(.data)
    .bss                                     0x20000120   Section    15360  heap_4.o(.bss)
    ucHeap                                   0x20000120   Data       15360  heap_4.o(.bss)
    .bss                                     0x20003d20   Section      240  tasks.o(.bss)
    pxReadyTasksLists                        0x20003d20   Data         140  tasks.o(.bss)
    xDelayedTaskList1                        0x20003dac   Data          20  tasks.o(.bss)
    xDelayedTaskList2                        0x20003dc0   Data          20  tasks.o(.bss)
    xPendingReadyList                        0x20003dd4   Data          20  tasks.o(.bss)
    xTasksWaitingTermination                 0x20003de8   Data          20  tasks.o(.bss)
    xSuspendedTaskList                       0x20003dfc   Data          20  tasks.o(.bss)
    .bss                                     0x20003e10   Section      168  main.o(.bss)
    STACK                                    0x20003eb8   Section     1024  startup_stm32f407xx.o(STACK)

    Global Symbols

    Symbol Name                              Value     Ov Type        Size  Object(Section)

    BuildAttributes$$THM_ISAv4$E$P$D$K$B$S$7EM$VFPi3$EXTD16$VFPS$VFMA$PE$A:L22UL41UL21$X:L11$S22US41US21$IEEE1$IW$USESV6$~STKCKD$USESV7$~SHL$OTIME$ROPI$IEEEJ$EBA8$MICROLIB$REQ8$PRES8$EABIv2 0x00000000   Number         0  anon$$obj.o ABSOLUTE
    __ARM_use_no_argv                        0x00000000   Number         0  main.o ABSOLUTE
    __cpp_initialize__aeabi_                  - Undefined Weak Reference
    __cxa_finalize                            - Undefined Weak Reference
    __decompress                              - Undefined Weak Reference
    _clock_init                               - Undefined Weak Reference
    _microlib_exit                            - Undefined Weak Reference
    __Vectors_Size                           0x00000188   Number         0  startup_stm32f407xx.o ABSOLUTE
    __Vectors                                0x08000000   Data           4  startup_stm32f407xx.o(RESET)
    __Vectors_End                            0x08000188   Data           0  startup_stm32f407xx.o(RESET)
    __main                                   0x08000189   Thumb Code     0  entry.o(.ARM.Collect$$$$00000000)
    _main_stk                                0x08000189   Thumb Code     0  entry2.o(.ARM.Collect$$$$00000001)
    _main_scatterload                        0x0800018d   Thumb Code     0  entry5.o(.ARM.Collect$$$$00000004)
    __main_after_scatterload                 0x08000191   Thumb Code     0  entry5.o(.ARM.Collect$$$$00000004)
    _main_clock                              0x08000191   Thumb Code     0  entry7b.o(.ARM.Collect$$$$00000008)
    _main_cpp_init                           0x08000191   Thumb Code     0  entry8b.o(.ARM.Collect$$$$0000000A)
    _main_init                               0x08000191   Thumb Code     0  entry9a.o(.ARM.Collect$$$$0000000B)
    __rt_final_cpp                           0x08000199   Thumb Code     0  entry10a.o(.ARM.Collect$$$$0000000D)
    __rt_final_exit                          0x08000199   Thumb Code     0  entry11a.o(.ARM.Collect$$$$0000000F)
    SVC_Handler                              0x0800019d   Thumb Code    28  port.o(.emb_text)
    __asm___6_port_c_39a90d8d__prvStartFirstTask 0x080001bd   Thumb Code    28  port.o(.emb_text)
    __asm___6_port_c_39a90d8d__prvEnableVFP  0x080001dd   Thumb Code    16  port.o(.emb_text)
    PendSV_Handler                           0x080001f1   Thumb Code    92  port.o(.emb_text)
    vPortGetIPSR                             0x08000251   Thumb Code     6  port.o(.emb_text)
    Reset_Handler                            0x08000259   Thumb Code     8  startup_stm32f407xx.o(.text)
    NMI_Handler                              0x08000261   Thumb Code     2  startup_stm32f407xx.o(.text)
    HardFault_Handler                        0x08000263   Thumb Code     2  startup_stm32f407xx.o(.text)
    MemManage_Handler                        0x08000265   Thumb Code     2  startup_stm32f407xx.o(.text)
    BusFault_Handler                         0x08000267   Thumb Code     2  startup_stm32f407xx.o(.text)
    UsageFault_Handler                       0x08000269   Thumb Code     2  startup_stm32f407xx.o(.text)
    DebugMon_Handler                         0x0800026d   Thumb Code     2  startup_stm32f407xx.o(.text)
    CAN1_RX0_IRQHandler                      0x08000273   Thumb Code     0  startup_stm32f407xx.o(.text)
    CAN1_RX1_IRQHandler                      0x08000273   Thumb Code     0  startup_stm32f407xx.o(.text)
    CAN1_SCE_IRQHandler                      0x08000273   Thumb Code     0  startup_stm32f407xx.o(.text)
    CAN1_TX_IRQHandler                       0x08000273   Thumb Code     0  startup_stm32f407xx.o(.text)
    CAN2_RX0_IRQHandler                      0x08000273   Thumb Code     0  startup_stm32f407xx.o(.text)
    CAN2_RX1_IRQHandler                      0x08000273   Thumb Code     0  startup_stm32f407xx.o(.text)
    CAN2_SCE_IRQHandler                      0x08000273   Thumb Code     0  startup_stm32f407xx.o(.text)
    CAN2_TX_IRQHandler                       0x08000273   Thumb Code     0  startup_stm32f407xx.o(.text)
    DCMI_IRQHandler                          0x08000273   Thumb Code     0  startup_stm32f407xx.o(.text)
    DMA1_Stream0_IRQHandler                  0x08000273   Thumb Code     0  startup_stm32f407xx.o(.text)
    DMA1_Stream1_IRQHandler                  0x08000273   Thumb Code     0  startup_stm32f407xx.o(.text)
    DMA1_Stream2_IRQHandler                  0x08000273   Thumb Code     0  startup_stm32f407xx.o(.text)
    DMA1_Stream3_IRQHandler                  0x08000273   Thumb Code     0  startup_stm32f407xx.o(.text)
    DMA1_Stream4_IRQHandler                  0x08000273   Thumb Code     0  startup_stm32f407xx.o(.text)
    DMA1_Stream5_IRQHandler                  0x08000273   Thumb Code     0  startup_stm32f407xx.o(.text)
    DMA1_Stream6_IRQHandler                  0x08000273   Thumb Code     0  startup_stm32f407xx.o(.text)
    DMA1_Stream7_IRQHandler                  0x08000273   Thumb Code     0  startup_stm32f407xx.o(.text)
    DMA2_Stream0_IRQHandler                  0x08000273   Thumb Code     0  startup_stm32f407xx.o(.text)
    DMA2_Stream1_IRQHandler                  0x08000273   Thumb Code     0  startup_stm32f407xx.o(.text)
    DMA2_Stream2_IRQHandler                  0x08000273   Thumb Code     0  startup_stm32f407xx.o(.text)
    DMA2_Stream3_IRQHandler                  0x08000273   Thumb Code     0  startup_stm32f407xx.o(.text)
    DMA2_Stream4_IRQHandler                  0x08000273   Thumb Code     0  startup_stm32f407xx.o(.text)
    DMA2_Stream5_IRQHandler                  0x08000273   Thumb Code     0  startup_stm32f407xx.o(.text)
    DMA2_Stream6_IRQHandler                  0x08000273   Thumb Code     0  startup_stm32f407xx.o(.text)
    DMA2_Stream7_IRQHandler                  0x08000273   Thumb Code     0  startup_stm32f407xx.o(.text)
    ETH_IRQHandler                           0x08000273   Thumb Code     0  startup_stm32f407xx.o(.text)
    ETH_WKUP_IRQHandler                      0x08000273   Thumb Code     0  startup_stm32f407xx.o(.text)
    EXTI0_IRQHandler                         0x08000273   Thumb Code     0  startup_stm32f407xx.o(.text)
    EXTI15_10_IRQHandler                     0x08000273   Thumb Code     0  startup_stm32f407xx.o(.text)
    EXTI1_IRQHandler                         0x08000273   Thumb Code     0  startup_stm32f407xx.o(.text)
    EXTI2_IRQHandler                         0x08000273   Thumb Code     0  startup_stm32f407xx.o(.text)
    EXTI3_IRQHandler                         0x08000273   Thumb Code     0  startup_stm32f407xx.o(.text)
    EXTI4_IRQHandler                         0x08000273   Thumb Code     0  startup_stm32f407xx.o(.text)
    EXTI9_5_IRQHandler                       0x08000273   Thumb Code     0  startup_stm32f407xx.o(.text)
    FLASH_IRQHandler                         0x08000273   Thumb Code     0  startup_stm32f407xx.o(.text)
    FMC_IRQHandler                           0x08000273   Thumb Code     0  startup_stm32f407xx.o(.text)
    FPU_IRQHandler                           0x08000273   Thumb Code     0  startup_stm32f407xx.o(.text)
    HASH_RNG_IRQHandler                      0x08000273   Thumb Code     0  startup_stm32f407xx.o(.text)
    I2C1_ER_IRQHandler                       0x08000273   Thumb Code     0  startup_stm32f407xx.o(.text)
    I2C1_EV_IRQHandler                       0x08000273   Thumb Code     0  startup_stm32f407xx.o(.text)
    I2C2_ER_IRQHandler                       0x08000273   Thumb Code     0  startup_stm32f407xx.o(.text)
    I2C2_EV_IRQHandler                       0x08000273   Thumb Code     0  startup_stm32f407xx.o(.text)
    I2C3_ER_IRQHandler                       0x08000273   Thumb Code     0  startup_stm32f407xx.o(.text)
    I2C3_EV_IRQHandler                       0x08000273   Thumb Code     0  startup_stm32f407xx.o(.text)
    OTG_FS_IRQHandler                        0x08000273   Thumb Code     0  startup_stm32f407xx.o(.text)
    OTG_FS_WKUP_IRQHandler                   0x08000273   Thumb Code     0  startup_stm32f407xx.o(.text)
    OTG_HS_EP1_IN_IRQHandler                 0x08000273   Thumb Code     0  startup_stm32f407xx.o(.text)
    OTG_HS_EP1_OUT_IRQHandler                0x08000273   Thumb Code     0  startup_stm32f407xx.o(.text)
    OTG_HS_IRQHandler                        0x08000273   Thumb Code     0  startup_stm32f407xx.o(.text)
    OTG_HS_WKUP_IRQHandler                   0x08000273   Thumb Code     0  startup_stm32f407xx.o(.text)
    PVD_IRQHandler                           0x08000273   Thumb Code     0  startup_stm32f407xx.o(.text)
    RCC_IRQHandler                           0x08000273   Thumb Code     0  startup_stm32f407xx.o(.text)
    RTC_Alarm_IRQHandler                     0x08000273   Thumb Code     0  startup_stm32f407xx.o(.text)
    RTC_WKUP_IRQHandler                      0x08000273   Thumb Code     0  startup_stm32f407xx.o(.text)
    SDIO_IRQHandler                          0x08000273   Thumb Code     0  startup_stm32f407xx.o(.text)
    SPI1_IRQHandler                          0x08000273   Thumb Code     0  startup_stm32f407xx.o(.text)
    SPI2_IRQHandler                          0x08000273   Thumb Code     0  startup_stm32f407xx.o(.text)
    SPI3_IRQHandler                          0x08000273   Thumb Code     0  startup_stm32f407xx.o(.text)
    TAMP_STAMP_IRQHandler                    0x08000273   Thumb Code     0  startup_stm32f407xx.o(.text)
    TIM1_BRK_TIM9_IRQHandler                 0x08000273   Thumb Code     0  startup_stm32f407xx.o(.text)
    TIM1_CC_IRQHandler                       0x08000273   Thumb Code     0  startup_stm32f407xx.o(.text)
    TIM1_TRG_COM_TIM11_IRQHandler            0x08000273   Thumb Code     0  startup_stm32f407xx.o(.text)
    TIM1_UP_TIM10_IRQHandler                 0x08000273   Thumb Code     0  startup_stm32f407xx.o(.text)
    TIM2_IRQHandler                          0x08000273   Thumb Code     0  startup_stm32f407xx.o(.text)
    TIM3_IRQHandler                          0x08000273   Thumb Code     0  startup_stm32f407xx.o(.text)
    TIM4_IRQHandler                          0x08000273   Thumb Code     0  startup_stm32f407xx.o(.text)
    TIM5_IRQHandler                          0x08000273   Thumb Code     0  startup_stm32f407xx.o(.text)
    TIM6_DAC_IRQHandler                      0x08000273   Thumb Code     0  startup_stm32f407xx.o(.text)
    TIM7_IRQHandler                          0x08000273   Thumb Code     0  startup_stm32f407xx.o(.text)
    TIM8_BRK_TIM12_IRQHandler                0x08000273   Thumb Code     0  startup_stm32f407xx.o(.text)
    TIM8_CC_IRQHandler                       0x08000273   Thumb Code     0  startup_stm32f407xx.o(.text)
    TIM8_TRG_COM_TIM14_IRQHandler            0x08000273   Thumb Code     0  startup_stm32f407xx.o(.text)
    TIM8_UP_TIM13_IRQHandler                 0x08000273   Thumb Code     0  startup_stm32f407xx.o(.text)
    UART4_IRQHandler                         0x08000273   Thumb Code     0  startup_stm32f407xx.o(.text)
    UART5_IRQHandler                         0x08000273   Thumb Code     0  startup_stm32f407xx.o(.text)
    USART1_IRQHandler                        0x08000273   Thumb Code     0  startup_stm32f407xx.o(.text)
    USART2_IRQHandler                        0x08000273   Thumb Code     0  startup_stm32f407xx.o(.text)
    USART3_IRQHandler                        0x08000273   Thumb Code     0  startup_stm32f407xx.o(.text)
    USART6_IRQHandler                        0x08000273   Thumb Code     0  startup_stm32f407xx.o(.text)
    WWDG_IRQHandler                          0x08000273   Thumb Code     0  startup_stm32f407xx.o(.text)
    __aeabi_memcpy                           0x0800027d   Thumb Code    36  memcpya.o(.text)
    __aeabi_memcpy4                          0x0800027d   Thumb Code     0  memcpya.o(.text)
    __aeabi_memcpy8                          0x0800027d   Thumb Code     0  memcpya.o(.text)
    __aeabi_dadd                             0x080002a1   Thumb Code   322  dadd.o(.text)
    __aeabi_dsub                             0x080003e3   Thumb Code     6  dadd.o(.text)
    __aeabi_drsub                            0x080003e9   Thumb Code     6  dadd.o(.text)
    __aeabi_dmul                             0x080003ef   Thumb Code   228  dmul.o(.text)
    __aeabi_ddiv                             0x080004d3   Thumb Code   222  ddiv.o(.text)
    __aeabi_i2d                              0x080005b1   Thumb Code    34  dflti.o(.text)
    __aeabi_f2d                              0x080005d3   Thumb Code    38  f2d.o(.text)
    __aeabi_cdcmpeq                          0x080005f9   Thumb Code     0  cdcmple.o(.text)
    __aeabi_cdcmple                          0x080005f9   Thumb Code    48  cdcmple.o(.text)
    __aeabi_cdrcmple                         0x08000629   Thumb Code    48  cdrcmple.o(.text)
    __aeabi_d2f                              0x08000659   Thumb Code    56  d2f.o(.text)
    __aeabi_llsl                             0x08000691   Thumb Code    30  llshl.o(.text)
    _ll_shift_l                              0x08000691   Thumb Code     0  llshl.o(.text)
    __aeabi_lasr                             0x080006af   Thumb Code    36  llsshr.o(.text)
    _ll_sshift_r                             0x080006af   Thumb Code     0  llsshr.o(.text)
    __I$use$fp                               0x080006d3   Thumb Code     0  iusefp.o(.text)
    _float_round                             0x080006d3   Thumb Code    18  fepilogue.o(.text)
    _float_epilogue                          0x080006e5   Thumb Code    92  fepilogue.o(.text)
    _double_round                            0x08000741   Thumb Code    30  depilogue.o(.text)
    _double_epilogue                         0x0800075f   Thumb Code   156  depilogue.o(.text)
    _dsqrt                                   0x080007fb   Thumb Code   162  dsqrt.o(.text)
    __scatterload                            0x0800089d   Thumb Code    28  init.o(.text)
    __scatterload_rt2                        0x0800089d   Thumb Code     0  init.o(.text)
    __aeabi_llsr                             0x080008c1   Thumb Code    32  llushr.o(.text)
    _ll_ushift_r                             0x080008c1   Thumb Code     0  llushr.o(.text)
    ADC_IRQHandler                           0x080008e1   Thumb Code     6  stm32f4xx_it.o(i.ADC_IRQHandler)
    FIR_C                                    0x08000a19   Thumb Code    94  main.o(i.FIR_C)
    HAL_ADCEx_InjectedConvCpltCallback       0x08000a85   Thumb Code     2  stm32f4xx_hal_adc_ex.o(i.HAL_ADCEx_InjectedConvCpltCallback)
    HAL_ADC_ConfigChannel                    0x08000a89   Thumb Code   316  stm32f4xx_hal_adc.o(i.HAL_ADC_ConfigChannel)
    HAL_ADC_ConvCpltCallback                 0x08000bd5   Thumb Code    68  main.o(i.HAL_ADC_ConvCpltCallback)
    HAL_ADC_ErrorCallback                    0x08000c2d   Thumb Code     2  stm32f4xx_hal_adc.o(i.HAL_ADC_ErrorCallback)
    HAL_ADC_GetValue                         0x08000c2f   Thumb Code     6  stm32f4xx_hal_adc.o(i.HAL_ADC_GetValue)
    HAL_ADC_IRQHandler                       0x08000c35   Thumb Code   316  stm32f4xx_hal_adc.o(i.HAL_ADC_IRQHandler)
    HAL_ADC_Init                             0x08000d71   Thumb Code    84  stm32f4xx_hal_adc.o(i.HAL_ADC_Init)
    HAL_ADC_LevelOutOfWindowCallback         0x08000dc5   Thumb Code     2  stm32f4xx_hal_adc.o(i.HAL_ADC_LevelOutOfWindowCallback)
    HAL_ADC_MspInit                          0x08000dc9   Thumb Code    70  stm32f4xx_hal_msp.o(i.HAL_ADC_MspInit)
    HAL_ADC_Start_IT                         0x08000e1d   Thumb Code   180  stm32f4xx_hal_adc.o(i.HAL_ADC_Start_IT)
    HAL_ADC_Stop                             0x08000ee5   Thumb Code    60  stm32f4xx_hal_adc.o(i.HAL_ADC_Stop)
    HAL_ADC_Stop_IT                          0x08000f21   Thumb Code    68  stm32f4xx_hal_adc.o(i.HAL_ADC_Stop_IT)
    HAL_GPIO_Init                            0x08000f69   Thumb Code   388  stm32f4xx_hal_gpio.o(i.HAL_GPIO_Init)
    HAL_GPIO_ReadPin                         0x08001119   Thumb Code    10  stm32f4xx_hal_gpio.o(i.HAL_GPIO_ReadPin)
    HAL_GPIO_WritePin                        0x08001123   Thumb Code    10  stm32f4xx_hal_gpio.o(i.HAL_GPIO_WritePin)
    HAL_GetTick                              0x0800112d   Thumb Code     6  stm32f4xx_hal.o(i.HAL_GetTick)
    HAL_IncTick                              0x08001139   Thumb Code    10  stm32f4xx_hal.o(i.HAL_IncTick)
    HAL_Init                                 0x08001149   Thumb Code    48  stm32f4xx_hal.o(i.HAL_Init)
    HAL_InitTick                             0x0800117d   Thumb Code    34  stm32f4xx_hal.o(i.HAL_InitTick)
    HAL_MspInit                              0x080011a5   Thumb Code    88  stm32f4xx_hal_msp.o(i.HAL_MspInit)
    HAL_NVIC_EnableIRQ                       0x080011fd   Thumb Code    22  stm32f4xx_hal_cortex.o(i.HAL_NVIC_EnableIRQ)
    HAL_NVIC_SetPriority                     0x08001215   Thumb Code    60  stm32f4xx_hal_cortex.o(i.HAL_NVIC_SetPriority)
    HAL_NVIC_SetPriorityGrouping             0x08001255   Thumb Code    26  stm32f4xx_hal_cortex.o(i.HAL_NVIC_SetPriorityGrouping)
    HAL_RCC_ClockConfig                      0x08001279   Thumb Code   364  stm32f4xx_hal_rcc.o(i.HAL_RCC_ClockConfig)
    HAL_RCC_GetHCLKFreq                      0x080013f5   Thumb Code     6  stm32f4xx_hal_rcc.o(i.HAL_RCC_GetHCLKFreq)
    HAL_RCC_GetSysClockFreq                  0x08001401   Thumb Code   104  stm32f4xx_hal_rcc.o(i.HAL_RCC_GetSysClockFreq)
    HAL_RCC_OscConfig                        0x08001471   Thumb Code   770  stm32f4xx_hal_rcc.o(i.HAL_RCC_OscConfig)
    HAL_SYSTICK_CLKSourceConfig              0x08001785   Thumb Code    24  stm32f4xx_hal_cortex.o(i.HAL_SYSTICK_CLKSourceConfig)
    HAL_SYSTICK_Config                       0x0800179d   Thumb Code    40  stm32f4xx_hal_cortex.o(i.HAL_SYSTICK_Config)
    HAL_TIMEx_MasterConfigSynchronization    0x080017c5   Thumb Code    80  stm32f4xx_hal_tim_ex.o(i.HAL_TIMEx_MasterConfigSynchronization)
    HAL_TIM_Base_Init                        0x08001815   Thumb Code    54  stm32f4xx_hal_tim.o(i.HAL_TIM_Base_Init)
    HAL_TIM_Base_MspInit                     0x0800184d   Thumb Code    30  stm32f4xx_hal_msp.o(i.HAL_TIM_Base_MspInit)
    HAL_TIM_ConfigClockSource                0x08001875   Thumb Code   242  stm32f4xx_hal_tim.o(i.HAL_TIM_ConfigClockSource)
    HAL_TIM_MspPostInit                      0x08001969   Thumb Code    40  stm32f4xx_hal_msp.o(i.HAL_TIM_MspPostInit)
    HAL_TIM_PWM_ConfigChannel                0x08001999   Thumb Code   208  stm32f4xx_hal_tim.o(i.HAL_TIM_PWM_ConfigChannel)
    HAL_TIM_PWM_Init                         0x08001a69   Thumb Code    54  stm32f4xx_hal_tim.o(i.HAL_TIM_PWM_Init)
    HAL_TIM_PWM_MspInit                      0x08001a9f   Thumb Code     2  stm32f4xx_hal_tim.o(i.HAL_TIM_PWM_MspInit)
    HAL_TIM_PWM_Start                        0x08001aa1   Thumb Code    48  stm32f4xx_hal_tim.o(i.HAL_TIM_PWM_Start)
    HAL_TIM_PWM_Stop                         0x08001ad9   Thumb Code    84  stm32f4xx_hal_tim.o(i.HAL_TIM_PWM_Stop)
    SysTick_Handler                          0x08001e0d   Thumb Code    14  stm32f4xx_it.o(i.SysTick_Handler)
    SystemClock_Config                       0x08001e1d   Thumb Code   152  main.o(i.SystemClock_Config)
    SystemInit                               0x08001ebd   Thumb Code    66  system_stm32f4xx.o(i.SystemInit)
    TIM_Base_SetConfig                       0x08001f11   Thumb Code   148  stm32f4xx_hal_tim.o(i.TIM_Base_SetConfig)
    TIM_CCxChannelCmd                        0x08001fd1   Thumb Code    22  stm32f4xx_hal_tim.o(i.TIM_CCxChannelCmd)
    TIM_OC2_SetConfig                        0x08002065   Thumb Code    90  stm32f4xx_hal_tim.o(i.TIM_OC2_SetConfig)
    __hardfp_sqrt                            0x080021bf   Thumb Code   122  sqrt.o(i.__hardfp_sqrt)
    __scatterload_copy                       0x08002239   Thumb Code    14  handlers.o(i.__scatterload_copy)
    __scatterload_null                       0x08002247   Thumb Code     2  handlers.o(i.__scatterload_null)
    __scatterload_zeroinit                   0x08002249   Thumb Code    14  handlers.o(i.__scatterload_zeroinit)
    __set_errno                              0x08002259   Thumb Code     6  errno.o(i.__set_errno)
    c_math                                   0x08002265   Thumb Code    62  main.o(i.c_math)
    generalTimer                             0x080022a9   Thumb Code    50  main.o(i.generalTimer)
    getKeypadValue                           0x080022e1   Thumb Code   274  main.o(i.getKeypadValue)
    keypadTimer                              0x0800240d   Thumb Code   132  main.o(i.keypadTimer)
    ledDriver                                0x0800249d   Thumb Code   740  main.o(i.ledDriver)
    main                                     0x08002791   Thumb Code   146  main.o(i.main)
    osDelay                                  0x0800283d   Thumb Code    14  cmsis_os.o(i.osDelay)
    osKernelStart                            0x0800284b   Thumb Code    10  cmsis_os.o(i.osKernelStart)
    osSemaphoreCreate                        0x08002855   Thumb Code    38  cmsis_os.o(i.osSemaphoreCreate)
    osSemaphoreRelease                       0x0800287d   Thumb Code    74  cmsis_os.o(i.osSemaphoreRelease)
    osSemaphoreWait                          0x080028cd   Thumb Code   100  cmsis_os.o(i.osSemaphoreWait)
    osSignalSet                              0x08002935   Thumb Code    86  cmsis_os.o(i.osSignalSet)
    osSignalWait                             0x08002991   Thumb Code    86  cmsis_os.o(i.osSignalWait)
    osSystickHandler                         0x080029e7   Thumb Code    20  cmsis_os.o(i.osSystickHandler)
    osThreadCreate                           0x080029fb   Thumb Code    46  cmsis_os.o(i.osThreadCreate)
    pvPortMalloc                             0x08002e81   Thumb Code   210  heap_4.o(i.pvPortMalloc)
    pvTaskIncrementMutexHeldCount            0x08002f59   Thumb Code    18  tasks.o(i.pvTaskIncrementMutexHeldCount)
    pwmController                            0x08002f71   Thumb Code   254  main.o(i.pwmController)
    pwmSetValue                              0x08003085   Thumb Code    38  main.o(i.pwmSetValue)
    pxPortInitialiseStack                    0x080030b1   Thumb Code    40  port.o(i.pxPortInitialiseStack)
    stateController                          0x080030dd   Thumb Code   418  main.o(i.stateController)
    uxListRemove                             0x08003291   Thumb Code    36  list.o(i.uxListRemove)
    vListInitialise                          0x080032b5   Thumb Code    22  list.o(i.vListInitialise)
    vListInitialiseItem                      0x080032cb   Thumb Code     6  list.o(i.vListInitialiseItem)
    vListInsert                              0x080032d1   Thumb Code    48  list.o(i.vListInsert)
    vListInsertEnd                           0x08003301   Thumb Code    24  list.o(i.vListInsertEnd)
    vPortEnterCritical                       0x08003319   Thumb Code    54  port.o(i.vPortEnterCritical)
    vPortExitCritical                        0x08003359   Thumb Code    34  port.o(i.vPortExitCritical)
    vPortFree                                0x08003381   Thumb Code    88  heap_4.o(i.vPortFree)
    vPortSetupTimerInterrupt                 0x080033dd   Thumb Code    26  port.o(i.vPortSetupTimerInterrupt)
    vPortValidateInterruptPriority           0x080033fd   Thumb Code    74  port.o(i.vPortValidateInterruptPriority)
    vTaskDelay                               0x08003451   Thumb Code    66  tasks.o(i.vTaskDelay)
    vTaskMissedYield                         0x0800349d   Thumb Code     8  tasks.o(i.vTaskMissedYield)
    vTaskPlaceOnEventList                    0x080034a9   Thumb Code    44  tasks.o(i.vTaskPlaceOnEventList)
    vTaskPriorityInherit                     0x080034d9   Thumb Code   124  tasks.o(i.vTaskPriorityInherit)
    vTaskSetTimeOutState                     0x0800355d   Thumb Code    30  tasks.o(i.vTaskSetTimeOutState)
    vTaskStartScheduler                      0x08003581   Thumb Code    86  tasks.o(i.vTaskStartScheduler)
    vTaskSuspendAll                          0x080035e9   Thumb Code    10  tasks.o(i.vTaskSuspendAll)
    vTaskSwitchContext                       0x080035f9   Thumb Code    82  tasks.o(i.vTaskSwitchContext)
    valueParse                               0x08003655   Thumb Code    96  main.o(i.valueParse)
    xPortStartScheduler                      0x080036b9   Thumb Code   202  port.o(i.xPortStartScheduler)
    xPortSysTickHandler                      0x08003799   Thumb Code    38  port.o(i.xPortSysTickHandler)
    xQueueGenericCreate                      0x080037c5   Thumb Code    72  queue.o(i.xQueueGenericCreate)
    xQueueGenericReceive                     0x0800380d   Thumb Code   360  queue.o(i.xQueueGenericReceive)
    xQueueGenericReset                       0x08003979   Thumb Code   132  queue.o(i.xQueueGenericReset)
    xQueueGenericSend                        0x08003a01   Thumb Code   346  queue.o(i.xQueueGenericSend)
    xQueueGiveFromISR                        0x08003b61   Thumb Code   156  queue.o(i.xQueueGiveFromISR)
    xQueueReceiveFromISR                     0x08003bfd   Thumb Code   154  queue.o(i.xQueueReceiveFromISR)
    xTaskCheckForTimeOut                     0x08003c99   Thumb Code   102  tasks.o(i.xTaskCheckForTimeOut)
    xTaskCreate                              0x08003d05   Thumb Code    86  tasks.o(i.xTaskCreate)
    xTaskGenericNotify                       0x08003d5d   Thumb Code   190  tasks.o(i.xTaskGenericNotify)
    xTaskGenericNotifyFromISR                0x08003e29   Thumb Code   232  tasks.o(i.xTaskGenericNotifyFromISR)
    xTaskGetSchedulerState                   0x08003f19   Thumb Code    22  tasks.o(i.xTaskGetSchedulerState)
    xTaskIncrementTick                       0x08003f35   Thumb Code   192  tasks.o(i.xTaskIncrementTick)
    xTaskNotifyWait                          0x08003ffd   Thumb Code   130  tasks.o(i.xTaskNotifyWait)
    xTaskPriorityDisinherit                  0x08004089   Thumb Code   144  tasks.o(i.xTaskPriorityDisinherit)
    xTaskRemoveFromEventList                 0x08004121   Thumb Code   108  tasks.o(i.xTaskRemoveFromEventList)
    xTaskResumeAll                           0x08004195   Thumb Code   182  tasks.o(i.xTaskResumeAll)
    os_thread_def_timerThread                0x08004258   Data          20  main.o(.constdata)
    os_thread_def_keyTimerThread             0x0800426c   Data          20  main.o(.constdata)
    os_thread_def_fsmThread                  0x08004280   Data          20  main.o(.constdata)
    os_thread_def_buttonThread               0x08004294   Data          20  main.o(.constdata)
    os_thread_def_ledThread                  0x080042a8   Data          20  main.o(.constdata)
    AHBPrescTable                            0x080042d0   Data          16  system_stm32f4xx.o(.constdata)
    Region$$Table$$Base                      0x08004324   Number         0  anon$$obj.o(Region$$Table)
    Region$$Table$$Limit                     0x08004344   Number         0  anon$$obj.o(Region$$Table)
    pxCurrentTCB                             0x20000024   Data           4  tasks.o(.data)
    uwTick                                   0x20000060   Data           4  stm32f4xx_hal.o(.data)
    adcConversion                            0x20000064   Data           4  main.o(.data)
    buttonSignal                             0x20000068   Data           4  main.o(.data)
    displaySignal                            0x2000006c   Data           4  main.o(.data)
    sleepSignal                              0x20000070   Data           4  main.o(.data)
    rms_value                                0x20000074   Data           4  main.o(.data)
    keyValid                                 0x20000078   Data           4  main.o(.data)
    sleepKey                                 0x2000007c   Data           4  main.o(.data)
    restartKey                               0x20000080   Data           4  main.o(.data)
    holdCount                                0x20000084   Data           4  main.o(.data)
    sleepCount                               0x20000088   Data           4  main.o(.data)
    generalTimerThread                       0x20000094   Data           4  main.o(.data)
    keypadTimerThread                        0x20000098   Data           4  main.o(.data)
    stateThread                              0x2000009c   Data           4  main.o(.data)
    displayThread                            0x200000a0   Data           4  main.o(.data)
    keypadButtonThread                       0x200000a4   Data           4  main.o(.data)
    myBinarySem01Handle                      0x200000a8   Data           4  main.o(.data)
    keyboardButtonSemaphore                  0x200000ac   Data           4  main.o(.data)
    sleepSemaphore                           0x200000b0   Data           4  main.o(.data)
    buttonPressed                            0x200000b4   Data           4  main.o(.data)
    buttonPressedOld                         0x200000b8   Data           4  main.o(.data)
    key                                      0x200000bc   Data           4  main.o(.data)
    state                                    0x200000c0   Data           4  main.o(.data)
    mathInput                                0x200000c4   Data           4  main.o(.data)
    mathOutput                               0x200000c8   Data           4  main.o(.data)
    filterOutput                             0x200000cc   Data           4  main.o(.data)
    displaySwitchTrigger                     0x200000d0   Data           4  main.o(.data)
    ledPosition                              0x200000d4   Data           4  main.o(.data)
    controllerTarget                         0x200000d8   Data           4  main.o(.data)
    error                                    0x200000dc   Data           4  main.o(.data)
    pulseWidth                               0x200000e0   Data           4  main.o(.data)
    valueReturned                            0x200000e4   Data           4  main.o(.data)
    keypadMatrix                             0x200000e8   Data          48  main.o(.data)
    SystemCoreClock                          0x20000118   Data           4  system_stm32f4xx.o(.data)
    x                                        0x20003e10   Data          20  main.o(.bss)
    hadc1                                    0x20003e24   Data          72  main.o(.bss)
    htim3                                    0x20003e6c   Data          60  main.o(.bss)
    outputDigits                             0x20003ea8   Data          16  main.o(.bss)
    __initial_sp                             0x200042b8   Data           0  startup_stm32f407xx.o(STACK)



==============================================================================

Memory Map of the image

  Image Entry point : 0x08000189

  Load Region LR_IROM1 (Base: 0x08000000, Size: 0x00004464, Max: 0x00100000, ABSOLUTE)

    Execution Region ER_IROM1 (Exec base: 0x08000000, Load base: 0x08000000, Size: 0x00004344, Max: 0x00100000, ABSOLUTE)

    Exec Addr    Load Addr    Size         Type   Attr      Idx    E Section Name        Object

    0x08000000   0x08000000   0x00000188   Data   RO         3616    RESET               startup_stm32f407xx.o
    0x08000188   0x08000188   0x00000000   Code   RO         3671  * .ARM.Collect$$$$00000000  mc_w.l(entry.o)
    0x08000188   0x08000188   0x00000004   Code   RO         3694    .ARM.Collect$$$$00000001  mc_w.l(entry2.o)
    0x0800018c   0x0800018c   0x00000004   Code   RO         3697    .ARM.Collect$$$$00000004  mc_w.l(entry5.o)
    0x08000190   0x08000190   0x00000000   Code   RO         3699    .ARM.Collect$$$$00000008  mc_w.l(entry7b.o)
    0x08000190   0x08000190   0x00000000   Code   RO         3701    .ARM.Collect$$$$0000000A  mc_w.l(entry8b.o)
    0x08000190   0x08000190   0x00000008   Code   RO         3702    .ARM.Collect$$$$0000000B  mc_w.l(entry9a.o)
    0x08000198   0x08000198   0x00000000   Code   RO         3704    .ARM.Collect$$$$0000000D  mc_w.l(entry10a.o)
    0x08000198   0x08000198   0x00000000   Code   RO         3706    .ARM.Collect$$$$0000000F  mc_w.l(entry11a.o)
    0x08000198   0x08000198   0x00000004   Code   RO         3695    .ARM.Collect$$$$00002712  mc_w.l(entry2.o)
    0x0800019c   0x0800019c   0x000000ba   Code   RO          533    .emb_text           port.o
    0x08000256   0x08000256   0x00000002   PAD
    0x08000258   0x08000258   0x00000024   Code   RO         3617    .text               startup_stm32f407xx.o
    0x0800027c   0x0800027c   0x00000024   Code   RO         3674    .text               mc_w.l(memcpya.o)
    0x080002a0   0x080002a0   0x0000014e   Code   RO         3678    .text               mf_w.l(dadd.o)
    0x080003ee   0x080003ee   0x000000e4   Code   RO         3680    .text               mf_w.l(dmul.o)
    0x080004d2   0x080004d2   0x000000de   Code   RO         3682    .text               mf_w.l(ddiv.o)
    0x080005b0   0x080005b0   0x00000022   Code   RO         3684    .text               mf_w.l(dflti.o)
    0x080005d2   0x080005d2   0x00000026   Code   RO         3686    .text               mf_w.l(f2d.o)
    0x080005f8   0x080005f8   0x00000030   Code   RO         3688    .text               mf_w.l(cdcmple.o)
    0x08000628   0x08000628   0x00000030   Code   RO         3690    .text               mf_w.l(cdrcmple.o)
    0x08000658   0x08000658   0x00000038   Code   RO         3692    .text               mf_w.l(d2f.o)
    0x08000690   0x08000690   0x0000001e   Code   RO         3708    .text               mc_w.l(llshl.o)
    0x080006ae   0x080006ae   0x00000024   Code   RO         3710    .text               mc_w.l(llsshr.o)
    0x080006d2   0x080006d2   0x00000000   Code   RO         3719    .text               mc_w.l(iusefp.o)
    0x080006d2   0x080006d2   0x0000006e   Code   RO         3720    .text               mf_w.l(fepilogue.o)
    0x08000740   0x08000740   0x000000ba   Code   RO         3722    .text               mf_w.l(depilogue.o)
    0x080007fa   0x080007fa   0x000000a2   Code   RO         3724    .text               mf_w.l(dsqrt.o)
    0x0800089c   0x0800089c   0x00000024   Code   RO         3726    .text               mc_w.l(init.o)
    0x080008c0   0x080008c0   0x00000020   Code   RO         3728    .text               mc_w.l(llushr.o)
    0x080008e0   0x080008e0   0x0000000c   Code   RO         3384    i.ADC_IRQHandler    stm32f4xx_it.o
    0x080008ec   0x080008ec   0x0000012c   Code   RO         3106    i.ADC_Init          stm32f4xx_hal_adc.o
    0x08000a18   0x08000a18   0x0000006c   Code   RO         3433    i.FIR_C             main.o
    0x08000a84   0x08000a84   0x00000002   Code   RO         3277    i.HAL_ADCEx_InjectedConvCpltCallback  stm32f4xx_hal_adc_ex.o
    0x08000a86   0x08000a86   0x00000002   PAD
    0x08000a88   0x08000a88   0x0000014c   Code   RO         3108    i.HAL_ADC_ConfigChannel  stm32f4xx_hal_adc.o
    0x08000bd4   0x08000bd4   0x00000058   Code   RO         3434    i.HAL_ADC_ConvCpltCallback  main.o
    0x08000c2c   0x08000c2c   0x00000002   Code   RO         3112    i.HAL_ADC_ErrorCallback  stm32f4xx_hal_adc.o
    0x08000c2e   0x08000c2e   0x00000006   Code   RO         3115    i.HAL_ADC_GetValue  stm32f4xx_hal_adc.o
    0x08000c34   0x08000c34   0x0000013c   Code   RO         3116    i.HAL_ADC_IRQHandler  stm32f4xx_hal_adc.o
    0x08000d70   0x08000d70   0x00000054   Code   RO         3117    i.HAL_ADC_Init      stm32f4xx_hal_adc.o
    0x08000dc4   0x08000dc4   0x00000002   Code   RO         3118    i.HAL_ADC_LevelOutOfWindowCallback  stm32f4xx_hal_adc.o
    0x08000dc6   0x08000dc6   0x00000002   PAD
    0x08000dc8   0x08000dc8   0x00000054   Code   RO         3564    i.HAL_ADC_MspInit   stm32f4xx_hal_msp.o
    0x08000e1c   0x08000e1c   0x000000c8   Code   RO         3125    i.HAL_ADC_Start_IT  stm32f4xx_hal_adc.o
    0x08000ee4   0x08000ee4   0x0000003c   Code   RO         3126    i.HAL_ADC_Stop      stm32f4xx_hal_adc.o
    0x08000f20   0x08000f20   0x00000048   Code   RO         3128    i.HAL_ADC_Stop_IT   stm32f4xx_hal_adc.o
    0x08000f68   0x08000f68   0x000001b0   Code   RO         2839    i.HAL_GPIO_Init     stm32f4xx_hal_gpio.o
    0x08001118   0x08001118   0x0000000a   Code   RO         2841    i.HAL_GPIO_ReadPin  stm32f4xx_hal_gpio.o
    0x08001122   0x08001122   0x0000000a   Code   RO         2843    i.HAL_GPIO_WritePin  stm32f4xx_hal_gpio.o
    0x0800112c   0x0800112c   0x0000000c   Code   RO         1291    i.HAL_GetTick       stm32f4xx_hal.o
    0x08001138   0x08001138   0x00000010   Code   RO         1293    i.HAL_IncTick       stm32f4xx_hal.o
    0x08001148   0x08001148   0x00000034   Code   RO         1294    i.HAL_Init          stm32f4xx_hal.o
    0x0800117c   0x0800117c   0x00000028   Code   RO         1295    i.HAL_InitTick      stm32f4xx_hal.o
    0x080011a4   0x080011a4   0x00000058   Code   RO         3565    i.HAL_MspInit       stm32f4xx_hal_msp.o
    0x080011fc   0x080011fc   0x00000016   Code   RO         1616    i.HAL_NVIC_EnableIRQ  stm32f4xx_hal_cortex.o
    0x08001212   0x08001212   0x00000002   PAD
    0x08001214   0x08001214   0x00000040   Code   RO         1622    i.HAL_NVIC_SetPriority  stm32f4xx_hal_cortex.o
    0x08001254   0x08001254   0x00000024   Code   RO         1623    i.HAL_NVIC_SetPriorityGrouping  stm32f4xx_hal_cortex.o
    0x08001278   0x08001278   0x0000017c   Code   RO         1747    i.HAL_RCC_ClockConfig  stm32f4xx_hal_rcc.o
    0x080013f4   0x080013f4   0x0000000c   Code   RO         1752    i.HAL_RCC_GetHCLKFreq  stm32f4xx_hal_rcc.o
    0x08001400   0x08001400   0x00000070   Code   RO         1756    i.HAL_RCC_GetSysClockFreq  stm32f4xx_hal_rcc.o
    0x08001470   0x08001470   0x00000314   Code   RO         1759    i.HAL_RCC_OscConfig  stm32f4xx_hal_rcc.o
    0x08001784   0x08001784   0x00000018   Code   RO         1625    i.HAL_SYSTICK_CLKSourceConfig  stm32f4xx_hal_cortex.o
    0x0800179c   0x0800179c   0x00000028   Code   RO         1627    i.HAL_SYSTICK_Config  stm32f4xx_hal_cortex.o
    0x080017c4   0x080017c4   0x00000050   Code   RO         2614    i.HAL_TIMEx_MasterConfigSynchronization  stm32f4xx_hal_tim_ex.o
    0x08001814   0x08001814   0x00000036   Code   RO         1968    i.HAL_TIM_Base_Init  stm32f4xx_hal_tim.o
    0x0800184a   0x0800184a   0x00000002   PAD
    0x0800184c   0x0800184c   0x00000028   Code   RO         3567    i.HAL_TIM_Base_MspInit  stm32f4xx_hal_msp.o
    0x08001874   0x08001874   0x000000f2   Code   RO         1977    i.HAL_TIM_ConfigClockSource  stm32f4xx_hal_tim.o
    0x08001966   0x08001966   0x00000002   PAD
    0x08001968   0x08001968   0x00000030   Code   RO         3568    i.HAL_TIM_MspPostInit  stm32f4xx_hal_msp.o
    0x08001998   0x08001998   0x000000d0   Code   RO         2034    i.HAL_TIM_PWM_ConfigChannel  stm32f4xx_hal_tim.o
    0x08001a68   0x08001a68   0x00000036   Code   RO         2037    i.HAL_TIM_PWM_Init  stm32f4xx_hal_tim.o
    0x08001a9e   0x08001a9e   0x00000002   Code   RO         2039    i.HAL_TIM_PWM_MspInit  stm32f4xx_hal_tim.o
    0x08001aa0   0x08001aa0   0x00000038   Code   RO         2041    i.HAL_TIM_PWM_Start  stm32f4xx_hal_tim.o
    0x08001ad8   0x08001ad8   0x0000005c   Code   RO         2044    i.HAL_TIM_PWM_Stop  stm32f4xx_hal_tim.o
    0x08001b34   0x08001b34   0x00000058   Code   RO         3435    i.MX_ADC1_Init      main.o
    0x08001b8c   0x08001b8c   0x000001e8   Code   RO         3436    i.MX_GPIO_Init      main.o
    0x08001d74   0x08001d74   0x00000078   Code   RO         3437    i.MX_TIM3_Init      main.o
    0x08001dec   0x08001dec   0x00000020   Code   RO         1629    i.NVIC_SetPriority  stm32f4xx_hal_cortex.o
    0x08001e0c   0x08001e0c   0x0000000e   Code   RO         3385    i.SysTick_Handler   stm32f4xx_it.o
    0x08001e1a   0x08001e1a   0x00000002   PAD
    0x08001e1c   0x08001e1c   0x000000a0   Code   RO         3438    i.SystemClock_Config  main.o
    0x08001ebc   0x08001ebc   0x00000054   Code   RO         3625    i.SystemInit        system_stm32f4xx.o
    0x08001f10   0x08001f10   0x000000c0   Code   RO         2052    i.TIM_Base_SetConfig  stm32f4xx_hal_tim.o
    0x08001fd0   0x08001fd0   0x00000016   Code   RO         2053    i.TIM_CCxChannelCmd  stm32f4xx_hal_tim.o
    0x08001fe6   0x08001fe6   0x00000014   Code   RO         2059    i.TIM_ETR_SetConfig  stm32f4xx_hal_tim.o
    0x08001ffa   0x08001ffa   0x00000010   Code   RO         2060    i.TIM_ITRx_SetConfig  stm32f4xx_hal_tim.o
    0x0800200a   0x0800200a   0x00000002   PAD
    0x0800200c   0x0800200c   0x00000058   Code   RO         2061    i.TIM_OC1_SetConfig  stm32f4xx_hal_tim.o
    0x08002064   0x08002064   0x00000064   Code   RO         2062    i.TIM_OC2_SetConfig  stm32f4xx_hal_tim.o
    0x080020c8   0x080020c8   0x00000060   Code   RO         2063    i.TIM_OC3_SetConfig  stm32f4xx_hal_tim.o
    0x08002128   0x08002128   0x00000050   Code   RO         2064    i.TIM_OC4_SetConfig  stm32f4xx_hal_tim.o
    0x08002178   0x08002178   0x00000022   Code   RO         2066    i.TIM_TI1_ConfigInputStage  stm32f4xx_hal_tim.o
    0x0800219a   0x0800219a   0x00000024   Code   RO         2068    i.TIM_TI2_ConfigInputStage  stm32f4xx_hal_tim.o
    0x080021be   0x080021be   0x0000007a   Code   RO         3659    i.__hardfp_sqrt     m_wm.l(sqrt.o)
    0x08002238   0x08002238   0x0000000e   Code   RO         3732    i.__scatterload_copy  mc_w.l(handlers.o)
    0x08002246   0x08002246   0x00000002   Code   RO         3733    i.__scatterload_null  mc_w.l(handlers.o)
    0x08002248   0x08002248   0x0000000e   Code   RO         3734    i.__scatterload_zeroinit  mc_w.l(handlers.o)
    0x08002256   0x08002256   0x00000002   PAD
    0x08002258   0x08002258   0x0000000c   Code   RO         3714    i.__set_errno       mc_w.l(errno.o)
    0x08002264   0x08002264   0x00000044   Code   RO         3440    i.c_math            main.o
    0x080022a8   0x080022a8   0x00000038   Code   RO         3441    i.generalTimer      main.o
    0x080022e0   0x080022e0   0x00000120   Code   RO         3442    i.getKeypadValue    main.o
    0x08002400   0x08002400   0x0000000c   Code   RO          139    i.inHandlerMode     cmsis_os.o
    0x0800240c   0x0800240c   0x00000090   Code   RO         3443    i.keypadTimer       main.o
    0x0800249c   0x0800249c   0x000002f4   Code   RO         3444    i.ledDriver         main.o
    0x08002790   0x08002790   0x000000a0   Code   RO         3445    i.main              main.o
    0x08002830   0x08002830   0x0000000c   Code   RO          141    i.makeFreeRtosPriority  cmsis_os.o
    0x0800283c   0x0800283c   0x0000000e   Code   RO          143    i.osDelay           cmsis_os.o
    0x0800284a   0x0800284a   0x0000000a   Code   RO          146    i.osKernelStart     cmsis_os.o
    0x08002854   0x08002854   0x00000026   Code   RO          172    i.osSemaphoreCreate  cmsis_os.o
    0x0800287a   0x0800287a   0x00000002   PAD
    0x0800287c   0x0800287c   0x00000050   Code   RO          175    i.osSemaphoreRelease  cmsis_os.o
    0x080028cc   0x080028cc   0x00000068   Code   RO          176    i.osSemaphoreWait   cmsis_os.o
    0x08002934   0x08002934   0x0000005c   Code   RO          177    i.osSignalSet       cmsis_os.o
    0x08002990   0x08002990   0x00000056   Code   RO          178    i.osSignalWait      cmsis_os.o
    0x080029e6   0x080029e6   0x00000014   Code   RO          179    i.osSystickHandler  cmsis_os.o
    0x080029fa   0x080029fa   0x0000002e   Code   RO          180    i.osThreadCreate    cmsis_os.o
    0x08002a28   0x08002a28   0x00000070   Code   RO          697    i.prvAddCurrentTaskToDelayedList  tasks.o
    0x08002a98   0x08002a98   0x000000d0   Code   RO          698    i.prvAddNewTaskToReadyList  tasks.o
    0x08002b68   0x08002b68   0x00000050   Code   RO          699    i.prvCheckTasksWaitingTermination  tasks.o
    0x08002bb8   0x08002bb8   0x00000026   Code   RO          980    i.prvCopyDataFromQueue  queue.o
    0x08002bde   0x08002bde   0x0000006c   Code   RO          981    i.prvCopyDataToQueue  queue.o
    0x08002c4a   0x08002c4a   0x00000014   Code   RO          700    i.prvDeleteTCB      tasks.o
    0x08002c5e   0x08002c5e   0x00000002   PAD
    0x08002c60   0x08002c60   0x0000004c   Code   RO           76    i.prvHeapInit       heap_4.o
    0x08002cac   0x08002cac   0x00000028   Code   RO          701    i.prvIdleTask       tasks.o
    0x08002cd4   0x08002cd4   0x0000008e   Code   RO          702    i.prvInitialiseNewTask  tasks.o
    0x08002d62   0x08002d62   0x00000002   PAD
    0x08002d64   0x08002d64   0x0000004c   Code   RO           77    i.prvInsertBlockIntoFreeList  heap_4.o
    0x08002db0   0x08002db0   0x0000001c   Code   RO          982    i.prvIsQueueEmpty   queue.o
    0x08002dcc   0x08002dcc   0x00000020   Code   RO          703    i.prvResetNextTaskUnblockTime  tasks.o
    0x08002dec   0x08002dec   0x00000028   Code   RO          534    i.prvTaskExitError  port.o
    0x08002e14   0x08002e14   0x0000006a   Code   RO          983    i.prvUnlockQueue    queue.o
    0x08002e7e   0x08002e7e   0x00000002   PAD
    0x08002e80   0x08002e80   0x000000d8   Code   RO           78    i.pvPortMalloc      heap_4.o
    0x08002f58   0x08002f58   0x00000018   Code   RO          705    i.pvTaskIncrementMutexHeldCount  tasks.o
    0x08002f70   0x08002f70   0x00000114   Code   RO         3446    i.pwmController     main.o
    0x08003084   0x08003084   0x0000002c   Code   RO         3447    i.pwmSetValue       main.o
    0x080030b0   0x080030b0   0x0000002c   Code   RO          535    i.pxPortInitialiseStack  port.o
    0x080030dc   0x080030dc   0x000001b4   Code   RO         3448    i.stateController   main.o
    0x08003290   0x08003290   0x00000024   Code   RO            1    i.uxListRemove      list.o
    0x080032b4   0x080032b4   0x00000016   Code   RO            2    i.vListInitialise   list.o
    0x080032ca   0x080032ca   0x00000006   Code   RO            3    i.vListInitialiseItem  list.o
    0x080032d0   0x080032d0   0x00000030   Code   RO            4    i.vListInsert       list.o
    0x08003300   0x08003300   0x00000018   Code   RO            5    i.vListInsertEnd    list.o
    0x08003318   0x08003318   0x00000040   Code   RO          537    i.vPortEnterCritical  port.o
    0x08003358   0x08003358   0x00000028   Code   RO          538    i.vPortExitCritical  port.o
    0x08003380   0x08003380   0x0000005c   Code   RO           79    i.vPortFree         heap_4.o
    0x080033dc   0x080033dc   0x00000020   Code   RO          539    i.vPortSetupTimerInterrupt  port.o
    0x080033fc   0x080033fc   0x00000054   Code   RO          540    i.vPortValidateInterruptPriority  port.o
    0x08003450   0x08003450   0x0000004c   Code   RO          711    i.vTaskDelay        tasks.o
    0x0800349c   0x0800349c   0x0000000c   Code   RO          714    i.vTaskMissedYield  tasks.o
    0x080034a8   0x080034a8   0x00000030   Code   RO          716    i.vTaskPlaceOnEventList  tasks.o
    0x080034d8   0x080034d8   0x00000084   Code   RO          718    i.vTaskPriorityInherit  tasks.o
    0x0800355c   0x0800355c   0x00000024   Code   RO          721    i.vTaskSetTimeOutState  tasks.o
    0x08003580   0x08003580   0x00000068   Code   RO          722    i.vTaskStartScheduler  tasks.o
    0x080035e8   0x080035e8   0x00000010   Code   RO          724    i.vTaskSuspendAll   tasks.o
    0x080035f8   0x080035f8   0x0000005c   Code   RO          725    i.vTaskSwitchContext  tasks.o
    0x08003654   0x08003654   0x00000064   Code   RO         3449    i.valueParse        main.o
    0x080036b8   0x080036b8   0x000000e0   Code   RO          541    i.xPortStartScheduler  port.o
    0x08003798   0x08003798   0x0000002c   Code   RO          542    i.xPortSysTickHandler  port.o
    0x080037c4   0x080037c4   0x00000048   Code   RO          991    i.xQueueGenericCreate  queue.o
    0x0800380c   0x0800380c   0x0000016c   Code   RO          992    i.xQueueGenericReceive  queue.o
    0x08003978   0x08003978   0x00000088   Code   RO          993    i.xQueueGenericReset  queue.o
    0x08003a00   0x08003a00   0x00000160   Code   RO          994    i.xQueueGenericSend  queue.o
    0x08003b60   0x08003b60   0x0000009c   Code   RO          996    i.xQueueGiveFromISR  queue.o
    0x08003bfc   0x08003bfc   0x0000009a   Code   RO         1000    i.xQueueReceiveFromISR  queue.o
    0x08003c96   0x08003c96   0x00000002   PAD
    0x08003c98   0x08003c98   0x0000006c   Code   RO          726    i.xTaskCheckForTimeOut  tasks.o
    0x08003d04   0x08003d04   0x00000056   Code   RO          727    i.xTaskCreate       tasks.o
    0x08003d5a   0x08003d5a   0x00000002   PAD
    0x08003d5c   0x08003d5c   0x000000cc   Code   RO          728    i.xTaskGenericNotify  tasks.o
    0x08003e28   0x08003e28   0x000000f0   Code   RO          729    i.xTaskGenericNotifyFromISR  tasks.o
    0x08003f18   0x08003f18   0x0000001c   Code   RO          731    i.xTaskGetSchedulerState  tasks.o
    0x08003f34   0x08003f34   0x000000c8   Code   RO          734    i.xTaskIncrementTick  tasks.o
    0x08003ffc   0x08003ffc   0x0000008c   Code   RO          736    i.xTaskNotifyWait   tasks.o
    0x08004088   0x08004088   0x00000098   Code   RO          737    i.xTaskPriorityDisinherit  tasks.o
    0x08004120   0x08004120   0x00000074   Code   RO          738    i.xTaskRemoveFromEventList  tasks.o
    0x08004194   0x08004194   0x000000c4   Code   RO          740    i.xTaskResumeAll    tasks.o
    0x08004258   0x08004258   0x00000078   Data   RO         3451    .constdata          main.o
    0x080042d0   0x080042d0   0x00000010   Data   RO         3626    .constdata          system_stm32f4xx.o
    0x080042e0   0x080042e0   0x00000044   Data   RO         3452    .conststring        main.o
    0x08004324   0x08004324   0x00000020   Data   RO         3730    Region$$Table       anon$$obj.o


    Execution Region RW_IRAM1 (Exec base: 0x20000000, Load base: 0x08004344, Size: 0x000042b8, Max: 0x00020000, ABSOLUTE)

    Exec Addr    Load Addr    Size         Type   Attr      Idx    E Section Name        Object

    0x20000000   0x08004344   0x00000018   Data   RW           84    .data               heap_4.o
    0x20000018   0x0800435c   0x0000000c   Data   RW          543    .data               port.o
    0x20000024   0x08004368   0x0000003c   Data   RW          743    .data               tasks.o
    0x20000060   0x080043a4   0x00000004   Data   RW         1300    .data               stm32f4xx_hal.o
    0x20000064   0x080043a8   0x000000b4   Data   RW         3453    .data               main.o
    0x20000118   0x0800445c   0x00000004   Data   RW         3628    .data               system_stm32f4xx.o
    0x2000011c   0x08004460   0x00000004   Data   RW         3715    .data               mc_w.l(errno.o)
    0x20000120        -       0x00003c00   Zero   RW           83    .bss                heap_4.o
    0x20003d20        -       0x000000f0   Zero   RW          742    .bss                tasks.o
    0x20003e10        -       0x000000a8   Zero   RW         3450    .bss                main.o
    0x20003eb8        -       0x00000400   Zero   RW         3614    STACK               startup_stm32f407xx.o


==============================================================================

Image component sizes


      Code (inc. data)   RO Data    RW Data    ZI Data      Debug   Object Name

       514         16          0          0          0      27028   cmsis_os.o
         0          0          0          0          0       8136   event_groups.o
       460         24          0         24      15360       7539   heap_4.o
       136          0          0          0          0      17134   list.o
      3380        216        188        180        168      14682   main.o
       758         84          0         12          0      12241   port.o
      1514         14          0          0          0      13937   queue.o
        36          8        392          0       1024        832   startup_stm32f407xx.o
       120         22          0          4          0       3999   stm32f4xx_hal.o
      1374         48          0          0          0       8150   stm32f4xx_hal_adc.o
         2          0          0          0          0       1077   stm32f4xx_hal_adc_ex.o
       218         14          0          0          0      31237   stm32f4xx_hal_cortex.o
         0          0          0          0          0     680956   stm32f4xx_hal_flash_ramfunc.o
       452         44          0          0          0       3195   stm32f4xx_hal_gpio.o
       260         32          0          0          0       2853   stm32f4xx_hal_msp.o
      1292         48          0          0          0       4614   stm32f4xx_hal_rcc.o
      1392         96          0          0          0      13737   stm32f4xx_hal_tim.o
        80          0          0          0          0       1348   stm32f4xx_hal_tim_ex.o
        26          6          0          0          0       4499   stm32f4xx_it.o
        84         18         16          4          0       1243   system_stm32f4xx.o
      2644        216          0         60        240      27148   tasks.o
         0          0          0          0          0       2880   timers.o

    ----------------------------------------------------------------------
     14770        906        628        284      16792     888465   Object Totals
         0          0         32          0          0          0   (incl. Generated)
        28          0          0          0          0          0   (incl. Padding)

    ----------------------------------------------------------------------

      Code (inc. data)   RO Data    RW Data    ZI Data      Debug   Library Member Name

       122          0          0          0          0        148   sqrt.o
         0          0          0          0          0          0   entry.o
         0          0          0          0          0          0   entry10a.o
         0          0          0          0          0          0   entry11a.o
         8          4          0          0          0          0   entry2.o
         4          0          0          0          0          0   entry5.o
         0          0          0          0          0          0   entry7b.o
         0          0          0          0          0          0   entry8b.o
         8          4          0          0          0          0   entry9a.o
        12          6          0          4          0         68   errno.o
        30          0          0          0          0          0   handlers.o
        36          8          0          0          0         68   init.o
         0          0          0          0          0          0   iusefp.o
        30          0          0          0          0         68   llshl.o
        36          0          0          0          0         68   llsshr.o
        32          0          0          0          0         68   llushr.o
        36          0          0          0          0         68   memcpya.o
        48          0          0          0          0         68   cdcmple.o
        48          0          0          0          0         68   cdrcmple.o
        56          0          0          0          0         88   d2f.o
       334          0          0          0          0        148   dadd.o
       222          0          0          0          0        100   ddiv.o
       186          0          0          0          0        176   depilogue.o
        34          0          0          0          0         76   dflti.o
       228          0          0          0          0         96   dmul.o
       162          0          0          0          0        100   dsqrt.o
        38          0          0          0          0         68   f2d.o
       110          0          0          0          0        168   fepilogue.o

    ----------------------------------------------------------------------
      1822         22          0          4          0       1712   Library Totals
         2          0          0          0          0          0   (incl. Padding)

    ----------------------------------------------------------------------

      Code (inc. data)   RO Data    RW Data    ZI Data      Debug   Library Name

       122          0          0          0          0        148   m_wm.l
       232         22          0          4          0        408   mc_w.l
      1466          0          0          0          0       1156   mf_w.l

    ----------------------------------------------------------------------
      1822         22          0          4          0       1712   Library Totals

    ----------------------------------------------------------------------

==============================================================================


      Code (inc. data)   RO Data    RW Data    ZI Data      Debug   

     16592        928        628        288      16792     876953   Grand Totals
     16592        928        628        288      16792     876953   ELF Image Totals
     16592        928        628        288          0          0   ROM Totals

==============================================================================

    Total RO  Size (Code + RO Data)                17220 (  16.82kB)
    Total RW  Size (RW Data + ZI Data)             17080 (  16.68kB)
    Total ROM Size (Code + RO Data + RW Data)      17508 (  17.10kB)

==============================================================================

